Archive member included to satisfy reference by file (symbol)

c:/program files (x86)/atmel/studio/7.0/toolchain/arm/arm-gnu-toolchain/bin/../lib/gcc/arm-none-eabi/5.3.1/../../../../arm-none-eabi/lib/armv7e-m\libc.a(lib_a-exit.o)
                              c:/program files (x86)/atmel/studio/7.0/toolchain/arm/arm-gnu-toolchain/bin/../lib/gcc/arm-none-eabi/5.3.1/../../../../arm-none-eabi/lib/armv7e-m/crt0.o (exit)
c:/program files (x86)/atmel/studio/7.0/toolchain/arm/arm-gnu-toolchain/bin/../lib/gcc/arm-none-eabi/5.3.1/../../../../arm-none-eabi/lib/armv7e-m\libc.a(lib_a-impure.o)
                              c:/program files (x86)/atmel/studio/7.0/toolchain/arm/arm-gnu-toolchain/bin/../lib/gcc/arm-none-eabi/5.3.1/../../../../arm-none-eabi/lib/armv7e-m\libc.a(lib_a-exit.o) (_global_impure_ptr)
c:/program files (x86)/atmel/studio/7.0/toolchain/arm/arm-gnu-toolchain/bin/../lib/gcc/arm-none-eabi/5.3.1/../../../../arm-none-eabi/lib/armv7e-m\libc.a(lib_a-init.o)
                              c:/program files (x86)/atmel/studio/7.0/toolchain/arm/arm-gnu-toolchain/bin/../lib/gcc/arm-none-eabi/5.3.1/../../../../arm-none-eabi/lib/armv7e-m/crt0.o (__libc_init_array)
c:/program files (x86)/atmel/studio/7.0/toolchain/arm/arm-gnu-toolchain/bin/../lib/gcc/arm-none-eabi/5.3.1/../../../../arm-none-eabi/lib/armv7e-m\libc.a(lib_a-iprintf.o)
                              src/main.o (iprintf)
c:/program files (x86)/atmel/studio/7.0/toolchain/arm/arm-gnu-toolchain/bin/../lib/gcc/arm-none-eabi/5.3.1/../../../../arm-none-eabi/lib/armv7e-m\libc.a(lib_a-memset.o)
                              c:/program files (x86)/atmel/studio/7.0/toolchain/arm/arm-gnu-toolchain/bin/../lib/gcc/arm-none-eabi/5.3.1/../../../../arm-none-eabi/lib/armv7e-m/crt0.o (memset)
c:/program files (x86)/atmel/studio/7.0/toolchain/arm/arm-gnu-toolchain/bin/../lib/gcc/arm-none-eabi/5.3.1/../../../../arm-none-eabi/lib/armv7e-m\libc.a(lib_a-puts.o)
                              src/main.o (puts)
c:/program files (x86)/atmel/studio/7.0/toolchain/arm/arm-gnu-toolchain/bin/../lib/gcc/arm-none-eabi/5.3.1/../../../../arm-none-eabi/lib/armv7e-m\libc.a(lib_a-setbuf.o)
                              src/main.o (setbuf)
c:/program files (x86)/atmel/studio/7.0/toolchain/arm/arm-gnu-toolchain/bin/../lib/gcc/arm-none-eabi/5.3.1/../../../../arm-none-eabi/lib/armv7e-m\libc.a(lib_a-setvbuf.o)
                              c:/program files (x86)/atmel/studio/7.0/toolchain/arm/arm-gnu-toolchain/bin/../lib/gcc/arm-none-eabi/5.3.1/../../../../arm-none-eabi/lib/armv7e-m\libc.a(lib_a-setbuf.o) (setvbuf)
c:/program files (x86)/atmel/studio/7.0/toolchain/arm/arm-gnu-toolchain/bin/../lib/gcc/arm-none-eabi/5.3.1/../../../../arm-none-eabi/lib/armv7e-m\libc.a(lib_a-strlen.o)
                              c:/program files (x86)/atmel/studio/7.0/toolchain/arm/arm-gnu-toolchain/bin/../lib/gcc/arm-none-eabi/5.3.1/../../../../arm-none-eabi/lib/armv7e-m\libc.a(lib_a-puts.o) (strlen)
c:/program files (x86)/atmel/studio/7.0/toolchain/arm/arm-gnu-toolchain/bin/../lib/gcc/arm-none-eabi/5.3.1/../../../../arm-none-eabi/lib/armv7e-m\libc.a(lib_a-vfiprintf.o)
                              c:/program files (x86)/atmel/studio/7.0/toolchain/arm/arm-gnu-toolchain/bin/../lib/gcc/arm-none-eabi/5.3.1/../../../../arm-none-eabi/lib/armv7e-m\libc.a(lib_a-iprintf.o) (_vfiprintf_r)
c:/program files (x86)/atmel/studio/7.0/toolchain/arm/arm-gnu-toolchain/bin/../lib/gcc/arm-none-eabi/5.3.1/../../../../arm-none-eabi/lib/armv7e-m\libc.a(lib_a-wsetup.o)
                              c:/program files (x86)/atmel/studio/7.0/toolchain/arm/arm-gnu-toolchain/bin/../lib/gcc/arm-none-eabi/5.3.1/../../../../arm-none-eabi/lib/armv7e-m\libc.a(lib_a-vfiprintf.o) (__swsetup_r)
c:/program files (x86)/atmel/studio/7.0/toolchain/arm/arm-gnu-toolchain/bin/../lib/gcc/arm-none-eabi/5.3.1/../../../../arm-none-eabi/lib/armv7e-m\libc.a(lib_a-__call_atexit.o)
                              c:/program files (x86)/atmel/studio/7.0/toolchain/arm/arm-gnu-toolchain/bin/../lib/gcc/arm-none-eabi/5.3.1/../../../../arm-none-eabi/lib/armv7e-m\libc.a(lib_a-exit.o) (__call_exitprocs)
c:/program files (x86)/atmel/studio/7.0/toolchain/arm/arm-gnu-toolchain/bin/../lib/gcc/arm-none-eabi/5.3.1/../../../../arm-none-eabi/lib/armv7e-m\libc.a(lib_a-atexit.o)
                              c:/program files (x86)/atmel/studio/7.0/toolchain/arm/arm-gnu-toolchain/bin/../lib/gcc/arm-none-eabi/5.3.1/../../../../arm-none-eabi/lib/armv7e-m\libc.a(lib_a-__call_atexit.o) (atexit)
c:/program files (x86)/atmel/studio/7.0/toolchain/arm/arm-gnu-toolchain/bin/../lib/gcc/arm-none-eabi/5.3.1/../../../../arm-none-eabi/lib/armv7e-m\libc.a(lib_a-fflush.o)
                              c:/program files (x86)/atmel/studio/7.0/toolchain/arm/arm-gnu-toolchain/bin/../lib/gcc/arm-none-eabi/5.3.1/../../../../arm-none-eabi/lib/armv7e-m\libc.a(lib_a-setvbuf.o) (_fflush_r)
[...]
Memory Configuration

Name             Origin             Length             Attributes
rom              0x00400000         0x00200000         xr
ram              0x20400000         0x00060000         xrw
*default*        0x00000000         0xffffffff

Linker script and memory map

LOAD c:/program files (x86)/atmel/studio/7.0/toolchain/arm/arm-gnu-toolchain/bin/../lib/gcc/arm-none-eabi/5.3.1/armv7e-m/crti.o
LOAD c:/program files (x86)/atmel/studio/7.0/toolchain/arm/arm-gnu-toolchain/bin/../lib/gcc/arm-none-eabi/5.3.1/armv7e-m/crtbegin.o
LOAD c:/program files (x86)/atmel/studio/7.0/toolchain/arm/arm-gnu-toolchain/bin/../lib/gcc/arm-none-eabi/5.3.1/../../../../arm-none-eabi/lib/armv7e-m/crt0.o
LOAD src/main.o
LOAD src/ASF/common/services/delay/sam/cycle_counter.o
LOAD src/ASF/sam/drivers/rtc/rtc.o
LOAD src/ASF/sam/drivers/tc/tc.o
LOAD src/ASF/common/services/clock/same70/sysclk.o
LOAD src/ASF/common/services/serial/usart_serial.o
LOAD src/ASF/common/services/sleepmgr/sam/sleepmgr.o
LOAD src/ASF/common/utils/interrupt/interrupt_sam_nvic.o
LOAD src/ASF/common/utils/stdio/read.o
LOAD src/ASF/common/utils/stdio/write.o
LOAD src/ASF/sam/boards/same70_xplained/init.o
LOAD src/ASF/sam/drivers/afec/afec.o
LOAD src/ASF/sam/drivers/mpu/mpu.o
LOAD src/ASF/sam/drivers/pio/pio.o
LOAD src/ASF/sam/drivers/pio/pio_handler.o
LOAD src/ASF/sam/drivers/pmc/pmc.o
LOAD src/ASF/sam/drivers/pmc/sleep.o
LOAD src/ASF/sam/drivers/uart/uart.o
LOAD src/ASF/sam/drivers/usart/usart.o
LOAD src/ASF/sam/utils/cmsis/same70/source/templates/gcc/startup_same70.o
LOAD src/ASF/sam/utils/cmsis/same70/source/templates/system_same70.o
LOAD src/ASF/sam/utils/syscalls/gcc/syscalls.o
START GROUP
LOAD ../src/ASF/thirdparty/CMSIS/Lib/GCC\libarm_cortexM7lfsp_math_softfp.a
LOAD c:/program files (x86)/atmel/studio/7.0/toolchain/arm/arm-gnu-toolchain/bin/../lib/gcc/arm-none-eabi/5.3.1/../../../../arm-none-eabi/lib/armv7e-m\libm.a
END GROUP
START GROUP
LOAD c:/program files (x86)/atmel/studio/7.0/toolchain/arm/arm-gnu-toolchain/bin/../lib/gcc/arm-none-eabi/5.3.1/armv7e-m\libgcc.a
LOAD c:/program files (x86)/atmel/studio/7.0/toolchain/arm/arm-gnu-toolchain/bin/../lib/gcc/arm-none-eabi/5.3.1/../../../../arm-none-eabi/lib/armv7e-m\libc.a
END GROUP
LOAD c:/program files (x86)/atmel/studio/7.0/toolchain/arm/arm-gnu-toolchain/bin/../lib/gcc/arm-none-eabi/5.3.1/armv7e-m/crtend.o
LOAD c:/program files (x86)/atmel/studio/7.0/toolchain/arm/arm-gnu-toolchain/bin/../lib/gcc/arm-none-eabi/5.3.1/armv7e-m/crtn.o
                0x00002000                STACK_SIZE = DEFINED (STACK_SIZE)?STACK_SIZE:0x2000
                0x2045fffc                __ram_end__ = ((ORIGIN (ram) + LENGTH (ram)) - 0x4)
                0x00000200                HEAP_SIZE = DEFINED (HEAP_SIZE)?HEAP_SIZE:0x200

.text           0x00400000     0x4858
                0x00400000                . = ALIGN (0x4)
                0x00400000                _sfixed = .
 *(.vectors .vectors.*)
 .vectors       0x00400000      0x140 src/ASF/sam/utils/cmsis/same70/source/templates/gcc/startup_same70.o
                0x00400000                exception_table
 *(.text .text.* .gnu.linkonce.t.*)
 .text          0x00400140       0x5c c:/program files (x86)/atmel/studio/7.0/toolchain/arm/arm-gnu-toolchain/bin/../lib/gcc/arm-none-eabi/5.3.1/armv7e-m/crtbegin.o
 .text.AFEC_Temp_callback
                0x0040019c       0x20 src/main.o
 .text.usart_serial_getchar
                0x004001bc       0xd8 src/main.o
 .text.usart_serial_putchar
                0x00400294       0xd4 src/main.o
 .text.TC_init  0x00400368       0x94 src/main.o
                0x00400368                TC_init
 .text.TC0_Handler
                0x004003fc       0xcc src/main.o
                0x004003fc                TC0_Handler
 .text.RTC_init
                0x004004c8       0x4c src/main.o
                0x004004c8                RTC_init
 .text.main     0x00400514      0x1a8 src/main.o
                0x00400514                main
 .text.rtc_set_hour_mode
                0x004006bc       0x18 src/ASF/sam/drivers/rtc/rtc.o
                0x004006bc                rtc_set_hour_mode
 .text.rtc_get_time
                0x004006d4       0x5c src/ASF/sam/drivers/rtc/rtc.o
                0x004006d4                rtc_get_time
 .text.rtc_set_time
                0x00400730       0x90 src/ASF/sam/drivers/rtc/rtc.o
                0x00400730                rtc_set_time
 .text.rtc_set_time_alarm
                0x004007c0       0x98 src/ASF/sam/drivers/rtc/rtc.o
                0x004007c0                rtc_set_time_alarm
 .text.rtc_get_date
                0x00400858       0x74 src/ASF/sam/drivers/rtc/rtc.o
                0x00400858                rtc_get_date
 .text.rtc_set_date
                0x004008cc       0xb8 src/ASF/sam/drivers/rtc/rtc.o
                0x004008cc                rtc_set_date
 .text.rtc_set_date_alarm
                0x00400984       0x64 src/ASF/sam/drivers/rtc/rtc.o
                0x00400984                rtc_set_date_alarm
 .text.tc_init  0x004009e8       0x1c src/ASF/sam/drivers/tc/tc.o
                0x004009e8                tc_init
 .text.tc_start
                0x00400a04        0x8 src/ASF/sam/drivers/tc/tc.o
                0x00400a04                tc_start
 .text.tc_write_rc
                0x00400a0c        0x8 src/ASF/sam/drivers/tc/tc.o
                0x00400a0c                tc_write_rc
 .text.tc_enable_interrupt
                0x00400a14        0x8 src/ASF/sam/drivers/tc/tc.o
                0x00400a14                tc_enable_interrupt
 .text.tc_get_status
                0x00400a1c        0x8 src/ASF/sam/drivers/tc/tc.o
                0x00400a1c                tc_get_status
 .text.tc_find_mck_divisor
                0x00400a24       0x74 src/ASF/sam/drivers/tc/tc.o
                0x00400a24                tc_find_mck_divisor
 .text.sysclk_init
                0x00400a98       0x70 src/ASF/common/services/clock/same70/sysclk.o
                0x00400a98                sysclk_init
 .text._read    0x00400b08       0x3c src/ASF/common/utils/stdio/read.o
                0x00400b08                _read
 .text._write   0x00400b44       0x50 src/ASF/common/utils/stdio/write.o
                0x00400b44                _write
 .text.board_init
                0x00400b94      0x184 src/ASF/sam/boards/same70_xplained/init.o
                0x00400b94                board_init
 .text.afec_process_callback
                0x00400d18       0x80 src/ASF/sam/drivers/afec/afec.o
 .text.afec_ch_set_config
                0x00400d98       0x30 src/ASF/sam/drivers/afec/afec.o
                0x00400d98                afec_ch_set_config
 .text.afec_temp_sensor_set_config
                0x00400dc8       0x14 src/ASF/sam/drivers/afec/afec.o
                0x00400dc8                afec_temp_sensor_set_config
 .text.afec_get_config_defaults
                0x00400ddc       0x30 src/ASF/sam/drivers/afec/afec.o
                0x00400ddc                afec_get_config_defaults
 .text.afec_ch_get_config_defaults
                0x00400e0c        0xc src/ASF/sam/drivers/afec/afec.o
                0x00400e0c                afec_ch_get_config_defaults
 .text.afec_temp_sensor_get_config_defaults
                0x00400e18       0x14 src/ASF/sam/drivers/afec/afec.o
                0x00400e18                afec_temp_sensor_get_config_defaults
 .text.afec_init
                0x00400e2c       0xc8 src/ASF/sam/drivers/afec/afec.o
                0x00400e2c                afec_init
 .text.afec_enable_interrupt
                0x00400ef4       0x38 src/ASF/sam/drivers/afec/afec.o
                0x00400ef4                afec_enable_interrupt
 .text.afec_set_callback
                0x00400f2c       0x58 src/ASF/sam/drivers/afec/afec.o
                0x00400f2c                afec_set_callback
 .text.AFEC0_Handler
                0x00400f84       0x14 src/ASF/sam/drivers/afec/afec.o
                0x00400f84                AFEC0_Handler
 .text.AFEC1_Handler
                0x00400f98       0x14 src/ASF/sam/drivers/afec/afec.o
                0x00400f98                AFEC1_Handler
 .text.afec_enable
                0x00400fac       0x64 src/ASF/sam/drivers/afec/afec.o
                0x00400fac                afec_enable
 .text.pio_get_interrupt_status
                0x00401010        0x4 src/ASF/sam/drivers/pio/pio.o
                0x00401010                pio_get_interrupt_status
 .text.pio_get_interrupt_mask
                0x00401014        0x4 src/ASF/sam/drivers/pio/pio.o
                0x00401014                pio_get_interrupt_mask
 .text.pio_handler_process
                0x00401018       0x50 src/ASF/sam/drivers/pio/pio_handler.o
                0x00401018                pio_handler_process
 .text.PIOA_Handler
                0x00401068       0x14 src/ASF/sam/drivers/pio/pio_handler.o
                0x00401068                PIOA_Handler
 .text.PIOB_Handler
                0x0040107c       0x14 src/ASF/sam/drivers/pio/pio_handler.o
                0x0040107c                PIOB_Handler
 .text.PIOC_Handler
                0x00401090       0x14 src/ASF/sam/drivers/pio/pio_handler.o
                0x00401090                PIOC_Handler
 .text.PIOD_Handler
                0x004010a4       0x14 src/ASF/sam/drivers/pio/pio_handler.o
                0x004010a4                PIOD_Handler
 .text.PIOE_Handler
                0x004010b8       0x14 src/ASF/sam/drivers/pio/pio_handler.o
                0x004010b8                PIOE_Handler
 .text.pmc_mck_set_division
                0x004010cc       0x3c src/ASF/sam/drivers/pmc/pmc.o
                0x004010cc                pmc_mck_set_division
 .text.pmc_switch_mck_to_pllack
                0x00401108       0x68 src/ASF/sam/drivers/pmc/pmc.o
                0x00401108                pmc_switch_mck_to_pllack
 .text.pmc_switch_mainck_to_xtal
                0x00401170       0x54 src/ASF/sam/drivers/pmc/pmc.o
                0x00401170                pmc_switch_mainck_to_xtal
 .text.pmc_osc_is_ready_mainck
                0x004011c4       0x10 src/ASF/sam/drivers/pmc/pmc.o
                0x004011c4                pmc_osc_is_ready_mainck
 .text.pmc_disable_pllack
                0x004011d4       0x10 src/ASF/sam/drivers/pmc/pmc.o
                0x004011d4                pmc_disable_pllack
 .text.pmc_is_locked_pllack
                0x004011e4       0x10 src/ASF/sam/drivers/pmc/pmc.o
                0x004011e4                pmc_is_locked_pllack
 .text.pmc_enable_periph_clk
                0x004011f4       0x54 src/ASF/sam/drivers/pmc/pmc.o
                0x004011f4                pmc_enable_periph_clk
 .text.uart_write
                0x00401248       0x14 src/ASF/sam/drivers/uart/uart.o
                0x00401248                uart_write
 .text.uart_read
                0x0040125c       0x14 src/ASF/sam/drivers/uart/uart.o
                0x0040125c                uart_read
 .text.usart_set_async_baudrate
                0x00401270       0x60 src/ASF/sam/drivers/usart/usart.o
                0x00401270                usart_set_async_baudrate
 .text.usart_reset
                0x004012d0       0x28 src/ASF/sam/drivers/usart/usart.o
                0x004012d0                usart_reset
 .text.usart_init_rs232
                0x004012f8       0x54 src/ASF/sam/drivers/usart/usart.o
                0x004012f8                usart_init_rs232
 .text.usart_enable_tx
                0x0040134c        0x8 src/ASF/sam/drivers/usart/usart.o
                0x0040134c                usart_enable_tx
 .text.usart_enable_rx
                0x00401354        0x8 src/ASF/sam/drivers/usart/usart.o
                0x00401354                usart_enable_rx
 .text.usart_write
                0x0040135c       0x18 src/ASF/sam/drivers/usart/usart.o
                0x0040135c                usart_write
 .text.usart_read
                0x00401374       0x18 src/ASF/sam/drivers/usart/usart.o
                0x00401374                usart_read
 .text.Dummy_Handler
                0x0040138c        0x4 src/ASF/sam/utils/cmsis/same70/source/templates/gcc/startup_same70.o
                0x0040138c                DACC_Handler
                0x0040138c                DebugMon_Handler
                0x0040138c                UART3_Handler
                0x0040138c                UART2_Handler
                0x0040138c                TRNG_Handler
                0x0040138c                HardFault_Handler
                0x0040138c                TC2_Handler
                0x0040138c                SysTick_Handler
                0x0040138c                PendSV_Handler
                0x0040138c                NMI_Handler
                0x0040138c                TC7_Handler
                0x0040138c                QSPI_Handler
                0x0040138c                ISI_Handler
                0x0040138c                TC9_Handler
                0x0040138c                RSWDT_Handler
                0x0040138c                MCAN1_Handler
                0x0040138c                USART0_Handler
                0x0040138c                RTT_Handler
                0x0040138c                USBHS_Handler
                0x0040138c                RTC_Handler
                0x0040138c                UsageFault_Handler
                0x0040138c                TC6_Handler
                0x0040138c                WDT_Handler
                0x0040138c                TC4_Handler
                0x0040138c                TC1_Handler
                0x0040138c                HSMCI_Handler
                0x0040138c                UART1_Handler
                0x0040138c                TC3_Handler
                0x0040138c                Dummy_Handler
                0x0040138c                TWIHS1_Handler
                0x0040138c                XDMAC_Handler
                0x0040138c                UART4_Handler
                0x0040138c                PWM1_Handler
                0x0040138c                USART1_Handler
                0x0040138c                PWM0_Handler
                0x0040138c                SSC_Handler
                0x0040138c                TC11_Handler
                0x0040138c                ACC_Handler
                0x0040138c                PMC_Handler
                0x0040138c                GMAC_Handler
                0x0040138c                MemManage_Handler
                0x0040138c                SUPC_Handler
                0x0040138c                SVC_Handler
                0x0040138c                TC8_Handler
                0x0040138c                EFC_Handler
                0x0040138c                USART2_Handler
                0x0040138c                SDRAMC_Handler
                0x0040138c                SPI1_Handler
                0x0040138c                MCAN0_Handler
                0x0040138c                TC10_Handler
                0x0040138c                TWIHS2_Handler
                0x0040138c                UART0_Handler
                0x0040138c                BusFault_Handler
                0x0040138c                RSTC_Handler
                0x0040138c                TC5_Handler
                0x0040138c                ICM_Handler
                0x0040138c                AES_Handler
                0x0040138c                TWIHS0_Handler
                0x0040138c                SPI0_Handler
 .text.Reset_Handler
                0x00401390       0xdc src/ASF/sam/utils/cmsis/same70/source/templates/gcc/startup_same70.o
                0x00401390                Reset_Handler
 .text.SystemCoreClockUpdate
                0x0040146c      0x110 src/ASF/sam/utils/cmsis/same70/source/templates/system_same70.o
                0x0040146c                SystemCoreClockUpdate
 .text.system_init_flash
                0x0040157c       0x8c src/ASF/sam/utils/cmsis/same70/source/templates/system_same70.o
                0x0040157c                system_init_flash
 .text._sbrk    0x00401608       0x34 src/ASF/sam/utils/syscalls/gcc/syscalls.o
                0x00401608                _sbrk
 .text._close   0x0040163c        0x8 src/ASF/sam/utils/syscalls/gcc/syscalls.o
                0x0040163c                _close
 .text._fstat   0x00401644        0xc src/ASF/sam/utils/syscalls/gcc/syscalls.o
                0x00401644                _fstat
 .text._isatty  0x00401650        0x4 src/ASF/sam/utils/syscalls/gcc/syscalls.o
                0x00401650                _isatty
 .text._lseek   0x00401654        0x4 src/ASF/sam/utils/syscalls/gcc/syscalls.o
                0x00401654                _lseek
 .text.__libc_init_array
                0x00401658       0x50 c:/program files (x86)/atmel/studio/7.0/toolchain/arm/arm-gnu-toolchain/bin/../lib/gcc/arm-none-eabi/5.3.1/../../../../arm-none-eabi/lib/armv7e-m\libc.a(lib_a-init.o)
                0x00401658                __libc_init_array
 .text.iprintf  0x004016a8       0x28 c:/program files (x86)/atmel/studio/7.0/toolchain/arm/arm-gnu-toolchain/bin/../lib/gcc/arm-none-eabi/5.3.1/../../../../arm-none-eabi/lib/armv7e-m\libc.a(lib_a-iprintf.o)
                0x004016a8                iprintf
 .text.memset   0x004016d0       0x9c c:/program files (x86)/atmel/studio/7.0/toolchain/arm/arm-gnu-toolchain/bin/../lib/gcc/arm-none-eabi/5.3.1/../../../../arm-none-eabi/lib/armv7e-m\libc.a(lib_a-memset.o)
                0x004016d0                memset
 .text._puts_r  0x0040176c       0x68 c:/program files (x86)/atmel/studio/7.0/toolchain/arm/arm-gnu-toolchain/bin/../lib/gcc/arm-none-eabi/5.3.1/../../../../arm-none-eabi/lib/armv7e-m\libc.a(lib_a-puts.o)
                0x0040176c                _puts_r
 .text.puts     0x004017d4       0x10 c:/program files (x86)/atmel/studio/7.0/toolchain/arm/arm-gnu-toolchain/bin/../lib/gcc/arm-none-eabi/5.3.1/../../../../arm-none-eabi/lib/armv7e-m\libc.a(lib_a-puts.o)
                0x004017d4                puts
 .text.setbuf   0x004017e4       0x10 c:/program files (x86)/atmel/studio/7.0/toolchain/arm/arm-gnu-toolchain/bin/../lib/gcc/arm-none-eabi/5.3.1/../../../../arm-none-eabi/lib/armv7e-m\libc.a(lib_a-setbuf.o)
                0x004017e4                setbuf
 .text.setvbuf  0x004017f4      0x150 c:/program files (x86)/atmel/studio/7.0/toolchain/arm/arm-gnu-toolchain/bin/../lib/gcc/arm-none-eabi/5.3.1/../../../../arm-none-eabi/lib/armv7e-m\libc.a(lib_a-setvbuf.o)
                0x004017f4                setvbuf
 *fill*         0x00401944       0x3c 
 .text          0x00401980       0xdc c:/program files (x86)/atmel/studio/7.0/toolchain/arm/arm-gnu-toolchain/bin/../lib/gcc/arm-none-eabi/5.3.1/../../../../arm-none-eabi/lib/armv7e-m\libc.a(lib_a-strlen.o)
                0x00401980                strlen
 .text.__sprint_r.part.0
                0x00401a5c       0x78 c:/program files (x86)/atmel/studio/7.0/toolchain/arm/arm-gnu-toolchain/bin/../lib/gcc/arm-none-eabi/5.3.1/../../../../arm-none-eabi/lib/armv7e-m\libc.a(lib_a-vfiprintf.o)
 .text._vfiprintf_r
                0x00401ad4      0xdfc c:/program files (x86)/atmel/studio/7.0/toolchain/arm/arm-gnu-toolchain/bin/../lib/gcc/arm-none-eabi/5.3.1/../../../../arm-none-eabi/lib/armv7e-m\libc.a(lib_a-vfiprintf.o)
                0x00401ad4                _vfiprintf_r
 .text.__sbprintf
                0x004028d0       0x6c c:/program files (x86)/atmel/studio/7.0/toolchain/arm/arm-gnu-toolchain/bin/../lib/gcc/arm-none-eabi/5.3.1/../../../../arm-none-eabi/lib/armv7e-m\libc.a(lib_a-vfiprintf.o)
 .text.__swsetup_r
                0x0040293c       0xc8 c:/program files (x86)/atmel/studio/7.0/toolchain/arm/arm-gnu-toolchain/bin/../lib/gcc/arm-none-eabi/5.3.1/../../../../arm-none-eabi/lib/armv7e-m\libc.a(lib_a-wsetup.o)
                0x0040293c                __swsetup_r
 .text.startup.register_fini
                0x00402a04       0x14 c:/program files (x86)/atmel/studio/7.0/toolchain/arm/arm-gnu-toolchain/bin/../lib/gcc/arm-none-eabi/5.3.1/../../../../arm-none-eabi/lib/armv7e-m\libc.a(lib_a-__call_atexit.o)
 .text.atexit   0x00402a18        0xc c:/program files (x86)/atmel/studio/7.0/toolchain/arm/arm-gnu-toolchain/bin/../lib/gcc/arm-none-eabi/5.3.1/../../../../arm-none-eabi/lib/armv7e-m\libc.a(lib_a-atexit.o)
                0x00402a18                atexit
 .text.__sflush_r
                0x00402a24      0x148 c:/program files (x86)/atmel/studio/7.0/toolchain/arm/arm-gnu-toolchain/bin/../lib/gcc/arm-none-eabi/5.3.1/../../../../arm-none-eabi/lib/armv7e-m\libc.a(lib_a-fflush.o)
                0x00402a24                __sflush_r
 .text._fflush_r
                0x00402b6c       0x2c c:/program files (x86)/atmel/studio/7.0/toolchain/arm/arm-gnu-toolchain/bin/../lib/gcc/arm-none-eabi/5.3.1/../../../../arm-none-eabi/lib/armv7e-m\libc.a(lib_a-fflush.o)
                0x00402b6c                _fflush_r
 .text._cleanup_r
                0x00402b98        0xc c:/program files (x86)/atmel/studio/7.0/toolchain/arm/arm-gnu-toolchain/bin/../lib/gcc/arm-none-eabi/5.3.1/../../../../arm-none-eabi/lib/armv7e-m\libc.a(lib_a-findfp.o)
                0x00402b98                _cleanup_r
 .text.__sinit.part.1
                0x00402ba4       0xf0 c:/program files (x86)/atmel/studio/7.0/toolchain/arm/arm-gnu-toolchain/bin/../lib/gcc/arm-none-eabi/5.3.1/../../../../arm-none-eabi/lib/armv7e-m\libc.a(lib_a-findfp.o)
 .text.__sinit  0x00402c94        0xc c:/program files (x86)/atmel/studio/7.0/toolchain/arm/arm-gnu-toolchain/bin/../lib/gcc/arm-none-eabi/5.3.1/../../../../arm-none-eabi/lib/armv7e-m\libc.a(lib_a-findfp.o)
                0x00402c94                __sinit
 .text.__sfp_lock_acquire
                0x00402ca0        0x4 c:/program files (x86)/atmel/studio/7.0/toolchain/arm/arm-gnu-toolchain/bin/../lib/gcc/arm-none-eabi/5.3.1/../../../../arm-none-eabi/lib/armv7e-m\libc.a(lib_a-findfp.o)
                0x00402ca0                __sfp_lock_acquire
 .text.__sfp_lock_release
                0x00402ca4        0x4 c:/program files (x86)/atmel/studio/7.0/toolchain/arm/arm-gnu-toolchain/bin/../lib/gcc/arm-none-eabi/5.3.1/../../../../arm-none-eabi/lib/armv7e-m\libc.a(lib_a-findfp.o)
                0x00402ca4                __sfp_lock_release
 .text.__libc_fini_array
                0x00402ca8       0x28 c:/program files (x86)/atmel/studio/7.0/toolchain/arm/arm-gnu-toolchain/bin/../lib/gcc/arm-none-eabi/5.3.1/../../../../arm-none-eabi/lib/armv7e-m\libc.a(lib_a-fini.o)
                0x00402ca8                __libc_fini_array
 .text.__fputwc
                0x00402cd0       0x98 c:/program files (x86)/atmel/studio/7.0/toolchain/arm/arm-gnu-toolchain/bin/../lib/gcc/arm-none-eabi/5.3.1/../../../../arm-none-eabi/lib/armv7e-m\libc.a(lib_a-fputwc.o)
                0x00402cd0                __fputwc
 .text._fputwc_r
                0x00402d68       0x24 c:/program files (x86)/atmel/studio/7.0/toolchain/arm/arm-gnu-toolchain/bin/../lib/gcc/arm-none-eabi/5.3.1/../../../../arm-none-eabi/lib/armv7e-m\libc.a(lib_a-fputwc.o)
                0x00402d68                _fputwc_r
 .text._malloc_trim_r
                0x00402d8c       0x9c c:/program files (x86)/atmel/studio/7.0/toolchain/arm/arm-gnu-toolchain/bin/../lib/gcc/arm-none-eabi/5.3.1/../../../../arm-none-eabi/lib/armv7e-m\libc.a(lib_a-freer.o)
                0x00402d8c                _malloc_trim_r
 .text._free_r  0x00402e28      0x1d0 c:/program files (x86)/atmel/studio/7.0/toolchain/arm/arm-gnu-toolchain/bin/../lib/gcc/arm-none-eabi/5.3.1/../../../../arm-none-eabi/lib/armv7e-m\libc.a(lib_a-freer.o)
                0x00402e28                _free_r
 .text.__sfvwrite_r
                0x00402ff8      0x304 c:/program files (x86)/atmel/studio/7.0/toolchain/arm/arm-gnu-toolchain/bin/../lib/gcc/arm-none-eabi/5.3.1/../../../../arm-none-eabi/lib/armv7e-m\libc.a(lib_a-fvwrite.o)
                0x00402ff8                __sfvwrite_r
 .text._fwalk_reent
                0x004032fc       0x54 c:/program files (x86)/atmel/studio/7.0/toolchain/arm/arm-gnu-toolchain/bin/../lib/gcc/arm-none-eabi/5.3.1/../../../../arm-none-eabi/lib/armv7e-m\libc.a(lib_a-fwalk.o)
                0x004032fc                _fwalk_reent
 .text.__locale_charset
                0x00403350        0x8 c:/program files (x86)/atmel/studio/7.0/toolchain/arm/arm-gnu-toolchain/bin/../lib/gcc/arm-none-eabi/5.3.1/../../../../arm-none-eabi/lib/armv7e-m\libc.a(lib_a-locale.o)
                0x00403350                __locale_charset
 .text.__locale_mb_cur_max
                0x00403358        0xc c:/program files (x86)/atmel/studio/7.0/toolchain/arm/arm-gnu-toolchain/bin/../lib/gcc/arm-none-eabi/5.3.1/../../../../arm-none-eabi/lib/armv7e-m\libc.a(lib_a-locale.o)
                0x00403358                __locale_mb_cur_max
 .text.__swhatbuf_r
                0x00403364       0x60 c:/program files (x86)/atmel/studio/7.0/toolchain/arm/arm-gnu-toolchain/bin/../lib/gcc/arm-none-eabi/5.3.1/../../../../arm-none-eabi/lib/armv7e-m\libc.a(lib_a-makebuf.o)
                0x00403364                __swhatbuf_r
 .text.__smakebuf_r
                0x004033c4       0x88 c:/program files (x86)/atmel/studio/7.0/toolchain/arm/arm-gnu-toolchain/bin/../lib/gcc/arm-none-eabi/5.3.1/../../../../arm-none-eabi/lib/armv7e-m\libc.a(lib_a-makebuf.o)
                0x004033c4                __smakebuf_r
 .text.malloc   0x0040344c       0x10 c:/program files (x86)/atmel/studio/7.0/toolchain/arm/arm-gnu-toolchain/bin/../lib/gcc/arm-none-eabi/5.3.1/../../../../arm-none-eabi/lib/armv7e-m\libc.a(lib_a-malloc.o)
                0x0040344c                malloc
 .text._malloc_r
                0x0040345c      0x570 c:/program files (x86)/atmel/studio/7.0/toolchain/arm/arm-gnu-toolchain/bin/../lib/gcc/arm-none-eabi/5.3.1/../../../../arm-none-eabi/lib/armv7e-m\libc.a(lib_a-mallocr.o)
                0x0040345c                _malloc_r
 *fill*         0x004039cc        0x4 
 .text          0x004039d0       0xa0 c:/program files (x86)/atmel/studio/7.0/toolchain/arm/arm-gnu-toolchain/bin/../lib/gcc/arm-none-eabi/5.3.1/../../../../arm-none-eabi/lib/armv7e-m\libc.a(lib_a-memchr.o)
                0x004039d0                memchr
 .text          0x00403a70      0x134 c:/program files (x86)/atmel/studio/7.0/toolchain/arm/arm-gnu-toolchain/bin/../lib/gcc/arm-none-eabi/5.3.1/../../../../arm-none-eabi/lib/armv7e-m\libc.a(lib_a-memcpy.o)
                0x00403a70                memcpy
 .text.memmove  0x00403ba4       0xc8 c:/program files (x86)/atmel/studio/7.0/toolchain/arm/arm-gnu-toolchain/bin/../lib/gcc/arm-none-eabi/5.3.1/../../../../arm-none-eabi/lib/armv7e-m\libc.a(lib_a-memmove.o)
                0x00403ba4                memmove
 .text.__malloc_lock
                0x00403c6c        0x4 c:/program files (x86)/atmel/studio/7.0/toolchain/arm/arm-gnu-toolchain/bin/../lib/gcc/arm-none-eabi/5.3.1/../../../../arm-none-eabi/lib/armv7e-m\libc.a(lib_a-mlock.o)
                0x00403c6c                __malloc_lock
 .text.__malloc_unlock
                0x00403c70        0x4 c:/program files (x86)/atmel/studio/7.0/toolchain/arm/arm-gnu-toolchain/bin/../lib/gcc/arm-none-eabi/5.3.1/../../../../arm-none-eabi/lib/armv7e-m\libc.a(lib_a-mlock.o)
                0x00403c70                __malloc_unlock
 .text._realloc_r
                0x00403c74      0x3e0 c:/program files (x86)/atmel/studio/7.0/toolchain/arm/arm-gnu-toolchain/bin/../lib/gcc/arm-none-eabi/5.3.1/../../../../arm-none-eabi/lib/armv7e-m\libc.a(lib_a-reallocr.o)
                0x00403c74                _realloc_r
 .text._sbrk_r  0x00404054       0x24 c:/program files (x86)/atmel/studio/7.0/toolchain/arm/arm-gnu-toolchain/bin/../lib/gcc/arm-none-eabi/5.3.1/../../../../arm-none-eabi/lib/armv7e-m\libc.a(lib_a-sbrkr.o)
                0x00404054                _sbrk_r
 .text.__sread  0x00404078       0x24 c:/program files (x86)/atmel/studio/7.0/toolchain/arm/arm-gnu-toolchain/bin/../lib/gcc/arm-none-eabi/5.3.1/../../../../arm-none-eabi/lib/armv7e-m\libc.a(lib_a-stdio.o)
                0x00404078                __sread
 .text.__swrite
                0x0040409c       0x3c c:/program files (x86)/atmel/studio/7.0/toolchain/arm/arm-gnu-toolchain/bin/../lib/gcc/arm-none-eabi/5.3.1/../../../../arm-none-eabi/lib/armv7e-m\libc.a(lib_a-stdio.o)
                0x0040409c                __swrite
 .text.__sseek  0x004040d8       0x20 c:/program files (x86)/atmel/studio/7.0/toolchain/arm/arm-gnu-toolchain/bin/../lib/gcc/arm-none-eabi/5.3.1/../../../../arm-none-eabi/lib/armv7e-m\libc.a(lib_a-stdio.o)
                0x004040d8                __sseek
 .text.__sclose
                0x004040f8        0x8 c:/program files (x86)/atmel/studio/7.0/toolchain/arm/arm-gnu-toolchain/bin/../lib/gcc/arm-none-eabi/5.3.1/../../../../arm-none-eabi/lib/armv7e-m\libc.a(lib_a-stdio.o)
                0x004040f8                __sclose
 .text.__swbuf_r
                0x00404100       0xac c:/program files (x86)/atmel/studio/7.0/toolchain/arm/arm-gnu-toolchain/bin/../lib/gcc/arm-none-eabi/5.3.1/../../../../arm-none-eabi/lib/armv7e-m\libc.a(lib_a-wbuf.o)
                0x00404100                __swbuf_r
 .text._wcrtomb_r
                0x004041ac       0x54 c:/program files (x86)/atmel/studio/7.0/toolchain/arm/arm-gnu-toolchain/bin/../lib/gcc/arm-none-eabi/5.3.1/../../../../arm-none-eabi/lib/armv7e-m\libc.a(lib_a-wcrtomb.o)
                0x004041ac                _wcrtomb_r
 .text.__ascii_wctomb
                0x00404200       0x1c c:/program files (x86)/atmel/studio/7.0/toolchain/arm/arm-gnu-toolchain/bin/../lib/gcc/arm-none-eabi/5.3.1/../../../../arm-none-eabi/lib/armv7e-m\libc.a(lib_a-wctomb_r.o)
                0x00404200                __ascii_wctomb
 .text._write_r
                0x0040421c       0x2c c:/program files (x86)/atmel/studio/7.0/toolchain/arm/arm-gnu-toolchain/bin/../lib/gcc/arm-none-eabi/5.3.1/../../../../arm-none-eabi/lib/armv7e-m\libc.a(lib_a-writer.o)
                0x0040421c                _write_r
 .text.__register_exitproc
                0x00404248       0xa4 c:/program files (x86)/atmel/studio/7.0/toolchain/arm/arm-gnu-toolchain/bin/../lib/gcc/arm-none-eabi/5.3.1/../../../../arm-none-eabi/lib/armv7e-m\libc.a(lib_a-__atexit.o)
                0x00404248                __register_exitproc
 .text._close_r
                0x004042ec       0x24 c:/program files (x86)/atmel/studio/7.0/toolchain/arm/arm-gnu-toolchain/bin/../lib/gcc/arm-none-eabi/5.3.1/../../../../arm-none-eabi/lib/armv7e-m\libc.a(lib_a-closer.o)
                0x004042ec                _close_r
 .text._fclose_r
                0x00404310       0x84 c:/program files (x86)/atmel/studio/7.0/toolchain/arm/arm-gnu-toolchain/bin/../lib/gcc/arm-none-eabi/5.3.1/../../../../arm-none-eabi/lib/armv7e-m\libc.a(lib_a-fclose.o)
                0x00404310                _fclose_r
 .text._fstat_r
                0x00404394       0x28 c:/program files (x86)/atmel/studio/7.0/toolchain/arm/arm-gnu-toolchain/bin/../lib/gcc/arm-none-eabi/5.3.1/../../../../arm-none-eabi/lib/armv7e-m\libc.a(lib_a-fstatr.o)
                0x00404394                _fstat_r
 .text._isatty_r
                0x004043bc       0x24 c:/program files (x86)/atmel/studio/7.0/toolchain/arm/arm-gnu-toolchain/bin/../lib/gcc/arm-none-eabi/5.3.1/../../../../arm-none-eabi/lib/armv7e-m\libc.a(lib_a-isattyr.o)
                0x004043bc                _isatty_r
 .text._lseek_r
                0x004043e0       0x2c c:/program files (x86)/atmel/studio/7.0/toolchain/arm/arm-gnu-toolchain/bin/../lib/gcc/arm-none-eabi/5.3.1/../../../../arm-none-eabi/lib/armv7e-m\libc.a(lib_a-lseekr.o)
                0x004043e0                _lseek_r
 .text._read_r  0x0040440c       0x2c c:/program files (x86)/atmel/studio/7.0/toolchain/arm/arm-gnu-toolchain/bin/../lib/gcc/arm-none-eabi/5.3.1/../../../../arm-none-eabi/lib/armv7e-m\libc.a(lib_a-readr.o)
                0x0040440c                _read_r
 .text          0x00404438       0x30 c:/program files (x86)/atmel/studio/7.0/toolchain/arm/arm-gnu-toolchain/bin/../lib/gcc/arm-none-eabi/5.3.1/armv7e-m\libgcc.a(_aeabi_uldivmod.o)
                0x00404438                __aeabi_uldivmod
 .text          0x00404468      0x2e4 c:/program files (x86)/atmel/studio/7.0/toolchain/arm/arm-gnu-toolchain/bin/../lib/gcc/arm-none-eabi/5.3.1/armv7e-m\libgcc.a(_udivmoddi4.o)
                0x00404468                __udivmoddi4
 .text          0x0040474c        0x4 c:/program files (x86)/atmel/studio/7.0/toolchain/arm/arm-gnu-toolchain/bin/../lib/gcc/arm-none-eabi/5.3.1/armv7e-m\libgcc.a(_dvmd_tls.o)
                0x0040474c                __aeabi_idiv0
                0x0040474c                __aeabi_ldiv0
 *(.glue_7t)
 .glue_7t       0x00404750        0x0 linker stubs
 *(.glue_7)
 .glue_7        0x00404750        0x0 linker stubs
 *(.rodata .rodata* .gnu.linkonce.r.*)
 .rodata.str1.4
                0x00404750       0x88 src/main.o
 .rodata.str1.4
                0x004047d8        0x2 c:/program files (x86)/atmel/studio/7.0/toolchain/arm/arm-gnu-toolchain/bin/../lib/gcc/arm-none-eabi/5.3.1/../../../../arm-none-eabi/lib/armv7e-m\libc.a(lib_a-impure.o)
 *fill*         0x004047da        0x2 
 .rodata._global_impure_ptr
                0x004047dc        0x4 c:/program files (x86)/atmel/studio/7.0/toolchain/arm/arm-gnu-toolchain/bin/../lib/gcc/arm-none-eabi/5.3.1/../../../../arm-none-eabi/lib/armv7e-m\libc.a(lib_a-impure.o)
                0x004047dc                _global_impure_ptr
 .rodata.str1.4
                0x004047e0        0x2 c:/program files (x86)/atmel/studio/7.0/toolchain/arm/arm-gnu-toolchain/bin/../lib/gcc/arm-none-eabi/5.3.1/../../../../arm-none-eabi/lib/armv7e-m\libc.a(lib_a-puts.o)
 *fill*         0x004047e2        0x2 
 .rodata.zeroes.6993
                0x004047e4       0x10 c:/program files (x86)/atmel/studio/7.0/toolchain/arm/arm-gnu-toolchain/bin/../lib/gcc/arm-none-eabi/5.3.1/../../../../arm-none-eabi/lib/armv7e-m\libc.a(lib_a-vfiprintf.o)
 .rodata.str1.4
                0x004047f4       0x30 c:/program files (x86)/atmel/studio/7.0/toolchain/arm/arm-gnu-toolchain/bin/../lib/gcc/arm-none-eabi/5.3.1/../../../../arm-none-eabi/lib/armv7e-m\libc.a(lib_a-vfiprintf.o)
                                 0x2f (size before relaxing)
 .rodata.blanks.6992
                0x00404824       0x10 c:/program files (x86)/atmel/studio/7.0/toolchain/arm/arm-gnu-toolchain/bin/../lib/gcc/arm-none-eabi/5.3.1/../../../../arm-none-eabi/lib/armv7e-m\libc.a(lib_a-vfiprintf.o)
 *(.ARM.extab* .gnu.linkonce.armextab.*)
                0x00404834                . = ALIGN (0x4)
 *(.init)
 .init          0x00404834        0x4 c:/program files (x86)/atmel/studio/7.0/toolchain/arm/arm-gnu-toolchain/bin/../lib/gcc/arm-none-eabi/5.3.1/armv7e-m/crti.o
                0x00404834                _init
 .init          0x00404838        0x8 c:/program files (x86)/atmel/studio/7.0/toolchain/arm/arm-gnu-toolchain/bin/../lib/gcc/arm-none-eabi/5.3.1/armv7e-m/crtn.o
                0x00404840                . = ALIGN (0x4)
                0x00404840                __preinit_array_start = .
 *(.preinit_array)
                0x00404840                __preinit_array_end = .
                0x00404840                . = ALIGN (0x4)
                0x00404840                __init_array_start = .
 *(SORT(.init_array.*))
 .init_array.00000
                0x00404840        0x4 c:/program files (x86)/atmel/studio/7.0/toolchain/arm/arm-gnu-toolchain/bin/../lib/gcc/arm-none-eabi/5.3.1/../../../../arm-none-eabi/lib/armv7e-m\libc.a(lib_a-__call_atexit.o)
 *(.init_array)
 .init_array    0x00404844        0x4 c:/program files (x86)/atmel/studio/7.0/toolchain/arm/arm-gnu-toolchain/bin/../lib/gcc/arm-none-eabi/5.3.1/armv7e-m/crtbegin.o
                0x00404848                __init_array_end = .
                0x00404848                . = ALIGN (0x4)
 *crtbegin.o(.ctors)
 *(EXCLUDE_FILE(*crtend.o) .ctors)
 *(SORT(.ctors.*))
 *crtend.o(.ctors)
                0x00404848                . = ALIGN (0x4)
 *(.fini)
 .fini          0x00404848        0x4 c:/program files (x86)/atmel/studio/7.0/toolchain/arm/arm-gnu-toolchain/bin/../lib/gcc/arm-none-eabi/5.3.1/armv7e-m/crti.o
                0x00404848                _fini
 .fini          0x0040484c        0x8 c:/program files (x86)/atmel/studio/7.0/toolchain/arm/arm-gnu-toolchain/bin/../lib/gcc/arm-none-eabi/5.3.1/armv7e-m/crtn.o
                0x00404854                . = ALIGN (0x4)
                0x00404854                __fini_array_start = .
 *(.fini_array)
 .fini_array    0x00404854        0x4 c:/program files (x86)/atmel/studio/7.0/toolchain/arm/arm-gnu-toolchain/bin/../lib/gcc/arm-none-eabi/5.3.1/armv7e-m/crtbegin.o
 *(SORT(.fini_array.*))
                0x00404858                __fini_array_end = .
 *crtbegin.o(.dtors)
 *(EXCLUDE_FILE(*crtend.o) .dtors)
 *(SORT(.dtors.*))
 *crtend.o(.dtors)
                0x00404858                . = ALIGN (0x4)
                0x00404858                _efixed = .
                [!provide]                PROVIDE (__exidx_start, .)

.vfp11_veneer   0x00404858        0x0
 .vfp11_veneer  0x00404858        0x0 linker stubs

.v4_bx          0x00404858        0x0
 .v4_bx         0x00404858        0x0 linker stubs

.iplt           0x00404858        0x0
 .iplt          0x00404858        0x0 c:/program files (x86)/atmel/studio/7.0/toolchain/arm/arm-gnu-toolchain/bin/../lib/gcc/arm-none-eabi/5.3.1/armv7e-m/crtbegin.o

.ARM.exidx      0x00404858        0x8
 *(.ARM.exidx* .gnu.linkonce.armexidx.*)
 .ARM.exidx     0x00404858        0x8 c:/program files (x86)/atmel/studio/7.0/toolchain/arm/arm-gnu-toolchain/bin/../lib/gcc/arm-none-eabi/5.3.1/armv7e-m\libgcc.a(_udivmoddi4.o)
                [!provide]                PROVIDE (__exidx_end, .)

.eh_frame       0x00404860        0x0
 .eh_frame      0x00404860        0x0 c:/program files (x86)/atmel/studio/7.0/toolchain/arm/arm-gnu-toolchain/bin/../lib/gcc/arm-none-eabi/5.3.1/armv7e-m/crtbegin.o

.rel.dyn        0x00404860        0x0
 .rel.iplt      0x00404860        0x0 c:/program files (x86)/atmel/studio/7.0/toolchain/arm/arm-gnu-toolchain/bin/../lib/gcc/arm-none-eabi/5.3.1/armv7e-m/crtbegin.o

.jcr            0x00404860        0x0
 .jcr           0x00404860        0x0 c:/program files (x86)/atmel/studio/7.0/toolchain/arm/arm-gnu-toolchain/bin/../lib/gcc/arm-none-eabi/5.3.1/armv7e-m/crtbegin.o

.igot.plt       0x00404860        0x0
 .igot.plt      0x00404860        0x0 c:/program files (x86)/atmel/studio/7.0/toolchain/arm/arm-gnu-toolchain/bin/../lib/gcc/arm-none-eabi/5.3.1/armv7e-m/crtbegin.o
                0x00404860                . = ALIGN (0x4)
                0x00404860                _etext = .

.relocate       0x20400000      0x86c load address 0x00404860
                0x20400000                . = ALIGN (0x4)
                0x20400000                _srelocate = .
 *(.ramfunc .ramfunc.*)
 *(.data .data.*)
 .data.g_interrupt_enabled
                0x20400000        0x1 src/ASF/common/utils/interrupt/interrupt_sam_nvic.o
                0x20400000                g_interrupt_enabled
 *fill*         0x20400001        0x3 
 .data.SystemCoreClock
                0x20400004        0x4 src/ASF/sam/utils/cmsis/same70/source/templates/system_same70.o
                0x20400004                SystemCoreClock
 .data.impure_data
                0x20400008      0x428 c:/program files (x86)/atmel/studio/7.0/toolchain/arm/arm-gnu-toolchain/bin/../lib/gcc/arm-none-eabi/5.3.1/../../../../arm-none-eabi/lib/armv7e-m\libc.a(lib_a-impure.o)
 .data._impure_ptr
                0x20400430        0x4 c:/program files (x86)/atmel/studio/7.0/toolchain/arm/arm-gnu-toolchain/bin/../lib/gcc/arm-none-eabi/5.3.1/../../../../arm-none-eabi/lib/armv7e-m\libc.a(lib_a-impure.o)
                0x20400430                _impure_ptr
 .data.lc_ctype_charset
                0x20400434       0x20 c:/program files (x86)/atmel/studio/7.0/toolchain/arm/arm-gnu-toolchain/bin/../lib/gcc/arm-none-eabi/5.3.1/../../../../arm-none-eabi/lib/armv7e-m\libc.a(lib_a-locale.o)
 .data.__mb_cur_max
                0x20400454        0x4 c:/program files (x86)/atmel/studio/7.0/toolchain/arm/arm-gnu-toolchain/bin/../lib/gcc/arm-none-eabi/5.3.1/../../../../arm-none-eabi/lib/armv7e-m\libc.a(lib_a-locale.o)
                0x20400454                __mb_cur_max
 .data.__malloc_av_
                0x20400458      0x408 c:/program files (x86)/atmel/studio/7.0/toolchain/arm/arm-gnu-toolchain/bin/../lib/gcc/arm-none-eabi/5.3.1/../../../../arm-none-eabi/lib/armv7e-m\libc.a(lib_a-mallocr.o)
                0x20400458                __malloc_av_
 .data.__malloc_trim_threshold
                0x20400860        0x4 c:/program files (x86)/atmel/studio/7.0/toolchain/arm/arm-gnu-toolchain/bin/../lib/gcc/arm-none-eabi/5.3.1/../../../../arm-none-eabi/lib/armv7e-m\libc.a(lib_a-mallocr.o)
                0x20400860                __malloc_trim_threshold
 .data.__malloc_sbrk_base
                0x20400864        0x4 c:/program files (x86)/atmel/studio/7.0/toolchain/arm/arm-gnu-toolchain/bin/../lib/gcc/arm-none-eabi/5.3.1/../../../../arm-none-eabi/lib/armv7e-m\libc.a(lib_a-mallocr.o)
                0x20400864                __malloc_sbrk_base
 .data.__wctomb
                0x20400868        0x4 c:/program files (x86)/atmel/studio/7.0/toolchain/arm/arm-gnu-toolchain/bin/../lib/gcc/arm-none-eabi/5.3.1/../../../../arm-none-eabi/lib/armv7e-m\libc.a(lib_a-wctomb_r.o)
                0x20400868                __wctomb
                0x2040086c                . = ALIGN (0x4)
                0x2040086c                _erelocate = .

.bss            0x2040086c      0x180 load address 0x004050cc
                0x2040086c                . = ALIGN (0x4)
                0x2040086c                _sbss = .
                0x2040086c                _szero = .
 *(.bss .bss.*)
 .bss           0x2040086c       0x1c c:/program files (x86)/atmel/studio/7.0/toolchain/arm/arm-gnu-toolchain/bin/../lib/gcc/arm-none-eabi/5.3.1/armv7e-m/crtbegin.o
 .bss.has_passed_second
                0x20400888        0x1 src/main.o
                0x20400888                has_passed_second
 .bss.is_conversion_done
                0x20400889        0x1 src/main.o
                0x20400889                is_conversion_done
 *fill*         0x2040088a        0x2 
 .bss.g_ul_value
                0x2040088c        0x4 src/main.o
                0x2040088c                g_ul_value
 .bss.gs_interrupt_sources
                0x20400890       0x70 src/ASF/sam/drivers/pio/pio_handler.o
 .bss.ul_reg_val.8198
                0x20400900        0x4 src/ASF/sam/drivers/usart/usart.o
 .bss.heap.5289
                0x20400904        0x4 src/ASF/sam/utils/syscalls/gcc/syscalls.o
 .bss.__malloc_max_total_mem
                0x20400908        0x4 c:/program files (x86)/atmel/studio/7.0/toolchain/arm/arm-gnu-toolchain/bin/../lib/gcc/arm-none-eabi/5.3.1/../../../../arm-none-eabi/lib/armv7e-m\libc.a(lib_a-mallocr.o)
                0x20400908                __malloc_max_total_mem
 .bss.__malloc_max_sbrked_mem
                0x2040090c        0x4 c:/program files (x86)/atmel/studio/7.0/toolchain/arm/arm-gnu-toolchain/bin/../lib/gcc/arm-none-eabi/5.3.1/../../../../arm-none-eabi/lib/armv7e-m\libc.a(lib_a-mallocr.o)
                0x2040090c                __malloc_max_sbrked_mem
 .bss.__malloc_top_pad
                0x20400910        0x4 c:/program files (x86)/atmel/studio/7.0/toolchain/arm/arm-gnu-toolchain/bin/../lib/gcc/arm-none-eabi/5.3.1/../../../../arm-none-eabi/lib/armv7e-m\libc.a(lib_a-mallocr.o)
                0x20400910                __malloc_top_pad
 .bss.__malloc_current_mallinfo
                0x20400914       0x28 c:/program files (x86)/atmel/studio/7.0/toolchain/arm/arm-gnu-toolchain/bin/../lib/gcc/arm-none-eabi/5.3.1/../../../../arm-none-eabi/lib/armv7e-m\libc.a(lib_a-mallocr.o)
                0x20400914                __malloc_current_mallinfo
 *(COMMON)
 COMMON         0x2040093c       0x18 src/main.o
                0x2040093c                minuto
                0x20400940                dia
                0x20400944                hora
                0x20400948                ano
                0x2040094c                segundo
                0x20400950                mes
 COMMON         0x20400954        0x6 src/ASF/common/services/sleepmgr/sam/sleepmgr.o
                0x20400954                sleepmgr_locks
 *fill*         0x2040095a        0x2 
 COMMON         0x2040095c        0x4 src/ASF/common/utils/stdio/read.o
                0x2040095c                ptr_get
 COMMON         0x20400960        0x8 src/ASF/common/utils/stdio/write.o
                0x20400960                ptr_put
                0x20400964                stdio_base
 COMMON         0x20400968       0x80 src/ASF/sam/drivers/afec/afec.o
                0x20400968                afec_callback_pointer
 COMMON         0x204009e8        0x4 c:/program files (x86)/atmel/studio/7.0/toolchain/arm/arm-gnu-toolchain/bin/../lib/gcc/arm-none-eabi/5.3.1/../../../../arm-none-eabi/lib/armv7e-m\libc.a(lib_a-reent.o)
                0x204009e8                errno
                0x204009ec                . = ALIGN (0x4)
                0x204009ec                _ebss = .
                0x204009ec                _ezero = .

.stack          0x204009ec     0x2004 load address 0x0040524c
                0x204009f0                . = ALIGN (0x8)
 *fill*         0x204009ec        0x4 
                0x204009f0                _sstack = .
                0x204029f0                . = (. + STACK_SIZE)
 *fill*         0x204009f0     0x2000 
                0x204029f0                . = ALIGN (0x8)
                0x204029f0                _estack = .

.heap           0x204029f0      0x200 load address 0x00407250
                0x204029f0                . = ALIGN (0x8)
                0x204029f0                _sheap = .
                0x20402bf0                . = (. + HEAP_SIZE)
 *fill*         0x204029f0      0x200 
                0x20402bf0                . = ALIGN (0x8)
                0x20402bf0                _eheap = .
                0x20402bf0                . = ALIGN (0x4)
                0x20402bf0                _end = .
                0x2045ffff                _ram_end_ = ((ORIGIN (ram) + LENGTH (ram)) - 0x1)
OUTPUT(12-ADC.elf elf32-littlearm)

.ARM.attributes
                0x00000000       0x2e
 .ARM.attributes
                0x00000000       0x1e c:/program files (x86)/atmel/studio/7.0/toolchain/arm/arm-gnu-toolchain/bin/../lib/gcc/arm-none-eabi/5.3.1/armv7e-m/crti.o
 .ARM.attributes
                0x0000001e       0x2e c:/program files (x86)/atmel/studio/7.0/toolchain/arm/arm-gnu-toolchain/bin/../lib/gcc/arm-none-eabi/5.3.1/armv7e-m/crtbegin.o
 .ARM.attributes
                0x0000004c       0x37 src/main.o
 .ARM.attributes
                0x00000083       0x37 src/ASF/sam/drivers/rtc/rtc.o
 .ARM.attributes
                0x000000ba       0x37 src/ASF/sam/drivers/tc/tc.o
 .ARM.attributes
                0x000000f1       0x37 src/ASF/common/services/clock/same70/sysclk.o
 .ARM.attributes
                0x00000128       0x37 src/ASF/common/services/sleepmgr/sam/sleepmgr.o
 .ARM.attributes
                0x0000015f       0x37 src/ASF/common/utils/interrupt/interrupt_sam_nvic.o
 .ARM.attributes
                0x00000196       0x37 src/ASF/common/utils/stdio/read.o
 .ARM.attributes
                0x000001cd       0x37 src/ASF/common/utils/stdio/write.o
 .ARM.attributes
                0x00000204       0x37 src/ASF/sam/boards/same70_xplained/init.o
 .ARM.attributes
                0x0000023b       0x37 src/ASF/sam/drivers/afec/afec.o
 .ARM.attributes
                0x00000272       0x37 src/ASF/sam/drivers/pio/pio.o
 .ARM.attributes
                0x000002a9       0x37 src/ASF/sam/drivers/pio/pio_handler.o
 .ARM.attributes
                0x000002e0       0x37 src/ASF/sam/drivers/pmc/pmc.o
 .ARM.attributes
                0x00000317       0x37 src/ASF/sam/drivers/uart/uart.o
 .ARM.attributes
                0x0000034e       0x37 src/ASF/sam/drivers/usart/usart.o
 .ARM.attributes
                0x00000385       0x37 src/ASF/sam/utils/cmsis/same70/source/templates/gcc/startup_same70.o
 .ARM.attributes
                0x000003bc       0x37 src/ASF/sam/utils/cmsis/same70/source/templates/system_same70.o
 .ARM.attributes
                0x000003f3       0x37 src/ASF/sam/utils/syscalls/gcc/syscalls.o
 .ARM.attributes
                0x0000042a       0x2e c:/program files (x86)/atmel/studio/7.0/toolchain/arm/arm-gnu-toolchain/bin/../lib/gcc/arm-none-eabi/5.3.1/../../../../arm-none-eabi/lib/armv7e-m\libc.a(lib_a-impure.o)
 .ARM.attributes
                0x00000458       0x2e c:/program files (x86)/atmel/studio/7.0/toolchain/arm/arm-gnu-toolchain/bin/../lib/gcc/arm-none-eabi/5.3.1/../../../../arm-none-eabi/lib/armv7e-m\libc.a(lib_a-init.o)
 .ARM.attributes
                0x00000486       0x2e c:/program files (x86)/atmel/studio/7.0/toolchain/arm/arm-gnu-toolchain/bin/../lib/gcc/arm-none-eabi/5.3.1/../../../../arm-none-eabi/lib/armv7e-m\libc.a(lib_a-iprintf.o)
 .ARM.attributes
                0x000004b4       0x2e c:/program files (x86)/atmel/studio/7.0/toolchain/arm/arm-gnu-toolchain/bin/../lib/gcc/arm-none-eabi/5.3.1/../../../../arm-none-eabi/lib/armv7e-m\libc.a(lib_a-memset.o)
 .ARM.attributes
                0x000004e2       0x2e c:/program files (x86)/atmel/studio/7.0/toolchain/arm/arm-gnu-toolchain/bin/../lib/gcc/arm-none-eabi/5.3.1/../../../../arm-none-eabi/lib/armv7e-m\libc.a(lib_a-puts.o)
 .ARM.attributes
                0x00000510       0x2e c:/program files (x86)/atmel/studio/7.0/toolchain/arm/arm-gnu-toolchain/bin/../lib/gcc/arm-none-eabi/5.3.1/../../../../arm-none-eabi/lib/armv7e-m\libc.a(lib_a-setbuf.o)
 .ARM.attributes
                0x0000053e       0x2e c:/program files (x86)/atmel/studio/7.0/toolchain/arm/arm-gnu-toolchain/bin/../lib/gcc/arm-none-eabi/5.3.1/../../../../arm-none-eabi/lib/armv7e-m\libc.a(lib_a-setvbuf.o)
 .ARM.attributes
                0x0000056c       0x1c c:/program files (x86)/atmel/studio/7.0/toolchain/arm/arm-gnu-toolchain/bin/../lib/gcc/arm-none-eabi/5.3.1/../../../../arm-none-eabi/lib/armv7e-m\libc.a(lib_a-strlen.o)
 .ARM.attributes
                0x00000588       0x2e c:/program files (x86)/atmel/studio/7.0/toolchain/arm/arm-gnu-toolchain/bin/../lib/gcc/arm-none-eabi/5.3.1/../../../../arm-none-eabi/lib/armv7e-m\libc.a(lib_a-vfiprintf.o)
 .ARM.attributes
                0x000005b6       0x2e c:/program files (x86)/atmel/studio/7.0/toolchain/arm/arm-gnu-toolchain/bin/../lib/gcc/arm-none-eabi/5.3.1/../../../../arm-none-eabi/lib/armv7e-m\libc.a(lib_a-wsetup.o)
 .ARM.attributes
                0x000005e4       0x2e c:/program files (x86)/atmel/studio/7.0/toolchain/arm/arm-gnu-toolchain/bin/../lib/gcc/arm-none-eabi/5.3.1/../../../../arm-none-eabi/lib/armv7e-m\libc.a(lib_a-__call_atexit.o)
 .ARM.attributes
                0x00000612       0x2e c:/program files (x86)/atmel/studio/7.0/toolchain/arm/arm-gnu-toolchain/bin/../lib/gcc/arm-none-eabi/5.3.1/../../../../arm-none-eabi/lib/armv7e-m\libc.a(lib_a-atexit.o)
 .ARM.attributes
                0x00000640       0x2e c:/program files (x86)/atmel/studio/7.0/toolchain/arm/arm-gnu-toolchain/bin/../lib/gcc/arm-none-eabi/5.3.1/../../../../arm-none-eabi/lib/armv7e-m\libc.a(lib_a-fflush.o)
 .ARM.attributes
                0x0000066e       0x2e c:/program files (x86)/atmel/studio/7.0/toolchain/arm/arm-gnu-toolchain/bin/../lib/gcc/arm-none-eabi/5.3.1/../../../../arm-none-eabi/lib/armv7e-m\libc.a(lib_a-findfp.o)
 .ARM.attributes
                0x0000069c       0x2e c:/program files (x86)/atmel/studio/7.0/toolchain/arm/arm-gnu-toolchain/bin/../lib/gcc/arm-none-eabi/5.3.1/../../../../arm-none-eabi/lib/armv7e-m\libc.a(lib_a-fini.o)
 .ARM.attributes
                0x000006ca       0x2e c:/program files (x86)/atmel/studio/7.0/toolchain/arm/arm-gnu-toolchain/bin/../lib/gcc/arm-none-eabi/5.3.1/../../../../arm-none-eabi/lib/armv7e-m\libc.a(lib_a-fputwc.o)
 .ARM.attributes
                0x000006f8       0x2e c:/program files (x86)/atmel/studio/7.0/toolchain/arm/arm-gnu-toolchain/bin/../lib/gcc/arm-none-eabi/5.3.1/../../../../arm-none-eabi/lib/armv7e-m\libc.a(lib_a-freer.o)
 .ARM.attributes
                0x00000726       0x2e c:/program files (x86)/atmel/studio/7.0/toolchain/arm/arm-gnu-toolchain/bin/../lib/gcc/arm-none-eabi/5.3.1/../../../../arm-none-eabi/lib/armv7e-m\libc.a(lib_a-fvwrite.o)
 .ARM.attributes
                0x00000754       0x2e c:/program files (x86)/atmel/studio/7.0/toolchain/arm/arm-gnu-toolchain/bin/../lib/gcc/arm-none-eabi/5.3.1/../../../../arm-none-eabi/lib/armv7e-m\libc.a(lib_a-fwalk.o)
 .ARM.attributes
                0x00000782       0x2e c:/program files (x86)/atmel/studio/7.0/toolchain/arm/arm-gnu-toolchain/bin/../lib/gcc/arm-none-eabi/5.3.1/../../../../arm-none-eabi/lib/armv7e-m\libc.a(lib_a-locale.o)
 .ARM.attributes
                0x000007b0       0x2e c:/program files (x86)/atmel/studio/7.0/toolchain/arm/arm-gnu-toolchain/bin/../lib/gcc/arm-none-eabi/5.3.1/../../../../arm-none-eabi/lib/armv7e-m\libc.a(lib_a-makebuf.o)
 .ARM.attributes
                0x000007de       0x2e c:/program files (x86)/atmel/studio/7.0/toolchain/arm/arm-gnu-toolchain/bin/../lib/gcc/arm-none-eabi/5.3.1/../../../../arm-none-eabi/lib/armv7e-m\libc.a(lib_a-malloc.o)
 .ARM.attributes
                0x0000080c       0x2e c:/program files (x86)/atmel/studio/7.0/toolchain/arm/arm-gnu-toolchain/bin/../lib/gcc/arm-none-eabi/5.3.1/../../../../arm-none-eabi/lib/armv7e-m\libc.a(lib_a-mallocr.o)
 .ARM.attributes
                0x0000083a       0x1c c:/program files (x86)/atmel/studio/7.0/toolchain/arm/arm-gnu-toolchain/bin/../lib/gcc/arm-none-eabi/5.3.1/../../../../arm-none-eabi/lib/armv7e-m\libc.a(lib_a-memchr.o)
 .ARM.attributes
                0x00000856       0x1c c:/program files (x86)/atmel/studio/7.0/toolchain/arm/arm-gnu-toolchain/bin/../lib/gcc/arm-none-eabi/5.3.1/../../../../arm-none-eabi/lib/armv7e-m\libc.a(lib_a-memcpy.o)
 .ARM.attributes
                0x00000872       0x2e c:/program files (x86)/atmel/studio/7.0/toolchain/arm/arm-gnu-toolchain/bin/../lib/gcc/arm-none-eabi/5.3.1/../../../../arm-none-eabi/lib/armv7e-m\libc.a(lib_a-memmove.o)
 .ARM.attributes
                0x000008a0       0x2e c:/program files (x86)/atmel/studio/7.0/toolchain/arm/arm-gnu-toolchain/bin/../lib/gcc/arm-none-eabi/5.3.1/../../../../arm-none-eabi/lib/armv7e-m\libc.a(lib_a-mlock.o)
 .ARM.attributes
                0x000008ce       0x2e c:/program files (x86)/atmel/studio/7.0/toolchain/arm/arm-gnu-toolchain/bin/../lib/gcc/arm-none-eabi/5.3.1/../../../../arm-none-eabi/lib/armv7e-m\libc.a(lib_a-reallocr.o)
 .ARM.attributes
                0x000008fc       0x2e c:/program files (x86)/atmel/studio/7.0/toolchain/arm/arm-gnu-toolchain/bin/../lib/gcc/arm-none-eabi/5.3.1/../../../../arm-none-eabi/lib/armv7e-m\libc.a(lib_a-sbrkr.o)
 .ARM.attributes
                0x0000092a       0x2e c:/program files (x86)/atmel/studio/7.0/toolchain/arm/arm-gnu-toolchain/bin/../lib/gcc/arm-none-eabi/5.3.1/../../../../arm-none-eabi/lib/armv7e-m\libc.a(lib_a-stdio.o)
 .ARM.attributes
                0x00000958       0x2e c:/program files (x86)/atmel/studio/7.0/toolchain/arm/arm-gnu-toolchain/bin/../lib/gcc/arm-none-eabi/5.3.1/../../../../arm-none-eabi/lib/armv7e-m\libc.a(lib_a-wbuf.o)
 .ARM.attributes
                0x00000986       0x2e c:/program files (x86)/atmel/studio/7.0/toolchain/arm/arm-gnu-toolchain/bin/../lib/gcc/arm-none-eabi/5.3.1/../../../../arm-none-eabi/lib/armv7e-m\libc.a(lib_a-wcrtomb.o)
 .ARM.attributes
                0x000009b4       0x2e c:/program files (x86)/atmel/studio/7.0/toolchain/arm/arm-gnu-toolchain/bin/../lib/gcc/arm-none-eabi/5.3.1/../../../../arm-none-eabi/lib/armv7e-m\libc.a(lib_a-wctomb_r.o)
 .ARM.attributes
                0x000009e2       0x2e c:/program files (x86)/atmel/studio/7.0/toolchain/arm/arm-gnu-toolchain/bin/../lib/gcc/arm-none-eabi/5.3.1/../../../../arm-none-eabi/lib/armv7e-m\libc.a(lib_a-writer.o)
 .ARM.attributes
                0x00000a10       0x2e c:/program files (x86)/atmel/studio/7.0/toolchain/arm/arm-gnu-toolchain/bin/../lib/gcc/arm-none-eabi/5.3.1/../../../../arm-none-eabi/lib/armv7e-m\libc.a(lib_a-__atexit.o)
 .ARM.attributes
                0x00000a3e       0x2e c:/program files (x86)/atmel/studio/7.0/toolchain/arm/arm-gnu-toolchain/bin/../lib/gcc/arm-none-eabi/5.3.1/../../../../arm-none-eabi/lib/armv7e-m\libc.a(lib_a-closer.o)
 .ARM.attributes
                0x00000a6c       0x2e c:/program files (x86)/atmel/studio/7.0/toolchain/arm/arm-gnu-toolchain/bin/../lib/gcc/arm-none-eabi/5.3.1/../../../../arm-none-eabi/lib/armv7e-m\libc.a(lib_a-fclose.o)
 .ARM.attributes
                0x00000a9a       0x2e c:/program files (x86)/atmel/studio/7.0/toolchain/arm/arm-gnu-toolchain/bin/../lib/gcc/arm-none-eabi/5.3.1/../../../../arm-none-eabi/lib/armv7e-m\libc.a(lib_a-fstatr.o)
 .ARM.attributes
                0x00000ac8       0x2e c:/program files (x86)/atmel/studio/7.0/toolchain/arm/arm-gnu-toolchain/bin/../lib/gcc/arm-none-eabi/5.3.1/../../../../arm-none-eabi/lib/armv7e-m\libc.a(lib_a-isattyr.o)
 .ARM.attributes
                0x00000af6       0x2e c:/program files (x86)/atmel/studio/7.0/toolchain/arm/arm-gnu-toolchain/bin/../lib/gcc/arm-none-eabi/5.3.1/../../../../arm-none-eabi/lib/armv7e-m\libc.a(lib_a-lseekr.o)
 .ARM.attributes
                0x00000b24       0x2e c:/program files (x86)/atmel/studio/7.0/toolchain/arm/arm-gnu-toolchain/bin/../lib/gcc/arm-none-eabi/5.3.1/../../../../arm-none-eabi/lib/armv7e-m\libc.a(lib_a-readr.o)
 .ARM.attributes
                0x00000b52       0x2e c:/program files (x86)/atmel/studio/7.0/toolchain/arm/arm-gnu-toolchain/bin/../lib/gcc/arm-none-eabi/5.3.1/../../../../arm-none-eabi/lib/armv7e-m\libc.a(lib_a-reent.o)
 .ARM.attributes
                0x00000b80       0x1e c:/program files (x86)/atmel/studio/7.0/toolchain/arm/arm-gnu-toolchain/bin/../lib/gcc/arm-none-eabi/5.3.1/armv7e-m\libgcc.a(_aeabi_uldivmod.o)
 .ARM.attributes
                0x00000b9e       0x2e c:/program files (x86)/atmel/studio/7.0/toolchain/arm/arm-gnu-toolchain/bin/../lib/gcc/arm-none-eabi/5.3.1/armv7e-m\libgcc.a(_udivmoddi4.o)
 .ARM.attributes
                0x00000bcc       0x1e c:/program files (x86)/atmel/studio/7.0/toolchain/arm/arm-gnu-toolchain/bin/../lib/gcc/arm-none-eabi/5.3.1/armv7e-m\libgcc.a(_dvmd_tls.o)
 .ARM.attributes
                0x00000bea       0x1e c:/program files (x86)/atmel/studio/7.0/toolchain/arm/arm-gnu-toolchain/bin/../lib/gcc/arm-none-eabi/5.3.1/armv7e-m/crtn.o

.comment        0x00000000       0x59
 .comment       0x00000000       0x59 src/main.o
                                 0x5a (size before relaxing)
 .comment       0x00000059       0x5a src/ASF/sam/drivers/rtc/rtc.o
 .comment       0x00000059       0x5a src/ASF/sam/drivers/tc/tc.o
 .comment       0x00000059       0x5a src/ASF/common/services/clock/same70/sysclk.o
 .comment       0x00000059       0x5a src/ASF/common/services/sleepmgr/sam/sleepmgr.o
 .comment       0x00000059       0x5a src/ASF/common/utils/interrupt/interrupt_sam_nvic.o
 .comment       0x00000059       0x5a src/ASF/common/utils/stdio/read.o
 .comment       0x00000059       0x5a src/ASF/common/utils/stdio/write.o
 .comment       0x00000059       0x5a src/ASF/sam/boards/same70_xplained/init.o
 .comment       0x00000059       0x5a src/ASF/sam/drivers/afec/afec.o
 .comment       0x00000059       0x5a src/ASF/sam/drivers/pio/pio.o
 .comment       0x00000059       0x5a src/ASF/sam/drivers/pio/pio_handler.o
 .comment       0x00000059       0x5a src/ASF/sam/drivers/pmc/pmc.o
 .comment       0x00000059       0x5a src/ASF/sam/drivers/uart/uart.o
 .comment       0x00000059       0x5a src/ASF/sam/drivers/usart/usart.o
 .comment       0x00000059       0x5a src/ASF/sam/utils/cmsis/same70/source/templates/gcc/startup_same70.o
 .comment       0x00000059       0x5a src/ASF/sam/utils/cmsis/same70/source/templates/system_same70.o
 .comment       0x00000059       0x5a src/ASF/sam/utils/syscalls/gcc/syscalls.o

.debug_info     0x00000000     0xef7a
 .debug_info    0x00000000     0x261a src/main.o
 .debug_info    0x0000261a      0x7e4 src/ASF/sam/drivers/rtc/rtc.o
 .debug_info    0x00002dfe      0x922 src/ASF/sam/drivers/tc/tc.o
 .debug_info    0x00003720      0x846 src/ASF/common/services/clock/same70/sysclk.o
 .debug_info    0x00003f66      0x176 src/ASF/common/services/sleepmgr/sam/sleepmgr.o
 .debug_info    0x000040dc      0x1e4 src/ASF/common/utils/interrupt/interrupt_sam_nvic.o
 .debug_info    0x000042c0      0x1bb src/ASF/common/utils/stdio/read.o
 .debug_info    0x0000447b      0x1c0 src/ASF/common/utils/stdio/write.o
 .debug_info    0x0000463b     0x1748 src/ASF/sam/boards/same70_xplained/init.o
 .debug_info    0x00005d83     0x1b3d src/ASF/sam/drivers/afec/afec.o
 .debug_info    0x000078c0     0x1888 src/ASF/sam/drivers/pio/pio.o
 .debug_info    0x00009148     0x11e6 src/ASF/sam/drivers/pio/pio_handler.o
 .debug_info    0x0000a32e     0x1533 src/ASF/sam/drivers/pmc/pmc.o
 .debug_info    0x0000b861      0x726 src/ASF/sam/drivers/uart/uart.o
 .debug_info    0x0000bf87     0x1a43 src/ASF/sam/drivers/usart/usart.o
 .debug_info    0x0000d9ca      0xc1d src/ASF/sam/utils/cmsis/same70/source/templates/gcc/startup_same70.o
 .debug_info    0x0000e5e7      0x56c src/ASF/sam/utils/cmsis/same70/source/templates/system_same70.o
 .debug_info    0x0000eb53      0x427 src/ASF/sam/utils/syscalls/gcc/syscalls.o

.debug_abbrev   0x00000000     0x259b
 .debug_abbrev  0x00000000      0x450 src/main.o
 .debug_abbrev  0x00000450      0x1df src/ASF/sam/drivers/rtc/rtc.o
 .debug_abbrev  0x0000062f      0x1bb src/ASF/sam/drivers/tc/tc.o
 .debug_abbrev  0x000007ea      0x230 src/ASF/common/services/clock/same70/sysclk.o
 .debug_abbrev  0x00000a1a       0xab src/ASF/common/services/sleepmgr/sam/sleepmgr.o
 .debug_abbrev  0x00000ac5       0xed src/ASF/common/utils/interrupt/interrupt_sam_nvic.o
 .debug_abbrev  0x00000bb2      0x101 src/ASF/common/utils/stdio/read.o
 .debug_abbrev  0x00000cb3       0xf5 src/ASF/common/utils/stdio/write.o
 .debug_abbrev  0x00000da8      0x299 src/ASF/sam/boards/same70_xplained/init.o
 .debug_abbrev  0x00001041      0x446 src/ASF/sam/drivers/afec/afec.o
 .debug_abbrev  0x00001487      0x31a src/ASF/sam/drivers/pio/pio.o
 .debug_abbrev  0x000017a1      0x25d src/ASF/sam/drivers/pio/pio_handler.o
 .debug_abbrev  0x000019fe      0x2bd src/ASF/sam/drivers/pmc/pmc.o
 .debug_abbrev  0x00001cbb      0x1a3 src/ASF/sam/drivers/uart/uart.o
 .debug_abbrev  0x00001e5e      0x2dc src/ASF/sam/drivers/usart/usart.o
 .debug_abbrev  0x0000213a      0x221 src/ASF/sam/utils/cmsis/same70/source/templates/gcc/startup_same70.o
 .debug_abbrev  0x0000235b       0xf5 src/ASF/sam/utils/cmsis/same70/source/templates/system_same70.o
 .debug_abbrev  0x00002450      0x14b src/ASF/sam/utils/syscalls/gcc/syscalls.o

.debug_loc      0x00000000     0x5da1
 .debug_loc     0x00000000      0x667 src/main.o
 .debug_loc     0x00000667      0x8d5 src/ASF/sam/drivers/rtc/rtc.o
 .debug_loc     0x00000f3c      0x5a5 src/ASF/sam/drivers/tc/tc.o
 .debug_loc     0x000014e1      0x183 src/ASF/common/services/clock/same70/sysclk.o
 .debug_loc     0x00001664       0xd2 src/ASF/common/utils/stdio/read.o
 .debug_loc     0x00001736      0x15d src/ASF/common/utils/stdio/write.o
 .debug_loc     0x00001893      0x26e src/ASF/sam/boards/same70_xplained/init.o
 .debug_loc     0x00001b01      0xa6b src/ASF/sam/drivers/afec/afec.o
 .debug_loc     0x0000256c      0xf3a src/ASF/sam/drivers/pio/pio.o
 .debug_loc     0x000034a6      0x555 src/ASF/sam/drivers/pio/pio_handler.o
 .debug_loc     0x000039fb      0xec0 src/ASF/sam/drivers/pmc/pmc.o
 .debug_loc     0x000048bb      0x2a4 src/ASF/sam/drivers/uart/uart.o
 .debug_loc     0x00004b5f     0x10f9 src/ASF/sam/drivers/usart/usart.o
 .debug_loc     0x00005c58       0x6a src/ASF/sam/utils/cmsis/same70/source/templates/gcc/startup_same70.o
 .debug_loc     0x00005cc2       0xdf src/ASF/sam/utils/syscalls/gcc/syscalls.o

.debug_aranges  0x00000000      0xc00
 .debug_aranges
                0x00000000       0x50 src/main.o
 .debug_aranges
                0x00000050       0xb8 src/ASF/sam/drivers/rtc/rtc.o
 .debug_aranges
                0x00000108       0xd0 src/ASF/sam/drivers/tc/tc.o
 .debug_aranges
                0x000001d8       0x40 src/ASF/common/services/clock/same70/sysclk.o
 .debug_aranges
                0x00000218       0x18 src/ASF/common/services/sleepmgr/sam/sleepmgr.o
 .debug_aranges
                0x00000230       0x28 src/ASF/common/utils/interrupt/interrupt_sam_nvic.o
 .debug_aranges
                0x00000258       0x20 src/ASF/common/utils/stdio/read.o
 .debug_aranges
                0x00000278       0x20 src/ASF/common/utils/stdio/write.o
 .debug_aranges
                0x00000298       0x20 src/ASF/sam/boards/same70_xplained/init.o
 .debug_aranges
                0x000002b8       0xb8 src/ASF/sam/drivers/afec/afec.o
 .debug_aranges
                0x00000370      0x1a8 src/ASF/sam/drivers/pio/pio.o
 .debug_aranges
                0x00000518       0x60 src/ASF/sam/drivers/pio/pio_handler.o
 .debug_aranges
                0x00000578      0x250 src/ASF/sam/drivers/pmc/pmc.o
 .debug_aranges
                0x000007c8       0xd8 src/ASF/sam/drivers/uart/uart.o
 .debug_aranges
                0x000008a0      0x2a8 src/ASF/sam/drivers/usart/usart.o
 .debug_aranges
                0x00000b48       0x28 src/ASF/sam/utils/cmsis/same70/source/templates/gcc/startup_same70.o
 .debug_aranges
                0x00000b70       0x30 src/ASF/sam/utils/cmsis/same70/source/templates/system_same70.o
 .debug_aranges
                0x00000ba0       0x60 src/ASF/sam/utils/syscalls/gcc/syscalls.o

.debug_ranges   0x00000000      0xbc8
 .debug_ranges  0x00000000       0x40 src/main.o
 .debug_ranges  0x00000040       0xa8 src/ASF/sam/drivers/rtc/rtc.o
 .debug_ranges  0x000000e8       0xc0 src/ASF/sam/drivers/tc/tc.o
 .debug_ranges  0x000001a8       0x30 src/ASF/common/services/clock/same70/sysclk.o
 .debug_ranges  0x000001d8       0x18 src/ASF/common/utils/interrupt/interrupt_sam_nvic.o
 .debug_ranges  0x000001f0       0x10 src/ASF/common/utils/stdio/read.o
 .debug_ranges  0x00000200       0x10 src/ASF/common/utils/stdio/write.o
 .debug_ranges  0x00000210       0x10 src/ASF/sam/boards/same70_xplained/init.o
 .debug_ranges  0x00000220       0xc0 src/ASF/sam/drivers/afec/afec.o
 .debug_ranges  0x000002e0      0x270 src/ASF/sam/drivers/pio/pio.o
 .debug_ranges  0x00000550       0x50 src/ASF/sam/drivers/pio/pio_handler.o
 .debug_ranges  0x000005a0      0x240 src/ASF/sam/drivers/pmc/pmc.o
 .debug_ranges  0x000007e0       0xc8 src/ASF/sam/drivers/uart/uart.o
 .debug_ranges  0x000008a8      0x298 src/ASF/sam/drivers/usart/usart.o
 .debug_ranges  0x00000b40       0x18 src/ASF/sam/utils/cmsis/same70/source/templates/gcc/startup_same70.o
 .debug_ranges  0x00000b58       0x20 src/ASF/sam/utils/cmsis/same70/source/templates/system_same70.o
 .debug_ranges  0x00000b78       0x50 src/ASF/sam/utils/syscalls/gcc/syscalls.o

.debug_macro    0x00000000    0x1faa7
 .debug_macro   0x00000000      0x827 src/main.o
 .debug_macro   0x00000827      0x8aa src/main.o
 .debug_macro   0x000010d1       0x22 src/main.o
 .debug_macro   0x000010f3       0x4c src/main.o
 .debug_macro   0x0000113f       0x8d src/main.o
 .debug_macro   0x000011cc       0x35 src/main.o
 .debug_macro   0x00001201       0x9c src/main.o
 .debug_macro   0x0000129d       0x16 src/main.o
 .debug_macro   0x000012b3       0x4a src/main.o
 .debug_macro   0x000012fd       0x97 src/main.o
 .debug_macro   0x00001394      0x330 src/main.o
 .debug_macro   0x000016c4       0xf6 src/main.o
 .debug_macro   0x000017ba       0x10 src/main.o
 .debug_macro   0x000017ca       0x52 src/main.o
 .debug_macro   0x0000181c       0x16 src/main.o
 .debug_macro   0x00001832       0x43 src/main.o
 .debug_macro   0x00001875      0x187 src/main.o
 .debug_macro   0x000019fc       0x22 src/main.o
 .debug_macro   0x00001a1e       0x22 src/main.o
 .debug_macro   0x00001a40       0x3a src/main.o
 .debug_macro   0x00001a7a       0x10 src/main.o
 .debug_macro   0x00001a8a       0x40 src/main.o
 .debug_macro   0x00001aca       0x6c src/main.o
 .debug_macro   0x00001b36       0x16 src/main.o
 .debug_macro   0x00001b4c      0x182 src/main.o
 .debug_macro   0x00001cce       0x16 src/main.o
 .debug_macro   0x00001ce4       0x35 src/main.o
 .debug_macro   0x00001d19       0x16 src/main.o
 .debug_macro   0x00001d2f      0x64b src/main.o
 .debug_macro   0x0000237a       0x76 src/main.o
 .debug_macro   0x000023f0       0x16 src/main.o
 .debug_macro   0x00002406      0x6e4 src/main.o
 .debug_macro   0x00002aea       0xfd src/main.o
 .debug_macro   0x00002be7      0x1df src/main.o
 .debug_macro   0x00002dc6       0x4a src/main.o
 .debug_macro   0x00002e10       0x3b src/main.o
 .debug_macro   0x00002e4b       0x2d src/main.o
 .debug_macro   0x00002e78       0x26 src/main.o
 .debug_macro   0x00002e9e      0xf9a src/main.o
 .debug_macro   0x00003e38      0x175 src/main.o
 .debug_macro   0x00003fad      0x257 src/main.o
 .debug_macro   0x00004204      0xa0f src/main.o
 .debug_macro   0x00004c13      0x1b9 src/main.o
 .debug_macro   0x00004dcc      0x336 src/main.o
 .debug_macro   0x00005102      0x15b src/main.o
 .debug_macro   0x0000525d     0x1851 src/main.o
 .debug_macro   0x00006aae       0x1c src/main.o
 .debug_macro   0x00006aca      0x68d src/main.o
 .debug_macro   0x00007157      0x31e src/main.o
 .debug_macro   0x00007475      0x4d4 src/main.o
 .debug_macro   0x00007949      0x56e src/main.o
 .debug_macro   0x00007eb7     0x1332 src/main.o
 .debug_macro   0x000091e9     0x278d src/main.o
 .debug_macro   0x0000b976     0x102b src/main.o
 .debug_macro   0x0000c9a1      0xe01 src/main.o
 .debug_macro   0x0000d7a2      0x3b1 src/main.o
 .debug_macro   0x0000db53       0xa0 src/main.o
 .debug_macro   0x0000dbf3       0x76 src/main.o
 .debug_macro   0x0000dc69      0x409 src/main.o
 .debug_macro   0x0000e072       0x64 src/main.o
 .debug_macro   0x0000e0d6      0x284 src/main.o
 .debug_macro   0x0000e35a      0x1d0 src/main.o
 .debug_macro   0x0000e52a      0x248 src/main.o
 .debug_macro   0x0000e772      0x524 src/main.o
 .debug_macro   0x0000ec96      0x63b src/main.o
 .debug_macro   0x0000f2d1      0x6b8 src/main.o
 .debug_macro   0x0000f989       0x4c src/main.o
 .debug_macro   0x0000f9d5      0x468 src/main.o
 .debug_macro   0x0000fe3d      0x207 src/main.o
 .debug_macro   0x00010044      0x866 src/main.o
 .debug_macro   0x000108aa     0x1547 src/main.o
 .debug_macro   0x00011df1       0x40 src/main.o
 .debug_macro   0x00011e31       0x76 src/main.o
 .debug_macro   0x00011ea7      0xdaf src/main.o
 .debug_macro   0x00012c56       0x82 src/main.o
 .debug_macro   0x00012cd8       0x76 src/main.o
 .debug_macro   0x00012d4e       0x4c src/main.o
 .debug_macro   0x00012d9a      0x135 src/main.o
 .debug_macro   0x00012ecf      0x135 src/main.o
 .debug_macro   0x00013004      0x135 src/main.o
 .debug_macro   0x00013139       0x6a src/main.o
 .debug_macro   0x000131a3       0x6a src/main.o
 .debug_macro   0x0001320d      0x313 src/main.o
 .debug_macro   0x00013520       0xb2 src/main.o
 .debug_macro   0x000135d2       0xb2 src/main.o
 .debug_macro   0x00013684       0xb2 src/main.o
 .debug_macro   0x00013736      0x11d src/main.o
 .debug_macro   0x00013853      0x11d src/main.o
 .debug_macro   0x00013970      0x2cd src/main.o
 .debug_macro   0x00013c3d       0xb8 src/main.o
 .debug_macro   0x00013cf5       0x5e src/main.o
 .debug_macro   0x00013d53       0x40 src/main.o
 .debug_macro   0x00013d93       0x4c src/main.o
 .debug_macro   0x00013ddf       0xa0 src/main.o
 .debug_macro   0x00013e7f      0x494 src/main.o
 .debug_macro   0x00014313      0x135 src/main.o
 .debug_macro   0x00014448       0x4c src/main.o
 .debug_macro   0x00014494      0x313 src/main.o
 .debug_macro   0x000147a7       0x6a src/main.o
 .debug_macro   0x00014811       0xb8 src/main.o
 .debug_macro   0x000148c9       0x6a src/main.o
 .debug_macro   0x00014933       0x2e src/main.o
 .debug_macro   0x00014961      0x9b1 src/main.o
 .debug_macro   0x00015312       0x6a src/main.o
 .debug_macro   0x0001537c       0x88 src/main.o
 .debug_macro   0x00015404       0x58 src/main.o
 .debug_macro   0x0001545c       0xe2 src/main.o
 .debug_macro   0x0001553e       0x16 src/main.o
 .debug_macro   0x00015554       0xe2 src/main.o
 .debug_macro   0x00015636       0x4c src/main.o
 .debug_macro   0x00015682       0x16 src/main.o
 .debug_macro   0x00015698       0x4c src/main.o
 .debug_macro   0x000156e4       0x2e src/main.o
 .debug_macro   0x00015712      0x1b5 src/main.o
 .debug_macro   0x000158c7      0x1b5 src/main.o
 .debug_macro   0x00015a7c      0x1b5 src/main.o
 .debug_macro   0x00015c31      0x1b5 src/main.o
 .debug_macro   0x00015de6      0x1b5 src/main.o
 .debug_macro   0x00015f9b       0x1c src/main.o
 .debug_macro   0x00015fb7       0x2e src/main.o
 .debug_macro   0x00015fe5       0x22 src/main.o
 .debug_macro   0x00016007       0x1c src/main.o
 .debug_macro   0x00016023       0x52 src/main.o
 .debug_macro   0x00016075       0x10 src/main.o
 .debug_macro   0x00016085       0x1c src/main.o
 .debug_macro   0x000160a1       0x4c src/main.o
 .debug_macro   0x000160ed       0x4c src/main.o
 .debug_macro   0x00016139       0x4c src/main.o
 .debug_macro   0x00016185      0x31b src/main.o
 .debug_macro   0x000164a0     0x1022 src/main.o
 .debug_macro   0x000174c2      0x107 src/main.o
 .debug_macro   0x000175c9       0x22 src/main.o
 .debug_macro   0x000175eb       0x16 src/main.o
 .debug_macro   0x00017601       0x16 src/main.o
 .debug_macro   0x00017617       0x29 src/main.o
 .debug_macro   0x00017640       0x75 src/main.o
 .debug_macro   0x000176b5       0x3f src/main.o
 .debug_macro   0x000176f4      0x3ca src/main.o
 .debug_macro   0x00017abe       0x12 src/main.o
 .debug_macro   0x00017ad0       0x3a src/main.o
 .debug_macro   0x00017b0a      0x2c6 src/main.o
 .debug_macro   0x00017dd0      0xa96 src/main.o
 .debug_macro   0x00018866       0x70 src/main.o
 .debug_macro   0x000188d6       0x64 src/main.o
 .debug_macro   0x0001893a       0x5f src/main.o
 .debug_macro   0x00018999       0xac src/main.o
 .debug_macro   0x00018a45       0x28 src/main.o
 .debug_macro   0x00018a6d       0x23 src/main.o
 .debug_macro   0x00018a90       0x94 src/main.o
 .debug_macro   0x00018b24       0x40 src/main.o
 .debug_macro   0x00018b64       0x88 src/main.o
 .debug_macro   0x00018bec      0x1ce src/main.o
 .debug_macro   0x00018dba       0x34 src/main.o
 .debug_macro   0x00018dee       0x16 src/main.o
 .debug_macro   0x00018e04       0x1c src/main.o
 .debug_macro   0x00018e20       0x10 src/main.o
 .debug_macro   0x00018e30       0x1c src/main.o
 .debug_macro   0x00018e4c       0x3a src/main.o
 .debug_macro   0x00018e86       0x28 src/main.o
 .debug_macro   0x00018eae      0x64a src/ASF/sam/drivers/rtc/rtc.o
 .debug_macro   0x000194f8      0x63f src/ASF/sam/drivers/tc/tc.o
 .debug_macro   0x00019b37       0x1c src/ASF/sam/drivers/tc/tc.o
 .debug_macro   0x00019b53      0x6a1 src/ASF/common/services/clock/same70/sysclk.o
 .debug_macro   0x0001a1f4      0x2c0 src/ASF/common/services/clock/same70/sysclk.o
 .debug_macro   0x0001a4b4      0x651 src/ASF/common/services/sleepmgr/sam/sleepmgr.o
 .debug_macro   0x0001ab05      0x627 src/ASF/common/utils/interrupt/interrupt_sam_nvic.o
 .debug_macro   0x0001b12c      0x627 src/ASF/common/utils/stdio/read.o
 .debug_macro   0x0001b753      0x627 src/ASF/common/utils/stdio/write.o
 .debug_macro   0x0001bd7a      0x6dd src/ASF/sam/boards/same70_xplained/init.o
 .debug_macro   0x0001c457       0x16 src/ASF/sam/boards/same70_xplained/init.o
 .debug_macro   0x0001c46d       0x82 src/ASF/sam/boards/same70_xplained/init.o
 .debug_macro   0x0001c4ef      0x6fe src/ASF/sam/drivers/afec/afec.o
 .debug_macro   0x0001cbed      0x63d src/ASF/sam/drivers/pio/pio.o
 .debug_macro   0x0001d22a       0x8e src/ASF/sam/drivers/pio/pio.o
 .debug_macro   0x0001d2b8      0x648 src/ASF/sam/drivers/pio/pio_handler.o
 .debug_macro   0x0001d900      0x63d src/ASF/sam/drivers/pmc/pmc.o
 .debug_macro   0x0001df3d       0x6a src/ASF/sam/drivers/pmc/pmc.o
 .debug_macro   0x0001dfa7      0x637 src/ASF/sam/drivers/uart/uart.o
 .debug_macro   0x0001e5de       0x16 src/ASF/sam/drivers/uart/uart.o
 .debug_macro   0x0001e5f4      0x66d src/ASF/sam/drivers/usart/usart.o
 .debug_macro   0x0001ec61       0x34 src/ASF/sam/drivers/usart/usart.o
 .debug_macro   0x0001ec95      0x636 src/ASF/sam/utils/cmsis/same70/source/templates/gcc/startup_same70.o
 .debug_macro   0x0001f2cb       0x10 src/ASF/sam/utils/cmsis/same70/source/templates/gcc/startup_same70.o
 .debug_macro   0x0001f2db      0x455 src/ASF/sam/utils/cmsis/same70/source/templates/system_same70.o
 .debug_macro   0x0001f730      0x19c src/ASF/sam/utils/syscalls/gcc/syscalls.o
 .debug_macro   0x0001f8cc       0x52 src/ASF/sam/utils/syscalls/gcc/syscalls.o
 .debug_macro   0x0001f91e       0x16 src/ASF/sam/utils/syscalls/gcc/syscalls.o
 .debug_macro   0x0001f934       0x10 src/ASF/sam/utils/syscalls/gcc/syscalls.o
 .debug_macro   0x0001f944       0x41 src/ASF/sam/utils/syscalls/gcc/syscalls.o
 .debug_macro   0x0001f985      0x122 src/ASF/sam/utils/syscalls/gcc/syscalls.o

.debug_line     0x00000000     0xceeb
 .debug_line    0x00000000     0x1016 src/main.o
 .debug_line    0x00001016      0xb8c src/ASF/sam/drivers/rtc/rtc.o
 .debug_line    0x00001ba2      0xb58 src/ASF/sam/drivers/tc/tc.o
 .debug_line    0x000026fa      0xb1f src/ASF/common/services/clock/same70/sysclk.o
 .debug_line    0x00003219      0xa23 src/ASF/common/services/sleepmgr/sam/sleepmgr.o
 .debug_line    0x00003c3c      0x9d5 src/ASF/common/utils/interrupt/interrupt_sam_nvic.o
 .debug_line    0x00004611      0x9c6 src/ASF/common/utils/stdio/read.o
 .debug_line    0x00004fd7      0x9b8 src/ASF/common/utils/stdio/write.o
 .debug_line    0x0000598f      0xc04 src/ASF/sam/boards/same70_xplained/init.o
 .debug_line    0x00006593      0xe73 src/ASF/sam/drivers/afec/afec.o
 .debug_line    0x00007406      0xe89 src/ASF/sam/drivers/pio/pio.o
 .debug_line    0x0000828f      0xa8a src/ASF/sam/drivers/pio/pio_handler.o
 .debug_line    0x00008d19     0x1059 src/ASF/sam/drivers/pmc/pmc.o
 .debug_line    0x00009d72      0xb4f src/ASF/sam/drivers/uart/uart.o
 .debug_line    0x0000a8c1     0x103e src/ASF/sam/drivers/usart/usart.o
 .debug_line    0x0000b8ff      0xa48 src/ASF/sam/utils/cmsis/same70/source/templates/gcc/startup_same70.o
 .debug_line    0x0000c347      0x7d4 src/ASF/sam/utils/cmsis/same70/source/templates/system_same70.o
 .debug_line    0x0000cb1b      0x3d0 src/ASF/sam/utils/syscalls/gcc/syscalls.o

.debug_str      0x00000000    0x8c279
 .debug_str     0x00000000    0x88140 src/main.o
                              0x888ec (size before relaxing)
 .debug_str     0x00088140      0x311 src/ASF/sam/drivers/rtc/rtc.o
                              0x81722 (size before relaxing)
 .debug_str     0x00088451      0x1fb src/ASF/sam/drivers/tc/tc.o
                              0x81743 (size before relaxing)
 .debug_str     0x0008864c      0x2d1 src/ASF/common/services/clock/same70/sysclk.o
                              0x85951 (size before relaxing)
 .debug_str     0x0008891d       0xbd src/ASF/common/services/sleepmgr/sam/sleepmgr.o
                              0x8156c (size before relaxing)
 .debug_str     0x000889da       0x94 src/ASF/common/utils/interrupt/interrupt_sam_nvic.o
                              0x81430 (size before relaxing)
 .debug_str     0x00088a6e       0x2c src/ASF/common/utils/stdio/read.o
                              0x813df (size before relaxing)
 .debug_str     0x00088a9a       0x26 src/ASF/common/utils/stdio/write.o
                              0x813e1 (size before relaxing)
 .debug_str     0x00088ac0      0x9a9 src/ASF/sam/boards/same70_xplained/init.o
                              0x86666 (size before relaxing)
 .debug_str     0x00089469      0x5df src/ASF/sam/drivers/afec/afec.o
                              0x86a69 (size before relaxing)
 .debug_str     0x00089a48      0x58c src/ASF/sam/drivers/pio/pio.o
                              0x81f86 (size before relaxing)
 .debug_str     0x00089fd4      0x111 src/ASF/sam/drivers/pio/pio_handler.o
                              0x81ff7 (size before relaxing)
 .debug_str     0x0008a0e5      0x7b7 src/ASF/sam/drivers/pmc/pmc.o
                              0x820ea (size before relaxing)
 .debug_str     0x0008a89c      0x206 src/ASF/sam/drivers/uart/uart.o
                              0x816e0 (size before relaxing)
 .debug_str     0x0008aaa2      0x94a src/ASF/sam/drivers/usart/usart.o
                              0x81f78 (size before relaxing)
 .debug_str     0x0008b3ec      0x5e4 src/ASF/sam/utils/cmsis/same70/source/templates/gcc/startup_same70.o
                              0x81bd6 (size before relaxing)
 .debug_str     0x0008b9d0      0x16f src/ASF/sam/utils/cmsis/same70/source/templates/system_same70.o
                              0x726c9 (size before relaxing)
 .debug_str     0x0008bb3f      0x73a src/ASF/sam/utils/syscalls/gcc/syscalls.o
                               0x6a0b (size before relaxing)

.debug_frame    0x00000000     0x2640
 .debug_frame   0x00000000       0xec src/main.o
 .debug_frame   0x000000ec      0x1b4 src/ASF/sam/drivers/rtc/rtc.o
 .debug_frame   0x000002a0      0x1a4 src/ASF/sam/drivers/tc/tc.o
 .debug_frame   0x00000444       0x88 src/ASF/common/services/clock/same70/sysclk.o
 .debug_frame   0x000004cc       0x30 src/ASF/common/utils/interrupt/interrupt_sam_nvic.o
 .debug_frame   0x000004fc       0x48 src/ASF/common/utils/stdio/read.o
 .debug_frame   0x00000544       0x48 src/ASF/common/utils/stdio/write.o
 .debug_frame   0x0000058c       0x30 src/ASF/sam/boards/same70_xplained/init.o
 .debug_frame   0x000005bc      0x1e0 src/ASF/sam/drivers/afec/afec.o
 .debug_frame   0x0000079c      0x398 src/ASF/sam/drivers/pio/pio.o
 .debug_frame   0x00000b34      0x110 src/ASF/sam/drivers/pio/pio_handler.o
 .debug_frame   0x00000c44      0x4f8 src/ASF/sam/drivers/pmc/pmc.o
 .debug_frame   0x0000113c      0x19c src/ASF/sam/drivers/uart/uart.o
 .debug_frame   0x000012d8      0x5c0 src/ASF/sam/drivers/usart/usart.o
 .debug_frame   0x00001898       0x38 src/ASF/sam/utils/cmsis/same70/source/templates/gcc/startup_same70.o
 .debug_frame   0x000018d0       0x40 src/ASF/sam/utils/cmsis/same70/source/templates/system_same70.o
 .debug_frame   0x00001910       0xa0 src/ASF/sam/utils/syscalls/gcc/syscalls.o
 .debug_frame   0x000019b0       0x2c c:/program files (x86)/atmel/studio/7.0/toolchain/arm/arm-gnu-toolchain/bin/../lib/gcc/arm-none-eabi/5.3.1/../../../../arm-none-eabi/lib/armv7e-m\libc.a(lib_a-init.o)
 .debug_frame   0x000019dc       0x74 c:/program files (x86)/atmel/studio/7.0/toolchain/arm/arm-gnu-toolchain/bin/../lib/gcc/arm-none-eabi/5.3.1/../../../../arm-none-eabi/lib/armv7e-m\libc.a(lib_a-iprintf.o)
 .debug_frame   0x00001a50       0x34 c:/program files (x86)/atmel/studio/7.0/toolchain/arm/arm-gnu-toolchain/bin/../lib/gcc/arm-none-eabi/5.3.1/../../../../arm-none-eabi/lib/armv7e-m\libc.a(lib_a-memset.o)
 .debug_frame   0x00001a84       0x48 c:/program files (x86)/atmel/studio/7.0/toolchain/arm/arm-gnu-toolchain/bin/../lib/gcc/arm-none-eabi/5.3.1/../../../../arm-none-eabi/lib/armv7e-m\libc.a(lib_a-puts.o)
 .debug_frame   0x00001acc       0x20 c:/program files (x86)/atmel/studio/7.0/toolchain/arm/arm-gnu-toolchain/bin/../lib/gcc/arm-none-eabi/5.3.1/../../../../arm-none-eabi/lib/armv7e-m\libc.a(lib_a-setbuf.o)
 .debug_frame   0x00001aec       0x50 c:/program files (x86)/atmel/studio/7.0/toolchain/arm/arm-gnu-toolchain/bin/../lib/gcc/arm-none-eabi/5.3.1/../../../../arm-none-eabi/lib/armv7e-m\libc.a(lib_a-setvbuf.o)
 .debug_frame   0x00001b3c       0xc8 c:/program files (x86)/atmel/studio/7.0/toolchain/arm/arm-gnu-toolchain/bin/../lib/gcc/arm-none-eabi/5.3.1/../../../../arm-none-eabi/lib/armv7e-m\libc.a(lib_a-vfiprintf.o)
 .debug_frame   0x00001c04       0x2c c:/program files (x86)/atmel/studio/7.0/toolchain/arm/arm-gnu-toolchain/bin/../lib/gcc/arm-none-eabi/5.3.1/../../../../arm-none-eabi/lib/armv7e-m\libc.a(lib_a-wsetup.o)
 .debug_frame   0x00001c30       0x50 c:/program files (x86)/atmel/studio/7.0/toolchain/arm/arm-gnu-toolchain/bin/../lib/gcc/arm-none-eabi/5.3.1/../../../../arm-none-eabi/lib/armv7e-m\libc.a(lib_a-__call_atexit.o)
 .debug_frame   0x00001c80       0x20 c:/program files (x86)/atmel/studio/7.0/toolchain/arm/arm-gnu-toolchain/bin/../lib/gcc/arm-none-eabi/5.3.1/../../../../arm-none-eabi/lib/armv7e-m\libc.a(lib_a-atexit.o)
 .debug_frame   0x00001ca0       0x6c c:/program files (x86)/atmel/studio/7.0/toolchain/arm/arm-gnu-toolchain/bin/../lib/gcc/arm-none-eabi/5.3.1/../../../../arm-none-eabi/lib/armv7e-m\libc.a(lib_a-fflush.o)
 .debug_frame   0x00001d0c      0x124 c:/program files (x86)/atmel/studio/7.0/toolchain/arm/arm-gnu-toolchain/bin/../lib/gcc/arm-none-eabi/5.3.1/../../../../arm-none-eabi/lib/armv7e-m\libc.a(lib_a-findfp.o)
 .debug_frame   0x00001e30       0x34 c:/program files (x86)/atmel/studio/7.0/toolchain/arm/arm-gnu-toolchain/bin/../lib/gcc/arm-none-eabi/5.3.1/../../../../arm-none-eabi/lib/armv7e-m\libc.a(lib_a-fini.o)
 .debug_frame   0x00001e64       0x8c c:/program files (x86)/atmel/studio/7.0/toolchain/arm/arm-gnu-toolchain/bin/../lib/gcc/arm-none-eabi/5.3.1/../../../../arm-none-eabi/lib/armv7e-m\libc.a(lib_a-fputwc.o)
 .debug_frame   0x00001ef0       0x74 c:/program files (x86)/atmel/studio/7.0/toolchain/arm/arm-gnu-toolchain/bin/../lib/gcc/arm-none-eabi/5.3.1/../../../../arm-none-eabi/lib/armv7e-m\libc.a(lib_a-freer.o)
 .debug_frame   0x00001f64       0x68 c:/program files (x86)/atmel/studio/7.0/toolchain/arm/arm-gnu-toolchain/bin/../lib/gcc/arm-none-eabi/5.3.1/../../../../arm-none-eabi/lib/armv7e-m\libc.a(lib_a-fvwrite.o)
 .debug_frame   0x00001fcc       0x54 c:/program files (x86)/atmel/studio/7.0/toolchain/arm/arm-gnu-toolchain/bin/../lib/gcc/arm-none-eabi/5.3.1/../../../../arm-none-eabi/lib/armv7e-m\libc.a(lib_a-fwalk.o)
 .debug_frame   0x00002020       0x9c c:/program files (x86)/atmel/studio/7.0/toolchain/arm/arm-gnu-toolchain/bin/../lib/gcc/arm-none-eabi/5.3.1/../../../../arm-none-eabi/lib/armv7e-m\libc.a(lib_a-locale.o)
 .debug_frame   0x000020bc       0x68 c:/program files (x86)/atmel/studio/7.0/toolchain/arm/arm-gnu-toolchain/bin/../lib/gcc/arm-none-eabi/5.3.1/../../../../arm-none-eabi/lib/armv7e-m\libc.a(lib_a-makebuf.o)
 .debug_frame   0x00002124       0x30 c:/program files (x86)/atmel/studio/7.0/toolchain/arm/arm-gnu-toolchain/bin/../lib/gcc/arm-none-eabi/5.3.1/../../../../arm-none-eabi/lib/armv7e-m\libc.a(lib_a-malloc.o)
 .debug_frame   0x00002154       0x58 c:/program files (x86)/atmel/studio/7.0/toolchain/arm/arm-gnu-toolchain/bin/../lib/gcc/arm-none-eabi/5.3.1/../../../../arm-none-eabi/lib/armv7e-m\libc.a(lib_a-mallocr.o)
 .debug_frame   0x000021ac       0x30 c:/program files (x86)/atmel/studio/7.0/toolchain/arm/arm-gnu-toolchain/bin/../lib/gcc/arm-none-eabi/5.3.1/../../../../arm-none-eabi/lib/armv7e-m\libc.a(lib_a-memmove.o)
 .debug_frame   0x000021dc       0x30 c:/program files (x86)/atmel/studio/7.0/toolchain/arm/arm-gnu-toolchain/bin/../lib/gcc/arm-none-eabi/5.3.1/../../../../arm-none-eabi/lib/armv7e-m\libc.a(lib_a-mlock.o)
 .debug_frame   0x0000220c       0x60 c:/program files (x86)/atmel/studio/7.0/toolchain/arm/arm-gnu-toolchain/bin/../lib/gcc/arm-none-eabi/5.3.1/../../../../arm-none-eabi/lib/armv7e-m\libc.a(lib_a-reallocr.o)
 .debug_frame   0x0000226c       0x2c c:/program files (x86)/atmel/studio/7.0/toolchain/arm/arm-gnu-toolchain/bin/../lib/gcc/arm-none-eabi/5.3.1/../../../../arm-none-eabi/lib/armv7e-m\libc.a(lib_a-sbrkr.o)
 .debug_frame   0x00002298       0x88 c:/program files (x86)/atmel/studio/7.0/toolchain/arm/arm-gnu-toolchain/bin/../lib/gcc/arm-none-eabi/5.3.1/../../../../arm-none-eabi/lib/armv7e-m\libc.a(lib_a-stdio.o)
 .debug_frame   0x00002320       0x40 c:/program files (x86)/atmel/studio/7.0/toolchain/arm/arm-gnu-toolchain/bin/../lib/gcc/arm-none-eabi/5.3.1/../../../../arm-none-eabi/lib/armv7e-m\libc.a(lib_a-wbuf.o)
 .debug_frame   0x00002360       0x60 c:/program files (x86)/atmel/studio/7.0/toolchain/arm/arm-gnu-toolchain/bin/../lib/gcc/arm-none-eabi/5.3.1/../../../../arm-none-eabi/lib/armv7e-m\libc.a(lib_a-wcrtomb.o)
 .debug_frame   0x000023c0       0x48 c:/program files (x86)/atmel/studio/7.0/toolchain/arm/arm-gnu-toolchain/bin/../lib/gcc/arm-none-eabi/5.3.1/../../../../arm-none-eabi/lib/armv7e-m\libc.a(lib_a-wctomb_r.o)
 .debug_frame   0x00002408       0x2c c:/program files (x86)/atmel/studio/7.0/toolchain/arm/arm-gnu-toolchain/bin/../lib/gcc/arm-none-eabi/5.3.1/../../../../arm-none-eabi/lib/armv7e-m\libc.a(lib_a-writer.o)
 .debug_frame   0x00002434       0x34 c:/program files (x86)/atmel/studio/7.0/toolchain/arm/arm-gnu-toolchain/bin/../lib/gcc/arm-none-eabi/5.3.1/../../../../arm-none-eabi/lib/armv7e-m\libc.a(lib_a-__atexit.o)
 .debug_frame   0x00002468       0x2c c:/program files (x86)/atmel/studio/7.0/toolchain/arm/arm-gnu-toolchain/bin/../lib/gcc/arm-none-eabi/5.3.1/../../../../arm-none-eabi/lib/armv7e-m\libc.a(lib_a-closer.o)
 .debug_frame   0x00002494       0x44 c:/program files (x86)/atmel/studio/7.0/toolchain/arm/arm-gnu-toolchain/bin/../lib/gcc/arm-none-eabi/5.3.1/../../../../arm-none-eabi/lib/armv7e-m\libc.a(lib_a-fclose.o)
 .debug_frame   0x000024d8       0x2c c:/program files (x86)/atmel/studio/7.0/toolchain/arm/arm-gnu-toolchain/bin/../lib/gcc/arm-none-eabi/5.3.1/../../../../arm-none-eabi/lib/armv7e-m\libc.a(lib_a-fstatr.o)
 .debug_frame   0x00002504       0x2c c:/program files (x86)/atmel/studio/7.0/toolchain/arm/arm-gnu-toolchain/bin/../lib/gcc/arm-none-eabi/5.3.1/../../../../arm-none-eabi/lib/armv7e-m\libc.a(lib_a-isattyr.o)
 .debug_frame   0x00002530       0x2c c:/program files (x86)/atmel/studio/7.0/toolchain/arm/arm-gnu-toolchain/bin/../lib/gcc/arm-none-eabi/5.3.1/../../../../arm-none-eabi/lib/armv7e-m\libc.a(lib_a-lseekr.o)
 .debug_frame   0x0000255c       0x2c c:/program files (x86)/atmel/studio/7.0/toolchain/arm/arm-gnu-toolchain/bin/../lib/gcc/arm-none-eabi/5.3.1/../../../../arm-none-eabi/lib/armv7e-m\libc.a(lib_a-readr.o)
 .debug_frame   0x00002588       0x58 c:/program files (x86)/atmel/studio/7.0/toolchain/arm/arm-gnu-toolchain/bin/../lib/gcc/arm-none-eabi/5.3.1/../../../../arm-none-eabi/lib/armv7e-m\libc.a(lib_a-reent.o)
 .debug_frame   0x000025e0       0x2c c:/program files (x86)/atmel/studio/7.0/toolchain/arm/arm-gnu-toolchain/bin/../lib/gcc/arm-none-eabi/5.3.1/armv7e-m\libgcc.a(_aeabi_uldivmod.o)
 .debug_frame   0x0000260c       0x34 c:/program files (x86)/atmel/studio/7.0/toolchain/arm/arm-gnu-toolchain/bin/../lib/gcc/arm-none-eabi/5.3.1/armv7e-m\libgcc.a(_udivmoddi4.o)

Cross Reference Table

Symbol                                            File
ACC_Handler                                       src/ASF/sam/utils/cmsis/same70/source/templates/gcc/startup_same70.o
AES_Handler                                       src/ASF/sam/utils/cmsis/same70/source/templates/gcc/startup_same70.o
AFEC0_Handler                                     src/ASF/sam/drivers/afec/afec.o
AFEC1_Handler                                     src/ASF/sam/drivers/afec/afec.o
BusFault_Handler                                  src/ASF/sam/utils/cmsis/same70/source/templates/gcc/startup_same70.o
DACC_Handler                                      src/ASF/sam/utils/cmsis/same70/source/templates/gcc/startup_same70.o
DebugMon_Handler                                  src/ASF/sam/utils/cmsis/same70/source/templates/gcc/startup_same70.o
Dummy_Handler                                     src/ASF/sam/utils/cmsis/same70/source/templates/gcc/startup_same70.o
EFC_Handler                                       src/ASF/sam/utils/cmsis/same70/source/templates/gcc/startup_same70.o
GMAC_Handler                                      src/ASF/sam/utils/cmsis/same70/source/templates/gcc/startup_same70.o
HSMCI_Handler                                     src/ASF/sam/utils/cmsis/same70/source/templates/gcc/startup_same70.o
HardFault_Handler                                 src/ASF/sam/utils/cmsis/same70/source/templates/gcc/startup_same70.o
ICM_Handler                                       src/ASF/sam/utils/cmsis/same70/source/templates/gcc/startup_same70.o
ISI_Handler                                       src/ASF/sam/utils/cmsis/same70/source/templates/gcc/startup_same70.o
MCAN0_Handler                                     src/ASF/sam/utils/cmsis/same70/source/templates/gcc/startup_same70.o
MCAN1_Handler                                     src/ASF/sam/utils/cmsis/same70/source/templates/gcc/startup_same70.o
MemManage_Handler                                 src/ASF/sam/utils/cmsis/same70/source/templates/gcc/startup_same70.o
NMI_Handler                                       src/ASF/sam/utils/cmsis/same70/source/templates/gcc/startup_same70.o
PIOA_Handler                                      src/ASF/sam/drivers/pio/pio_handler.o
PIOB_Handler                                      src/ASF/sam/drivers/pio/pio_handler.o
PIOC_Handler                                      src/ASF/sam/drivers/pio/pio_handler.o
PIOD_Handler                                      src/ASF/sam/drivers/pio/pio_handler.o
PIOE_Handler                                      src/ASF/sam/drivers/pio/pio_handler.o
PMC_Handler                                       src/ASF/sam/utils/cmsis/same70/source/templates/gcc/startup_same70.o
PWM0_Handler                                      src/ASF/sam/utils/cmsis/same70/source/templates/gcc/startup_same70.o
PWM1_Handler                                      src/ASF/sam/utils/cmsis/same70/source/templates/gcc/startup_same70.o
PendSV_Handler                                    src/ASF/sam/utils/cmsis/same70/source/templates/gcc/startup_same70.o
QSPI_Handler                                      src/ASF/sam/utils/cmsis/same70/source/templates/gcc/startup_same70.o
RSTC_Handler                                      src/ASF/sam/utils/cmsis/same70/source/templates/gcc/startup_same70.o
RSWDT_Handler                                     src/ASF/sam/utils/cmsis/same70/source/templates/gcc/startup_same70.o
RTC_Handler                                       src/ASF/sam/utils/cmsis/same70/source/templates/gcc/startup_same70.o
RTC_init                                          src/main.o
RTT_Handler                                       src/ASF/sam/utils/cmsis/same70/source/templates/gcc/startup_same70.o
Reset_Handler                                     src/ASF/sam/utils/cmsis/same70/source/templates/gcc/startup_same70.o
SDRAMC_Handler                                    src/ASF/sam/utils/cmsis/same70/source/templates/gcc/startup_same70.o
SPI0_Handler                                      src/ASF/sam/utils/cmsis/same70/source/templates/gcc/startup_same70.o
SPI1_Handler                                      src/ASF/sam/utils/cmsis/same70/source/templates/gcc/startup_same70.o