Archive member included to satisfy reference by file (symbol)

c:/program files (x86)/atmel/studio/7.0/toolchain/arm/arm-gnu-toolchain/bin/../lib/gcc/arm-none-eabi/5.3.1/../../../../arm-none-eabi/lib/armv7e-m\libc.a(lib_a-exit.o)
                              c:/program files (x86)/atmel/studio/7.0/toolchain/arm/arm-gnu-toolchain/bin/../lib/gcc/arm-none-eabi/5.3.1/../../../../arm-none-eabi/lib/armv7e-m/crt0.o (exit)
c:/program files (x86)/atmel/studio/7.0/toolchain/arm/arm-gnu-toolchain/bin/../lib/gcc/arm-none-eabi/5.3.1/../../../../arm-none-eabi/lib/armv7e-m\libc.a(lib_a-impure.o)
                              c:/program files (x86)/atmel/studio/7.0/toolchain/arm/arm-gnu-toolchain/bin/../lib/gcc/arm-none-eabi/5.3.1/../../../../arm-none-eabi/lib/armv7e-m\libc.a(lib_a-exit.o) (_global_impure_ptr)
c:/program files (x86)/atmel/studio/7.0/toolchain/arm/arm-gnu-toolchain/bin/../lib/gcc/arm-none-eabi/5.3.1/../../../../arm-none-eabi/lib/armv7e-m\libc.a(lib_a-init.o)
                              c:/program files (x86)/atmel/studio/7.0/toolchain/arm/arm-gnu-toolchain/bin/../lib/gcc/arm-none-eabi/5.3.1/../../../../arm-none-eabi/lib/armv7e-m/crt0.o (__libc_init_array)
c:/program files (x86)/atmel/studio/7.0/toolchain/arm/arm-gnu-toolchain/bin/../lib/gcc/arm-none-eabi/5.3.1/../../../../arm-none-eabi/lib/armv7e-m\libc.a(lib_a-iprintf.o)
                              src/main.o (iprintf)
c:/program files (x86)/atmel/studio/7.0/toolchain/arm/arm-gnu-toolchain/bin/../lib/gcc/arm-none-eabi/5.3.1/../../../../arm-none-eabi/lib/armv7e-m\libc.a(lib_a-memset.o)
                              c:/program files (x86)/atmel/studio/7.0/toolchain/arm/arm-gnu-toolchain/bin/../lib/gcc/arm-none-eabi/5.3.1/../../../../arm-none-eabi/lib/armv7e-m/crt0.o (memset)
c:/program files (x86)/atmel/studio/7.0/toolchain/arm/arm-gnu-toolchain/bin/../lib/gcc/arm-none-eabi/5.3.1/../../../../arm-none-eabi/lib/armv7e-m\libc.a(lib_a-puts.o)
                              src/main.o (puts)
c:/program files (x86)/atmel/studio/7.0/toolchain/arm/arm-gnu-toolchain/bin/../lib/gcc/arm-none-eabi/5.3.1/../../../../arm-none-eabi/lib/armv7e-m\libc.a(lib_a-setbuf.o)
                              src/main.o (setbuf)
c:/program files (x86)/atmel/studio/7.0/toolchain/arm/arm-gnu-toolchain/bin/../lib/gcc/arm-none-eabi/5.3.1/../../../../arm-none-eabi/lib/armv7e-m\libc.a(lib_a-setvbuf.o)
                              c:/program files (x86)/atmel/studio/7.0/toolchain/arm/arm-gnu-toolchain/bin/../lib/gcc/arm-none-eabi/5.3.1/../../../../arm-none-eabi/lib/armv7e-m\libc.a(lib_a-setbuf.o) (setvbuf)
c:/program files (x86)/atmel/studio/7.0/toolchain/arm/arm-gnu-toolchain/bin/../lib/gcc/arm-none-eabi/5.3.1/../../../../arm-none-eabi/lib/armv7e-m\libc.a(lib_a-strlen.o)
                              c:/program files (x86)/atmel/studio/7.0/toolchain/arm/arm-gnu-toolchain/bin/../lib/gcc/arm-none-eabi/5.3.1/../../../../arm-none-eabi/lib/armv7e-m\libc.a(lib_a-puts.o) (strlen)
c:/program files (x86)/atmel/studio/7.0/toolchain/arm/arm-gnu-toolchain/bin/../lib/gcc/arm-none-eabi/5.3.1/../../../../arm-none-eabi/lib/armv7e-m\libc.a(lib_a-vfiprintf.o)
                              c:/program files (x86)/atmel/studio/7.0/toolchain/arm/arm-gnu-toolchain/bin/../lib/gcc/arm-none-eabi/5.3.1/../../../../arm-none-eabi/lib/armv7e-m\libc.a(lib_a-iprintf.o) (_vfiprintf_r)
c:/program files (x86)/atmel/studio/7.0/toolchain/arm/arm-gnu-toolchain/bin/../lib/gcc/arm-none-eabi/5.3.1/../../../../arm-none-eabi/lib/armv7e-m\libc.a(lib_a-wsetup.o)
                              c:/program files (x86)/atmel/studio/7.0/toolchain/arm/arm-gnu-toolchain/bin/../lib/gcc/arm-none-eabi/5.3.1/../../../../arm-none-eabi/lib/armv7e-m\libc.a(lib_a-vfiprintf.o) (__swsetup_r)
c:/program files (x86)/atmel/studio/7.0/toolchain/arm/arm-gnu-toolchain/bin/../lib/gcc/arm-none-eabi/5.3.1/../../../../arm-none-eabi/lib/armv7e-m\libc.a(lib_a-__call_atexit.o)
                              c:/program files (x86)/atmel/studio/7.0/toolchain/arm/arm-gnu-toolchain/bin/../lib/gcc/arm-none-eabi/5.3.1/../../../../arm-none-eabi/lib/armv7e-m\libc.a(lib_a-exit.o) (__call_exitprocs)
c:/program files (x86)/atmel/studio/7.0/toolchain/arm/arm-gnu-toolchain/bin/../lib/gcc/arm-none-eabi/5.3.1/../../../../arm-none-eabi/lib/armv7e-m\libc.a(lib_a-atexit.o)
                              c:/program files (x86)/atmel/studio/7.0/toolchain/arm/arm-gnu-toolchain/bin/../lib/gcc/arm-none-eabi/5.3.1/../../../../arm-none-eabi/lib/armv7e-m\libc.a(lib_a-__call_atexit.o) (atexit)
c:/program files (x86)/atmel/studio/7.0/toolchain/arm/arm-gnu-toolchain/bin/../lib/gcc/arm-none-eabi/5.3.1/../../../../arm-none-eabi/lib/armv7e-m\libc.a(lib_a-fflush.o)
                              c:/program files (x86)/atmel/studio/7.0/toolchain/arm/arm-gnu-toolchain/bin/../lib/gcc/arm-none-eabi/5.3.1/../../../../arm-none-eabi/lib/armv7e-m\libc.a(lib_a-setvbuf.o) (_fflush_r)
[...]
Memory Configuration

Name             Origin             Length             Attributes
rom              0x00400000         0x00200000         xr
ram              0x20400000         0x00060000         xrw
*default*        0x00000000         0xffffffff

Linker script and memory map

LOAD c:/program files (x86)/atmel/studio/7.0/toolchain/arm/arm-gnu-toolchain/bin/../lib/gcc/arm-none-eabi/5.3.1/armv7e-m/crti.o
LOAD c:/program files (x86)/atmel/studio/7.0/toolchain/arm/arm-gnu-toolchain/bin/../lib/gcc/arm-none-eabi/5.3.1/armv7e-m/crtbegin.o
LOAD c:/program files (x86)/atmel/studio/7.0/toolchain/arm/arm-gnu-toolchain/bin/../lib/gcc/arm-none-eabi/5.3.1/../../../../arm-none-eabi/lib/armv7e-m/crt0.o
LOAD src/main.o
LOAD src/ASF/common/services/delay/sam/cycle_counter.o
LOAD src/ASF/sam/drivers/rtc/rtc.o
LOAD src/ASF/sam/drivers/tc/tc.o
LOAD src/ASF/common/services/clock/same70/sysclk.o
LOAD src/ASF/common/services/serial/usart_serial.o
LOAD src/ASF/common/services/sleepmgr/sam/sleepmgr.o
LOAD src/ASF/common/utils/interrupt/interrupt_sam_nvic.o
LOAD src/ASF/common/utils/stdio/read.o
LOAD src/ASF/common/utils/stdio/write.o
LOAD src/ASF/sam/boards/same70_xplained/init.o
LOAD src/ASF/sam/drivers/afec/afec.o
LOAD src/ASF/sam/drivers/mpu/mpu.o
LOAD src/ASF/sam/drivers/pio/pio.o
LOAD src/ASF/sam/drivers/pio/pio_handler.o
LOAD src/ASF/sam/drivers/pmc/pmc.o
LOAD src/ASF/sam/drivers/pmc/sleep.o
LOAD src/ASF/sam/drivers/uart/uart.o
LOAD src/ASF/sam/drivers/usart/usart.o
LOAD src/ASF/sam/utils/cmsis/same70/source/templates/gcc/startup_same70.o
LOAD src/ASF/sam/utils/cmsis/same70/source/templates/system_same70.o
LOAD src/ASF/sam/utils/syscalls/gcc/syscalls.o
START GROUP
LOAD ../src/ASF/thirdparty/CMSIS/Lib/GCC\libarm_cortexM7lfsp_math_softfp.a
LOAD c:/program files (x86)/atmel/studio/7.0/toolchain/arm/arm-gnu-toolchain/bin/../lib/gcc/arm-none-eabi/5.3.1/../../../../arm-none-eabi/lib/armv7e-m\libm.a
END GROUP
START GROUP
LOAD c:/program files (x86)/atmel/studio/7.0/toolchain/arm/arm-gnu-toolchain/bin/../lib/gcc/arm-none-eabi/5.3.1/armv7e-m\libgcc.a
LOAD c:/program files (x86)/atmel/studio/7.0/toolchain/arm/arm-gnu-toolchain/bin/../lib/gcc/arm-none-eabi/5.3.1/../../../../arm-none-eabi/lib/armv7e-m\libc.a
END GROUP
LOAD c:/program files (x86)/atmel/studio/7.0/toolchain/arm/arm-gnu-toolchain/bin/../lib/gcc/arm-none-eabi/5.3.1/armv7e-m/crtend.o
LOAD c:/program files (x86)/atmel/studio/7.0/toolchain/arm/arm-gnu-toolchain/bin/../lib/gcc/arm-none-eabi/5.3.1/armv7e-m/crtn.o
                0x00002000                STACK_SIZE = DEFINED (STACK_SIZE)?STACK_SIZE:0x2000
                0x2045fffc                __ram_end__ = ((ORIGIN (ram) + LENGTH (ram)) - 0x4)
                0x00000200                HEAP_SIZE = DEFINED (HEAP_SIZE)?HEAP_SIZE:0x200

.text           0x00400000     0x4900
                0x00400000                . = ALIGN (0x4)
                0x00400000                _sfixed = .
 *(.vectors .vectors.*)
 .vectors       0x00400000      0x140 src/ASF/sam/utils/cmsis/same70/source/templates/gcc/startup_same70.o
                0x00400000                exception_table
 *(.text .text.* .gnu.linkonce.t.*)
 .text          0x00400140       0x5c c:/program files (x86)/atmel/studio/7.0/toolchain/arm/arm-gnu-toolchain/bin/../lib/gcc/arm-none-eabi/5.3.1/armv7e-m/crtbegin.o
 .text.AFEC_Temp_callback
                0x0040019c       0x20 src/main.o
 .text.usart_serial_getchar
                0x004001bc       0xd8 src/main.o
 .text.usart_serial_putchar
                0x00400294       0xd4 src/main.o
 .text.TC_init  0x00400368       0x94 src/main.o
                0x00400368                TC_init
 .text.TC0_Handler
                0x004003fc       0x2c src/main.o
                0x004003fc                TC0_Handler
 .text.RTC_init
                0x00400428       0x70 src/main.o
                0x00400428                RTC_init
 .text.RTC_Handler
                0x00400498       0xe0 src/main.o
                0x00400498                RTC_Handler
 .text.main     0x00400578      0x218 src/main.o
                0x00400578                main
 .text.rtc_set_hour_mode
                0x00400790       0x18 src/ASF/sam/drivers/rtc/rtc.o
                0x00400790                rtc_set_hour_mode
 .text.rtc_enable_interrupt
                0x004007a8        0x4 src/ASF/sam/drivers/rtc/rtc.o
                0x004007a8                rtc_enable_interrupt
 .text.rtc_get_time
                0x004007ac       0x5c src/ASF/sam/drivers/rtc/rtc.o
                0x004007ac                rtc_get_time
 .text.rtc_set_time
                0x00400808       0x90 src/ASF/sam/drivers/rtc/rtc.o
                0x00400808                rtc_set_time
 .text.rtc_set_time_alarm
                0x00400898       0x98 src/ASF/sam/drivers/rtc/rtc.o
                0x00400898                rtc_set_time_alarm
 .text.rtc_get_date
                0x00400930       0x74 src/ASF/sam/drivers/rtc/rtc.o
                0x00400930                rtc_get_date
 .text.rtc_set_date
                0x004009a4       0xb8 src/ASF/sam/drivers/rtc/rtc.o
                0x004009a4                rtc_set_date
 .text.rtc_set_date_alarm
                0x00400a5c       0x64 src/ASF/sam/drivers/rtc/rtc.o
                0x00400a5c                rtc_set_date_alarm
 .text.rtc_get_status
                0x00400ac0        0x4 src/ASF/sam/drivers/rtc/rtc.o
                0x00400ac0                rtc_get_status
 .text.rtc_clear_status
                0x00400ac4        0x4 src/ASF/sam/drivers/rtc/rtc.o
                0x00400ac4                rtc_clear_status
 .text.tc_init  0x00400ac8       0x1c src/ASF/sam/drivers/tc/tc.o
                0x00400ac8                tc_init
 .text.tc_start
                0x00400ae4        0x8 src/ASF/sam/drivers/tc/tc.o
                0x00400ae4                tc_start
 .text.tc_write_rc
                0x00400aec        0x8 src/ASF/sam/drivers/tc/tc.o
                0x00400aec                tc_write_rc
 .text.tc_enable_interrupt
                0x00400af4        0x8 src/ASF/sam/drivers/tc/tc.o
                0x00400af4                tc_enable_interrupt
 .text.tc_get_status
                0x00400afc        0x8 src/ASF/sam/drivers/tc/tc.o
                0x00400afc                tc_get_status
 .text.tc_find_mck_divisor
                0x00400b04       0x74 src/ASF/sam/drivers/tc/tc.o
                0x00400b04                tc_find_mck_divisor
 .text.sysclk_init
                0x00400b78       0x70 src/ASF/common/services/clock/same70/sysclk.o
                0x00400b78                sysclk_init
 .text._read    0x00400be8       0x3c src/ASF/common/utils/stdio/read.o
                0x00400be8                _read
 .text._write   0x00400c24       0x50 src/ASF/common/utils/stdio/write.o
                0x00400c24                _write
 .text.board_init
                0x00400c74      0x184 src/ASF/sam/boards/same70_xplained/init.o
                0x00400c74                board_init
 .text.afec_process_callback
                0x00400df8       0x80 src/ASF/sam/drivers/afec/afec.o
 .text.afec_ch_set_config
                0x00400e78       0x30 src/ASF/sam/drivers/afec/afec.o
                0x00400e78                afec_ch_set_config
 .text.afec_temp_sensor_set_config
                0x00400ea8       0x14 src/ASF/sam/drivers/afec/afec.o
                0x00400ea8                afec_temp_sensor_set_config
 .text.afec_get_config_defaults
                0x00400ebc       0x30 src/ASF/sam/drivers/afec/afec.o
                0x00400ebc                afec_get_config_defaults
 .text.afec_ch_get_config_defaults
                0x00400eec        0xc src/ASF/sam/drivers/afec/afec.o
                0x00400eec                afec_ch_get_config_defaults
 .text.afec_temp_sensor_get_config_defaults
                0x00400ef8       0x14 src/ASF/sam/drivers/afec/afec.o
                0x00400ef8                afec_temp_sensor_get_config_defaults
 .text.afec_init
                0x00400f0c       0xc8 src/ASF/sam/drivers/afec/afec.o
                0x00400f0c                afec_init
 .text.afec_enable_interrupt
                0x00400fd4       0x38 src/ASF/sam/drivers/afec/afec.o
                0x00400fd4                afec_enable_interrupt
 .text.afec_set_callback
                0x0040100c       0x58 src/ASF/sam/drivers/afec/afec.o
                0x0040100c                afec_set_callback
 .text.AFEC0_Handler
                0x00401064       0x14 src/ASF/sam/drivers/afec/afec.o
                0x00401064                AFEC0_Handler
 .text.AFEC1_Handler
                0x00401078       0x14 src/ASF/sam/drivers/afec/afec.o
                0x00401078                AFEC1_Handler
 .text.afec_enable
                0x0040108c       0x64 src/ASF/sam/drivers/afec/afec.o
                0x0040108c                afec_enable
 .text.pio_get_interrupt_status
                0x004010f0        0x4 src/ASF/sam/drivers/pio/pio.o
                0x004010f0                pio_get_interrupt_status
 .text.pio_get_interrupt_mask
                0x004010f4        0x4 src/ASF/sam/drivers/pio/pio.o
                0x004010f4                pio_get_interrupt_mask
 .text.pio_handler_process
                0x004010f8       0x50 src/ASF/sam/drivers/pio/pio_handler.o
                0x004010f8                pio_handler_process
 .text.PIOA_Handler
                0x00401148       0x14 src/ASF/sam/drivers/pio/pio_handler.o
                0x00401148                PIOA_Handler
 .text.PIOB_Handler
                0x0040115c       0x14 src/ASF/sam/drivers/pio/pio_handler.o
                0x0040115c                PIOB_Handler
 .text.PIOC_Handler
                0x00401170       0x14 src/ASF/sam/drivers/pio/pio_handler.o
                0x00401170                PIOC_Handler
 .text.PIOD_Handler
                0x00401184       0x14 src/ASF/sam/drivers/pio/pio_handler.o
                0x00401184                PIOD_Handler
 .text.PIOE_Handler
                0x00401198       0x14 src/ASF/sam/drivers/pio/pio_handler.o
                0x00401198                PIOE_Handler
 .text.pmc_mck_set_division
                0x004011ac       0x3c src/ASF/sam/drivers/pmc/pmc.o
                0x004011ac                pmc_mck_set_division
 .text.pmc_switch_mck_to_pllack
                0x004011e8       0x68 src/ASF/sam/drivers/pmc/pmc.o
                0x004011e8                pmc_switch_mck_to_pllack
 .text.pmc_switch_mainck_to_xtal
                0x00401250       0x54 src/ASF/sam/drivers/pmc/pmc.o
                0x00401250                pmc_switch_mainck_to_xtal
 .text.pmc_osc_is_ready_mainck
                0x004012a4       0x10 src/ASF/sam/drivers/pmc/pmc.o
                0x004012a4                pmc_osc_is_ready_mainck
 .text.pmc_disable_pllack
                0x004012b4       0x10 src/ASF/sam/drivers/pmc/pmc.o
                0x004012b4                pmc_disable_pllack
 .text.pmc_is_locked_pllack
                0x004012c4       0x10 src/ASF/sam/drivers/pmc/pmc.o
                0x004012c4                pmc_is_locked_pllack
 .text.pmc_enable_periph_clk
                0x004012d4       0x54 src/ASF/sam/drivers/pmc/pmc.o
                0x004012d4                pmc_enable_periph_clk
 .text.uart_write
                0x00401328       0x14 src/ASF/sam/drivers/uart/uart.o
                0x00401328                uart_write
 .text.uart_read
                0x0040133c       0x14 src/ASF/sam/drivers/uart/uart.o
                0x0040133c                uart_read
 .text.usart_set_async_baudrate
                0x00401350       0x60 src/ASF/sam/drivers/usart/usart.o
                0x00401350                usart_set_async_baudrate
 .text.usart_reset
                0x004013b0       0x28 src/ASF/sam/drivers/usart/usart.o
                0x004013b0                usart_reset
 .text.usart_init_rs232
                0x004013d8       0x54 src/ASF/sam/drivers/usart/usart.o
                0x004013d8                usart_init_rs232
 .text.usart_enable_tx
                0x0040142c        0x8 src/ASF/sam/drivers/usart/usart.o
                0x0040142c                usart_enable_tx
 .text.usart_enable_rx
                0x00401434        0x8 src/ASF/sam/drivers/usart/usart.o
                0x00401434                usart_enable_rx
 .text.usart_write
                0x0040143c       0x18 src/ASF/sam/drivers/usart/usart.o
                0x0040143c                usart_write
 .text.usart_read
                0x00401454       0x18 src/ASF/sam/drivers/usart/usart.o
                0x00401454                usart_read
 .text.Dummy_Handler
                0x0040146c        0x4 src/ASF/sam/utils/cmsis/same70/source/templates/gcc/startup_same70.o
                0x0040146c                DACC_Handler
                0x0040146c                DebugMon_Handler
                0x0040146c                UART3_Handler
                0x0040146c                UART2_Handler
                0x0040146c                TRNG_Handler
                0x0040146c                HardFault_Handler
                0x0040146c                TC2_Handler
                0x0040146c                SysTick_Handler
                0x0040146c                PendSV_Handler
                0x0040146c                NMI_Handler
                0x0040146c                TC7_Handler
                0x0040146c                QSPI_Handler
                0x0040146c                ISI_Handler
                0x0040146c                TC9_Handler
                0x0040146c                RSWDT_Handler
                0x0040146c                MCAN1_Handler
                0x0040146c                USART0_Handler
                0x0040146c                RTT_Handler
                0x0040146c                USBHS_Handler
                0x0040146c                UsageFault_Handler
                0x0040146c                TC6_Handler
                0x0040146c                WDT_Handler
                0x0040146c                TC4_Handler
                0x0040146c                TC1_Handler
                0x0040146c                HSMCI_Handler
                0x0040146c                UART1_Handler
                0x0040146c                TC3_Handler
                0x0040146c                Dummy_Handler
                0x0040146c                TWIHS1_Handler
                0x0040146c                XDMAC_Handler
                0x0040146c                UART4_Handler
                0x0040146c                PWM1_Handler
                0x0040146c                USART1_Handler
                0x0040146c                PWM0_Handler
                0x0040146c                SSC_Handler
                0x0040146c                TC11_Handler
                0x0040146c                ACC_Handler
                0x0040146c                PMC_Handler
                0x0040146c                GMAC_Handler
                0x0040146c                MemManage_Handler
                0x0040146c                SUPC_Handler
                0x0040146c                SVC_Handler
                0x0040146c                TC8_Handler
                0x0040146c                EFC_Handler
                0x0040146c                USART2_Handler
                0x0040146c                SDRAMC_Handler
                0x0040146c                SPI1_Handler
                0x0040146c                MCAN0_Handler
                0x0040146c                TC10_Handler
                0x0040146c                TWIHS2_Handler
                0x0040146c                UART0_Handler
                0x0040146c                BusFault_Handler
                0x0040146c                RSTC_Handler
                0x0040146c                TC5_Handler
                0x0040146c                ICM_Handler
                0x0040146c                AES_Handler
                0x0040146c                TWIHS0_Handler
                0x0040146c                SPI0_Handler
 .text.Reset_Handler
                0x00401470       0xdc src/ASF/sam/utils/cmsis/same70/source/templates/gcc/startup_same70.o
                0x00401470                Reset_Handler
 .text.SystemCoreClockUpdate
                0x0040154c      0x110 src/ASF/sam/utils/cmsis/same70/source/templates/system_same70.o
                0x0040154c                SystemCoreClockUpdate
 .text.system_init_flash
                0x0040165c       0x8c src/ASF/sam/utils/cmsis/same70/source/templates/system_same70.o
                0x0040165c                system_init_flash
 .text._sbrk    0x004016e8       0x34 src/ASF/sam/utils/syscalls/gcc/syscalls.o
                0x004016e8                _sbrk
 .text._close   0x0040171c        0x8 src/ASF/sam/utils/syscalls/gcc/syscalls.o
                0x0040171c                _close
 .text._fstat   0x00401724        0xc src/ASF/sam/utils/syscalls/gcc/syscalls.o
                0x00401724                _fstat
 .text._isatty  0x00401730        0x4 src/ASF/sam/utils/syscalls/gcc/syscalls.o
                0x00401730                _isatty
 .text._lseek   0x00401734        0x4 src/ASF/sam/utils/syscalls/gcc/syscalls.o
                0x00401734                _lseek
 .text.__libc_init_array
                0x00401738       0x50 c:/program files (x86)/atmel/studio/7.0/toolchain/arm/arm-gnu-toolchain/bin/../lib/gcc/arm-none-eabi/5.3.1/../../../../arm-none-eabi/lib/armv7e-m\libc.a(lib_a-init.o)
                0x00401738                __libc_init_array
 .text.iprintf  0x00401788       0x28 c:/program files (x86)/atmel/studio/7.0/toolchain/arm/arm-gnu-toolchain/bin/../lib/gcc/arm-none-eabi/5.3.1/../../../../arm-none-eabi/lib/armv7e-m\libc.a(lib_a-iprintf.o)
                0x00401788                iprintf
 .text.memset   0x004017b0       0x9c c:/program files (x86)/atmel/studio/7.0/toolchain/arm/arm-gnu-toolchain/bin/../lib/gcc/arm-none-eabi/5.3.1/../../../../arm-none-eabi/lib/armv7e-m\libc.a(lib_a-memset.o)
                0x004017b0                memset
 .text._puts_r  0x0040184c       0x68 c:/program files (x86)/atmel/studio/7.0/toolchain/arm/arm-gnu-toolchain/bin/../lib/gcc/arm-none-eabi/5.3.1/../../../../arm-none-eabi/lib/armv7e-m\libc.a(lib_a-puts.o)
                0x0040184c                _puts_r
 .text.puts     0x004018b4       0x10 c:/program files (x86)/atmel/studio/7.0/toolchain/arm/arm-gnu-toolchain/bin/../lib/gcc/arm-none-eabi/5.3.1/../../../../arm-none-eabi/lib/armv7e-m\libc.a(lib_a-puts.o)
                0x004018b4                puts
 .text.setbuf   0x004018c4       0x10 c:/program files (x86)/atmel/studio/7.0/toolchain/arm/arm-gnu-toolchain/bin/../lib/gcc/arm-none-eabi/5.3.1/../../../../arm-none-eabi/lib/armv7e-m\libc.a(lib_a-setbuf.o)
                0x004018c4                setbuf
 .text.setvbuf  0x004018d4      0x150 c:/program files (x86)/atmel/studio/7.0/toolchain/arm/arm-gnu-toolchain/bin/../lib/gcc/arm-none-eabi/5.3.1/../../../../arm-none-eabi/lib/armv7e-m\libc.a(lib_a-setvbuf.o)
                0x004018d4                setvbuf
 *fill*         0x00401a24       0x1c 
 .text          0x00401a40       0xdc c:/program files (x86)/atmel/studio/7.0/toolchain/arm/arm-gnu-toolchain/bin/../lib/gcc/arm-none-eabi/5.3.1/../../../../arm-none-eabi/lib/armv7e-m\libc.a(lib_a-strlen.o)
                0x00401a40                strlen
 .text.__sprint_r.part.0
                0x00401b1c       0x78 c:/program files (x86)/atmel/studio/7.0/toolchain/arm/arm-gnu-toolchain/bin/../lib/gcc/arm-none-eabi/5.3.1/../../../../arm-none-eabi/lib/armv7e-m\libc.a(lib_a-vfiprintf.o)
 .text._vfiprintf_r
                0x00401b94      0xdfc c:/program files (x86)/atmel/studio/7.0/toolchain/arm/arm-gnu-toolchain/bin/../lib/gcc/arm-none-eabi/5.3.1/../../../../arm-none-eabi/lib/armv7e-m\libc.a(lib_a-vfiprintf.o)
                0x00401b94                _vfiprintf_r
 .text.__sbprintf
                0x00402990       0x6c c:/program files (x86)/atmel/studio/7.0/toolchain/arm/arm-gnu-toolchain/bin/../lib/gcc/arm-none-eabi/5.3.1/../../../../arm-none-eabi/lib/armv7e-m\libc.a(lib_a-vfiprintf.o)
 .text.__swsetup_r
                0x004029fc       0xc8 c:/program files (x86)/atmel/studio/7.0/toolchain/arm/arm-gnu-toolchain/bin/../lib/gcc/arm-none-eabi/5.3.1/../../../../arm-none-eabi/lib/armv7e-m\libc.a(lib_a-wsetup.o)
                0x004029fc                __swsetup_r
 .text.startup.register_fini
                0x00402ac4       0x14 c:/program files (x86)/atmel/studio/7.0/toolchain/arm/arm-gnu-toolchain/bin/../lib/gcc/arm-none-eabi/5.3.1/../../../../arm-none-eabi/lib/armv7e-m\libc.a(lib_a-__call_atexit.o)
 .text.atexit   0x00402ad8        0xc c:/program files (x86)/atmel/studio/7.0/toolchain/arm/arm-gnu-toolchain/bin/../lib/gcc/arm-none-eabi/5.3.1/../../../../arm-none-eabi/lib/armv7e-m\libc.a(lib_a-atexit.o)
                0x00402ad8                atexit
 .text.__sflush_r
                0x00402ae4      0x148 c:/program files (x86)/atmel/studio/7.0/toolchain/arm/arm-gnu-toolchain/bin/../lib/gcc/arm-none-eabi/5.3.1/../../../../arm-none-eabi/lib/armv7e-m\libc.a(lib_a-fflush.o)
                0x00402ae4                __sflush_r
 .text._fflush_r
                0x00402c2c       0x2c c:/program files (x86)/atmel/studio/7.0/toolchain/arm/arm-gnu-toolchain/bin/../lib/gcc/arm-none-eabi/5.3.1/../../../../arm-none-eabi/lib/armv7e-m\libc.a(lib_a-fflush.o)
                0x00402c2c                _fflush_r
 .text._cleanup_r
                0x00402c58        0xc c:/program files (x86)/atmel/studio/7.0/toolchain/arm/arm-gnu-toolchain/bin/../lib/gcc/arm-none-eabi/5.3.1/../../../../arm-none-eabi/lib/armv7e-m\libc.a(lib_a-findfp.o)
                0x00402c58                _cleanup_r
 .text.__sinit.part.1
                0x00402c64       0xf0 c:/program files (x86)/atmel/studio/7.0/toolchain/arm/arm-gnu-toolchain/bin/../lib/gcc/arm-none-eabi/5.3.1/../../../../arm-none-eabi/lib/armv7e-m\libc.a(lib_a-findfp.o)
 .text.__sinit  0x00402d54        0xc c:/program files (x86)/atmel/studio/7.0/toolchain/arm/arm-gnu-toolchain/bin/../lib/gcc/arm-none-eabi/5.3.1/../../../../arm-none-eabi/lib/armv7e-m\libc.a(lib_a-findfp.o)
                0x00402d54                __sinit
 .text.__sfp_lock_acquire
                0x00402d60        0x4 c:/program files (x86)/atmel/studio/7.0/toolchain/arm/arm-gnu-toolchain/bin/../lib/gcc/arm-none-eabi/5.3.1/../../../../arm-none-eabi/lib/armv7e-m\libc.a(lib_a-findfp.o)
                0x00402d60                __sfp_lock_acquire
 .text.__sfp_lock_release
                0x00402d64        0x4 c:/program files (x86)/atmel/studio/7.0/toolchain/arm/arm-gnu-toolchain/bin/../lib/gcc/arm-none-eabi/5.3.1/../../../../arm-none-eabi/lib/armv7e-m\libc.a(lib_a-findfp.o)
                0x00402d64                __sfp_lock_release
 .text.__libc_fini_array
                0x00402d68       0x28 c:/program files (x86)/atmel/studio/7.0/toolchain/arm/arm-gnu-toolchain/bin/../lib/gcc/arm-none-eabi/5.3.1/../../../../arm-none-eabi/lib/armv7e-m\libc.a(lib_a-fini.o)
                0x00402d68                __libc_fini_array
 .text.__fputwc
                0x00402d90       0x98 c:/program files (x86)/atmel/studio/7.0/toolchain/arm/arm-gnu-toolchain/bin/../lib/gcc/arm-none-eabi/5.3.1/../../../../arm-none-eabi/lib/armv7e-m\libc.a(lib_a-fputwc.o)
                0x00402d90                __fputwc
 .text._fputwc_r
                0x00402e28       0x24 c:/program files (x86)/atmel/studio/7.0/toolchain/arm/arm-gnu-toolchain/bin/../lib/gcc/arm-none-eabi/5.3.1/../../../../arm-none-eabi/lib/armv7e-m\libc.a(lib_a-fputwc.o)
                0x00402e28                _fputwc_r
 .text._malloc_trim_r
                0x00402e4c       0x9c c:/program files (x86)/atmel/studio/7.0/toolchain/arm/arm-gnu-toolchain/bin/../lib/gcc/arm-none-eabi/5.3.1/../../../../arm-none-eabi/lib/armv7e-m\libc.a(lib_a-freer.o)
                0x00402e4c                _malloc_trim_r
 .text._free_r  0x00402ee8      0x1d0 c:/program files (x86)/atmel/studio/7.0/toolchain/arm/arm-gnu-toolchain/bin/../lib/gcc/arm-none-eabi/5.3.1/../../../../arm-none-eabi/lib/armv7e-m\libc.a(lib_a-freer.o)
                0x00402ee8                _free_r
 .text.__sfvwrite_r
                0x004030b8      0x304 c:/program files (x86)/atmel/studio/7.0/toolchain/arm/arm-gnu-toolchain/bin/../lib/gcc/arm-none-eabi/5.3.1/../../../../arm-none-eabi/lib/armv7e-m\libc.a(lib_a-fvwrite.o)
                0x004030b8                __sfvwrite_r
 .text._fwalk_reent
                0x004033bc       0x54 c:/program files (x86)/atmel/studio/7.0/toolchain/arm/arm-gnu-toolchain/bin/../lib/gcc/arm-none-eabi/5.3.1/../../../../arm-none-eabi/lib/armv7e-m\libc.a(lib_a-fwalk.o)
                0x004033bc                _fwalk_reent
 .text.__locale_charset
                0x00403410        0x8 c:/program files (x86)/atmel/studio/7.0/toolchain/arm/arm-gnu-toolchain/bin/../lib/gcc/arm-none-eabi/5.3.1/../../../../arm-none-eabi/lib/armv7e-m\libc.a(lib_a-locale.o)
                0x00403410                __locale_charset
 .text.__locale_mb_cur_max
                0x00403418        0xc c:/program files (x86)/atmel/studio/7.0/toolchain/arm/arm-gnu-toolchain/bin/../lib/gcc/arm-none-eabi/5.3.1/../../../../arm-none-eabi/lib/armv7e-m\libc.a(lib_a-locale.o)
                0x00403418                __locale_mb_cur_max
 .text.__swhatbuf_r
                0x00403424       0x60 c:/program files (x86)/atmel/studio/7.0/toolchain/arm/arm-gnu-toolchain/bin/../lib/gcc/arm-none-eabi/5.3.1/../../../../arm-none-eabi/lib/armv7e-m\libc.a(lib_a-makebuf.o)
                0x00403424                __swhatbuf_r
 .text.__smakebuf_r
                0x00403484       0x88 c:/program files (x86)/atmel/studio/7.0/toolchain/arm/arm-gnu-toolchain/bin/../lib/gcc/arm-none-eabi/5.3.1/../../../../arm-none-eabi/lib/armv7e-m\libc.a(lib_a-makebuf.o)
                0x00403484                __smakebuf_r
 .text.malloc   0x0040350c       0x10 c:/program files (x86)/atmel/studio/7.0/toolchain/arm/arm-gnu-toolchain/bin/../lib/gcc/arm-none-eabi/5.3.1/../../../../arm-none-eabi/lib/armv7e-m\libc.a(lib_a-malloc.o)
                0x0040350c                malloc
 .text._malloc_r
                0x0040351c      0x570 c:/program files (x86)/atmel/studio/7.0/toolchain/arm/arm-gnu-toolchain/bin/../lib/gcc/arm-none-eabi/5.3.1/../../../../arm-none-eabi/lib/armv7e-m\libc.a(lib_a-mallocr.o)
                0x0040351c                _malloc_r
 *fill*         0x00403a8c        0x4 
 .text          0x00403a90       0xa0 c:/program files (x86)/atmel/studio/7.0/toolchain/arm/arm-gnu-toolchain/bin/../lib/gcc/arm-none-eabi/5.3.1/../../../../arm-none-eabi/lib/armv7e-m\libc.a(lib_a-memchr.o)
                0x00403a90                memchr
 .text          0x00403b30      0x134 c:/program files (x86)/atmel/studio/7.0/toolchain/arm/arm-gnu-toolchain/bin/../lib/gcc/arm-none-eabi/5.3.1/../../../../arm-none-eabi/lib/armv7e-m\libc.a(lib_a-memcpy.o)
                0x00403b30                memcpy
 .text.memmove  0x00403c64       0xc8 c:/program files (x86)/atmel/studio/7.0/toolchain/arm/arm-gnu-toolchain/bin/../lib/gcc/arm-none-eabi/5.3.1/../../../../arm-none-eabi/lib/armv7e-m\libc.a(lib_a-memmove.o)
                0x00403c64                memmove
 .text.__malloc_lock
                0x00403d2c        0x4 c:/program files (x86)/atmel/studio/7.0/toolchain/arm/arm-gnu-toolchain/bin/../lib/gcc/arm-none-eabi/5.3.1/../../../../arm-none-eabi/lib/armv7e-m\libc.a(lib_a-mlock.o)
                0x00403d2c                __malloc_lock
 .text.__malloc_unlock
                0x00403d30        0x4 c:/program files (x86)/atmel/studio/7.0/toolchain/arm/arm-gnu-toolchain/bin/../lib/gcc/arm-none-eabi/5.3.1/../../../../arm-none-eabi/lib/armv7e-m\libc.a(lib_a-mlock.o)
                0x00403d30                __malloc_unlock
 .text._realloc_r
                0x00403d34      0x3e0 c:/program files (x86)/atmel/studio/7.0/toolchain/arm/arm-gnu-toolchain/bin/../lib/gcc/arm-none-eabi/5.3.1/../../../../arm-none-eabi/lib/armv7e-m\libc.a(lib_a-reallocr.o)
                0x00403d34                _realloc_r
 .text._sbrk_r  0x00404114       0x24 c:/program files (x86)/atmel/studio/7.0/toolchain/arm/arm-gnu-toolchain/bin/../lib/gcc/arm-none-eabi/5.3.1/../../../../arm-none-eabi/lib/armv7e-m\libc.a(lib_a-sbrkr.o)
                0x00404114                _sbrk_r
 .text.__sread  0x00404138       0x24 c:/program files (x86)/atmel/studio/7.0/toolchain/arm/arm-gnu-toolchain/bin/../lib/gcc/arm-none-eabi/5.3.1/../../../../arm-none-eabi/lib/armv7e-m\libc.a(lib_a-stdio.o)
                0x00404138                __sread
 .text.__swrite
                0x0040415c       0x3c c:/program files (x86)/atmel/studio/7.0/toolchain/arm/arm-gnu-toolchain/bin/../lib/gcc/arm-none-eabi/5.3.1/../../../../arm-none-eabi/lib/armv7e-m\libc.a(lib_a-stdio.o)
                0x0040415c                __swrite
 .text.__sseek  0x00404198       0x20 c:/program files (x86)/atmel/studio/7.0/toolchain/arm/arm-gnu-toolchain/bin/../lib/gcc/arm-none-eabi/5.3.1/../../../../arm-none-eabi/lib/armv7e-m\libc.a(lib_a-stdio.o)
                0x00404198                __sseek
 .text.__sclose
                0x004041b8        0x8 c:/program files (x86)/atmel/studio/7.0/toolchain/arm/arm-gnu-toolchain/bin/../lib/gcc/arm-none-eabi/5.3.1/../../../../arm-none-eabi/lib/armv7e-m\libc.a(lib_a-stdio.o)
                0x004041b8                __sclose
 .text.__swbuf_r
                0x004041c0       0xac c:/program files (x86)/atmel/studio/7.0/toolchain/arm/arm-gnu-toolchain/bin/../lib/gcc/arm-none-eabi/5.3.1/../../../../arm-none-eabi/lib/armv7e-m\libc.a(lib_a-wbuf.o)
                0x004041c0                __swbuf_r
 .text._wcrtomb_r
                0x0040426c       0x54 c:/program files (x86)/atmel/studio/7.0/toolchain/arm/arm-gnu-toolchain/bin/../lib/gcc/arm-none-eabi/5.3.1/../../../../arm-none-eabi/lib/armv7e-m\libc.a(lib_a-wcrtomb.o)
                0x0040426c                _wcrtomb_r
 .text.__ascii_wctomb
                0x004042c0       0x1c c:/program files (x86)/atmel/studio/7.0/toolchain/arm/arm-gnu-toolchain/bin/../lib/gcc/arm-none-eabi/5.3.1/../../../../arm-none-eabi/lib/armv7e-m\libc.a(lib_a-wctomb_r.o)
                0x004042c0                __ascii_wctomb
 .text._write_r
                0x004042dc       0x2c c:/program files (x86)/atmel/studio/7.0/toolchain/arm/arm-gnu-toolchain/bin/../lib/gcc/arm-none-eabi/5.3.1/../../../../arm-none-eabi/lib/armv7e-m\libc.a(lib_a-writer.o)
                0x004042dc                _write_r
 .text.__register_exitproc
                0x00404308       0xa4 c:/program files (x86)/atmel/studio/7.0/toolchain/arm/arm-gnu-toolchain/bin/../lib/gcc/arm-none-eabi/5.3.1/../../../../arm-none-eabi/lib/armv7e-m\libc.a(lib_a-__atexit.o)
                0x00404308                __register_exitproc
 .text._close_r
                0x004043ac       0x24 c:/program files (x86)/atmel/studio/7.0/toolchain/arm/arm-gnu-toolchain/bin/../lib/gcc/arm-none-eabi/5.3.1/../../../../arm-none-eabi/lib/armv7e-m\libc.a(lib_a-closer.o)
                0x004043ac                _close_r
 .text._fclose_r
                0x004043d0       0x84 c:/program files (x86)/atmel/studio/7.0/toolchain/arm/arm-gnu-toolchain/bin/../lib/gcc/arm-none-eabi/5.3.1/../../../../arm-none-eabi/lib/armv7e-m\libc.a(lib_a-fclose.o)
                0x004043d0                _fclose_r
 .text._fstat_r
                0x00404454       0x28 c:/program files (x86)/atmel/studio/7.0/toolchain/arm/arm-gnu-toolchain/bin/../lib/gcc/arm-none-eabi/5.3.1/../../../../arm-none-eabi/lib/armv7e-m\libc.a(lib_a-fstatr.o)
                0x00404454                _fstat_r
 .text._isatty_r
                0x0040447c       0x24 c:/program files (x86)/atmel/studio/7.0/toolchain/arm/arm-gnu-toolchain/bin/../lib/gcc/arm-none-eabi/5.3.1/../../../../arm-none-eabi/lib/armv7e-m\libc.a(lib_a-isattyr.o)
                0x0040447c                _isatty_r
 .text._lseek_r
                0x004044a0       0x2c c:/program files (x86)/atmel/studio/7.0/toolchain/arm/arm-gnu-toolchain/bin/../lib/gcc/arm-none-eabi/5.3.1/../../../../arm-none-eabi/lib/armv7e-m\libc.a(lib_a-lseekr.o)
                0x004044a0                _lseek_r
 .text._read_r  0x004044cc       0x2c c:/program files (x86)/atmel/studio/7.0/toolchain/arm/arm-gnu-toolchain/bin/../lib/gcc/arm-none-eabi/5.3.1/../../../../arm-none-eabi/lib/armv7e-m\libc.a(lib_a-readr.o)
                0x004044cc                _read_r
 .text          0x004044f8       0x30 c:/program files (x86)/atmel/studio/7.0/toolchain/arm/arm-gnu-toolchain/bin/../lib/gcc/arm-none-eabi/5.3.1/armv7e-m\libgcc.a(_aeabi_uldivmod.o)
                0x004044f8                __aeabi_uldivmod
 .text          0x00404528      0x2e4 c:/program files (x86)/atmel/studio/7.0/toolchain/arm/arm-gnu-toolchain/bin/../lib/gcc/arm-none-eabi/5.3.1/armv7e-m\libgcc.a(_udivmoddi4.o)
                0x00404528                __udivmoddi4
 .text          0x0040480c        0x4 c:/program files (x86)/atmel/studio/7.0/toolchain/arm/arm-gnu-toolchain/bin/../lib/gcc/arm-none-eabi/5.3.1/armv7e-m\libgcc.a(_dvmd_tls.o)
                0x0040480c                __aeabi_idiv0
                0x0040480c                __aeabi_ldiv0
 *(.glue_7t)
 .glue_7t       0x00404810        0x0 linker stubs
 *(.glue_7)
 .glue_7        0x00404810        0x0 linker stubs
 *(.rodata .rodata* .gnu.linkonce.r.*)
 .rodata.str1.4
                0x00404810       0x70 src/main.o
 .rodata.str1.4
                0x00404880        0x2 c:/program files (x86)/atmel/studio/7.0/toolchain/arm/arm-gnu-toolchain/bin/../lib/gcc/arm-none-eabi/5.3.1/../../../../arm-none-eabi/lib/armv7e-m\libc.a(lib_a-impure.o)
 *fill*         0x00404882        0x2 
 .rodata._global_impure_ptr
                0x00404884        0x4 c:/program files (x86)/atmel/studio/7.0/toolchain/arm/arm-gnu-toolchain/bin/../lib/gcc/arm-none-eabi/5.3.1/../../../../arm-none-eabi/lib/armv7e-m\libc.a(lib_a-impure.o)
                0x00404884                _global_impure_ptr
 .rodata.str1.4
                0x00404888        0x2 c:/program files (x86)/atmel/studio/7.0/toolchain/arm/arm-gnu-toolchain/bin/../lib/gcc/arm-none-eabi/5.3.1/../../../../arm-none-eabi/lib/armv7e-m\libc.a(lib_a-puts.o)
 *fill*         0x0040488a        0x2 
 .rodata.zeroes.6993
                0x0040488c       0x10 c:/program files (x86)/atmel/studio/7.0/toolchain/arm/arm-gnu-toolchain/bin/../lib/gcc/arm-none-eabi/5.3.1/../../../../arm-none-eabi/lib/armv7e-m\libc.a(lib_a-vfiprintf.o)
 .rodata.str1.4
                0x0040489c       0x30 c:/program files (x86)/atmel/studio/7.0/toolchain/arm/arm-gnu-toolchain/bin/../lib/gcc/arm-none-eabi/5.3.1/../../../../arm-none-eabi/lib/armv7e-m\libc.a(lib_a-vfiprintf.o)
                                 0x2f (size before relaxing)
 .rodata.blanks.6992
                0x004048cc       0x10 c:/program files (x86)/atmel/studio/7.0/toolchain/arm/arm-gnu-toolchain/bin/../lib/gcc/arm-none-eabi/5.3.1/../../../../arm-none-eabi/lib/armv7e-m\libc.a(lib_a-vfiprintf.o)
 *(.ARM.extab* .gnu.linkonce.armextab.*)
                0x004048dc                . = ALIGN (0x4)
 *(.init)
 .init          0x004048dc        0x4 c:/program files (x86)/atmel/studio/7.0/toolchain/arm/arm-gnu-toolchain/bin/../lib/gcc/arm-none-eabi/5.3.1/armv7e-m/crti.o
                0x004048dc                _init
 .init          0x004048e0        0x8 c:/program files (x86)/atmel/studio/7.0/toolchain/arm/arm-gnu-toolchain/bin/../lib/gcc/arm-none-eabi/5.3.1/armv7e-m/crtn.o
                0x004048e8                . = ALIGN (0x4)
                0x004048e8                __preinit_array_start = .
 *(.preinit_array)
                0x004048e8                __preinit_array_end = .
                0x004048e8                . = ALIGN (0x4)
                0x004048e8                __init_array_start = .
 *(SORT(.init_array.*))
 .init_array.00000
                0x004048e8        0x4 c:/program files (x86)/atmel/studio/7.0/toolchain/arm/arm-gnu-toolchain/bin/../lib/gcc/arm-none-eabi/5.3.1/../../../../arm-none-eabi/lib/armv7e-m\libc.a(lib_a-__call_atexit.o)
 *(.init_array)
 .init_array    0x004048ec        0x4 c:/program files (x86)/atmel/studio/7.0/toolchain/arm/arm-gnu-toolchain/bin/../lib/gcc/arm-none-eabi/5.3.1/armv7e-m/crtbegin.o
                0x004048f0                __init_array_end = .
                0x004048f0                . = ALIGN (0x4)
 *crtbegin.o(.ctors)
 *(EXCLUDE_FILE(*crtend.o) .ctors)
 *(SORT(.ctors.*))
 *crtend.o(.ctors)
                0x004048f0                . = ALIGN (0x4)
 *(.fini)
 .fini          0x004048f0        0x4 c:/program files (x86)/atmel/studio/7.0/toolchain/arm/arm-gnu-toolchain/bin/../lib/gcc/arm-none-eabi/5.3.1/armv7e-m/crti.o
                0x004048f0                _fini
 .fini          0x004048f4        0x8 c:/program files (x86)/atmel/studio/7.0/toolchain/arm/arm-gnu-toolchain/bin/../lib/gcc/arm-none-eabi/5.3.1/armv7e-m/crtn.o
                0x004048fc                . = ALIGN (0x4)
                0x004048fc                __fini_array_start = .
 *(.fini_array)
 .fini_array    0x004048fc        0x4 c:/program files (x86)/atmel/studio/7.0/toolchain/arm/arm-gnu-toolchain/bin/../lib/gcc/arm-none-eabi/5.3.1/armv7e-m/crtbegin.o
 *(SORT(.fini_array.*))
                0x00404900                __fini_array_end = .
 *crtbegin.o(.dtors)
 *(EXCLUDE_FILE(*crtend.o) .dtors)
 *(SORT(.dtors.*))
 *crtend.o(.dtors)
                0x00404900                . = ALIGN (0x4)
                0x00404900                _efixed = .
                [!provide]                PROVIDE (__exidx_start, .)

.vfp11_veneer   0x00404900        0x0
 .vfp11_veneer  0x00404900        0x0 linker stubs

.v4_bx          0x00404900        0x0
 .v4_bx         0x00404900        0x0 linker stubs

.iplt           0x00404900        0x0
 .iplt          0x00404900        0x0 c:/program files (x86)/atmel/studio/7.0/toolchain/arm/arm-gnu-toolchain/bin/../lib/gcc/arm-none-eabi/5.3.1/armv7e-m/crtbegin.o

.ARM.exidx      0x00404900        0x8
 *(.ARM.exidx* .gnu.linkonce.armexidx.*)
 .ARM.exidx     0x00404900        0x8 c:/program files (x86)/atmel/studio/7.0/toolchain/arm/arm-gnu-toolchain/bin/../lib/gcc/arm-none-eabi/5.3.1/armv7e-m\libgcc.a(_udivmoddi4.o)
                [!provide]                PROVIDE (__exidx_end, .)

.eh_frame       0x00404908        0x0
 .eh_frame      0x00404908        0x0 c:/program files (x86)/atmel/studio/7.0/toolchain/arm/arm-gnu-toolchain/bin/../lib/gcc/arm-none-eabi/5.3.1/armv7e-m/crtbegin.o

.rel.dyn        0x00404908        0x0
 .rel.iplt      0x00404908        0x0 c:/program files (x86)/atmel/studio/7.0/toolchain/arm/arm-gnu-toolchain/bin/../lib/gcc/arm-none-eabi/5.3.1/armv7e-m/crtbegin.o

.jcr            0x00404908        0x0
 .jcr           0x00404908        0x0 c:/program files (x86)/atmel/studio/7.0/toolchain/arm/arm-gnu-toolchain/bin/../lib/gcc/arm-none-eabi/5.3.1/armv7e-m/crtbegin.o

.igot.plt       0x00404908        0x0
 .igot.plt      0x00404908        0x0 c:/program files (x86)/atmel/studio/7.0/toolchain/arm/arm-gnu-toolchain/bin/../lib/gcc/arm-none-eabi/5.3.1/armv7e-m/crtbegin.o
                0x00404908                . = ALIGN (0x4)
                0x00404908                _etext = .

.relocate       0x20400000      0x86c load address 0x00404908
                0x20400000                . = ALIGN (0x4)
                0x20400000                _srelocate = .
 *(.ramfunc .ramfunc.*)
 *(.data .data.*)
 .data.g_interrupt_enabled
                0x20400000        0x1 src/ASF/common/utils/interrupt/interrupt_sam_nvic.o
                0x20400000                g_interrupt_enabled
 *fill*         0x20400001        0x3 
 .data.SystemCoreClock
                0x20400004        0x4 src/ASF/sam/utils/cmsis/same70/source/templates/system_same70.o
                0x20400004                SystemCoreClock
 .data.impure_data
                0x20400008      0x428 c:/program files (x86)/atmel/studio/7.0/toolchain/arm/arm-gnu-toolchain/bin/../lib/gcc/arm-none-eabi/5.3.1/../../../../arm-none-eabi/lib/armv7e-m\libc.a(lib_a-impure.o)
 .data._impure_ptr
                0x20400430        0x4 c:/program files (x86)/atmel/studio/7.0/toolchain/arm/arm-gnu-toolchain/bin/../lib/gcc/arm-none-eabi/5.3.1/../../../../arm-none-eabi/lib/armv7e-m\libc.a(lib_a-impure.o)
                0x20400430                _impure_ptr
 .data.lc_ctype_charset
                0x20400434       0x20 c:/program files (x86)/atmel/studio/7.0/toolchain/arm/arm-gnu-toolchain/bin/../lib/gcc/arm-none-eabi/5.3.1/../../../../arm-none-eabi/lib/armv7e-m\libc.a(lib_a-locale.o)
 .data.__mb_cur_max
                0x20400454        0x4 c:/program files (x86)/atmel/studio/7.0/toolchain/arm/arm-gnu-toolchain/bin/../lib/gcc/arm-none-eabi/5.3.1/../../../../arm-none-eabi/lib/armv7e-m\libc.a(lib_a-locale.o)
                0x20400454                __mb_cur_max
 .data.__malloc_av_
                0x20400458      0x408 c:/program files (x86)/atmel/studio/7.0/toolchain/arm/arm-gnu-toolchain/bin/../lib/gcc/arm-none-eabi/5.3.1/../../../../arm-none-eabi/lib/armv7e-m\libc.a(lib_a-mallocr.o)
                0x20400458                __malloc_av_
 .data.__malloc_trim_threshold
                0x20400860        0x4 c:/program files (x86)/atmel/studio/7.0/toolchain/arm/arm-gnu-toolchain/bin/../lib/gcc/arm-none-eabi/5.3.1/../../../../arm-none-eabi/lib/armv7e-m\libc.a(lib_a-mallocr.o)
                0x20400860                __malloc_trim_threshold
 .data.__malloc_sbrk_base
                0x20400864        0x4 c:/program files (x86)/atmel/studio/7.0/toolchain/arm/arm-gnu-toolchain/bin/../lib/gcc/arm-none-eabi/5.3.1/../../../../arm-none-eabi/lib/armv7e-m\libc.a(lib_a-mallocr.o)
                0x20400864                __malloc_sbrk_base
 .data.__wctomb
                0x20400868        0x4 c:/program files (x86)/atmel/studio/7.0/toolchain/arm/arm-gnu-toolchain/bin/../lib/gcc/arm-none-eabi/5.3.1/../../../../arm-none-eabi/lib/armv7e-m\libc.a(lib_a-wctomb_r.o)
                0x20400868                __wctomb
                0x2040086c                . = ALIGN (0x4)
                0x2040086c                _erelocate = .

.bss            0x2040086c      0x168 load address 0x00405174
                0x2040086c                . = ALIGN (0x4)
                0x2040086c                _sbss = .
                0x2040086c                _szero = .
 *(.bss .bss.*)
 .bss           0x2040086c       0x1c c:/program files (x86)/atmel/studio/7.0/toolchain/arm/arm-gnu-toolchain/bin/../lib/gcc/arm-none-eabi/5.3.1/armv7e-m/crtbegin.o
 .bss.has_passed_second
                0x20400888        0x1 src/main.o
                0x20400888                has_passed_second
 .bss.is_conversion_done
                0x20400889        0x1 src/main.o
                0x20400889                is_conversion_done
 *fill*         0x2040088a        0x2 
 .bss.g_ul_value
                0x2040088c        0x4 src/main.o
                0x2040088c                g_ul_value
 .bss.gs_interrupt_sources
                0x20400890       0x70 src/ASF/sam/drivers/pio/pio_handler.o
 .bss.ul_reg_val.8198
                0x20400900        0x4 src/ASF/sam/drivers/usart/usart.o
 .bss.heap.5289
                0x20400904        0x4 src/ASF/sam/utils/syscalls/gcc/syscalls.o
 .bss.__malloc_max_total_mem
                0x20400908        0x4 c:/program files (x86)/atmel/studio/7.0/toolchain/arm/arm-gnu-toolchain/bin/../lib/gcc/arm-none-eabi/5.3.1/../../../../arm-none-eabi/lib/armv7e-m\libc.a(lib_a-mallocr.o)
                0x20400908                __malloc_max_total_mem
 .bss.__malloc_max_sbrked_mem
                0x2040090c        0x4 c:/program files (x86)/atmel/studio/7.0/toolchain/arm/arm-gnu-toolchain/bin/../lib/gcc/arm-none-eabi/5.3.1/../../../../arm-none-eabi/lib/armv7e-m\libc.a(lib_a-mallocr.o)
                0x2040090c                __malloc_max_sbrked_mem
 .bss.__malloc_top_pad
                0x20400910        0x4 c:/program files (x86)/atmel/studio/7.0/toolchain/arm/arm-gnu-toolchain/bin/../lib/gcc/arm-none-eabi/5.3.1/../../../../arm-none-eabi/lib/armv7e-m\libc.a(lib_a-mallocr.o)
                0x20400910                __malloc_top_pad
 .bss.__malloc_current_mallinfo
                0x20400914       0x28 c:/program files (x86)/atmel/studio/7.0/toolchain/arm/arm-gnu-toolchain/bin/../lib/gcc/arm-none-eabi/5.3.1/../../../../arm-none-eabi/lib/armv7e-m\libc.a(lib_a-mallocr.o)
                0x20400914                __malloc_current_mallinfo
 *(COMMON)
 COMMON         0x2040093c        0x6 src/ASF/common/services/sleepmgr/sam/sleepmgr.o
                0x2040093c                sleepmgr_locks
 *fill*         0x20400942        0x2 
 COMMON         0x20400944        0x4 src/ASF/common/utils/stdio/read.o
                0x20400944                ptr_get
 COMMON         0x20400948        0x8 src/ASF/common/utils/stdio/write.o
                0x20400948                ptr_put
                0x2040094c                stdio_base
 COMMON         0x20400950       0x80 src/ASF/sam/drivers/afec/afec.o
                0x20400950                afec_callback_pointer
 COMMON         0x204009d0        0x4 c:/program files (x86)/atmel/studio/7.0/toolchain/arm/arm-gnu-toolchain/bin/../lib/gcc/arm-none-eabi/5.3.1/../../../../arm-none-eabi/lib/armv7e-m\libc.a(lib_a-reent.o)
                0x204009d0                errno
                0x204009d4                . = ALIGN (0x4)
                0x204009d4                _ebss = .
                0x204009d4                _ezero = .

.stack          0x204009d4     0x2004 load address 0x004052dc
                0x204009d8                . = ALIGN (0x8)
 *fill*         0x204009d4        0x4 
                0x204009d8                _sstack = .
                0x204029d8                . = (. + STACK_SIZE)
 *fill*         0x204009d8     0x2000 
                0x204029d8                . = ALIGN (0x8)
                0x204029d8                _estack = .

.heap           0x204029d8      0x200 load address 0x004072e0
                0x204029d8                . = ALIGN (0x8)
                0x204029d8                _sheap = .
                0x20402bd8                . = (. + HEAP_SIZE)
 *fill*         0x204029d8      0x200 
                0x20402bd8                . = ALIGN (0x8)
                0x20402bd8                _eheap = .
                0x20402bd8                . = ALIGN (0x4)
                0x20402bd8                _end = .
                0x2045ffff                _ram_end_ = ((ORIGIN (ram) + LENGTH (ram)) - 0x1)
OUTPUT(12-ADC.elf elf32-littlearm)

.ARM.attributes
                0x00000000       0x2e
 .ARM.attributes
                0x00000000       0x1e c:/program files (x86)/atmel/studio/7.0/toolchain/arm/arm-gnu-toolchain/bin/../lib/gcc/arm-none-eabi/5.3.1/armv7e-m/crti.o
 .ARM.attributes
                0x0000001e       0x2e c:/program files (x86)/atmel/studio/7.0/toolchain/arm/arm-gnu-toolchain/bin/../lib/gcc/arm-none-eabi/5.3.1/armv7e-m/crtbegin.o
 .ARM.attributes
                0x0000004c       0x37 src/main.o
 .ARM.attributes
                0x00000083       0x37 src/ASF/sam/drivers/rtc/rtc.o
 .ARM.attributes
                0x000000ba       0x37 src/ASF/sam/drivers/tc/tc.o
 .ARM.attributes
                0x000000f1       0x37 src/ASF/common/services/clock/same70/sysclk.o
 .ARM.attributes
                0x00000128       0x37 src/ASF/common/services/sleepmgr/sam/sleepmgr.o
 .ARM.attributes
                0x0000015f       0x37 src/ASF/common/utils/interrupt/interrupt_sam_nvic.o
 .ARM.attributes
                0x00000196       0x37 src/ASF/common/utils/stdio/read.o
 .ARM.attributes
                0x000001cd       0x37 src/ASF/common/utils/stdio/write.o
 .ARM.attributes
                0x00000204       0x37 src/ASF/sam/boards/same70_xplained/init.o
 .ARM.attributes
                0x0000023b       0x37 src/ASF/sam/drivers/afec/afec.o
 .ARM.attributes
                0x00000272       0x37 src/ASF/sam/drivers/pio/pio.o
 .ARM.attributes
                0x000002a9       0x37 src/ASF/sam/drivers/pio/pio_handler.o
 .ARM.attributes
                0x000002e0       0x37 src/ASF/sam/drivers/pmc/pmc.o
 .ARM.attributes
                0x00000317       0x37 src/ASF/sam/drivers/uart/uart.o
 .ARM.attributes
                0x0000034e       0x37 src/ASF/sam/drivers/usart/usart.o
 .ARM.attributes
                0x00000385       0x37 src/ASF/sam/utils/cmsis/same70/source/templates/gcc/startup_same70.o
 .ARM.attributes
                0x000003bc       0x37 src/ASF/sam/utils/cmsis/same70/source/templates/system_same70.o
 .ARM.attributes
                0x000003f3       0x37 src/ASF/sam/utils/syscalls/gcc/syscalls.o
 .ARM.attributes
                0x0000042a       0x2e c:/program files (x86)/atmel/studio/7.0/toolchain/arm/arm-gnu-toolchain/bin/../lib/gcc/arm-none-eabi/5.3.1/../../../../arm-none-eabi/lib/armv7e-m\libc.a(lib_a-impure.o)
 .ARM.attributes
                0x00000458       0x2e c:/program files (x86)/atmel/studio/7.0/toolchain/arm/arm-gnu-toolchain/bin/../lib/gcc/arm-none-eabi/5.3.1/../../../../arm-none-eabi/lib/armv7e-m\libc.a(lib_a-init.o)
 .ARM.attributes
                0x00000486       0x2e c:/program files (x86)/atmel/studio/7.0/toolchain/arm/arm-gnu-toolchain/bin/../lib/gcc/arm-none-eabi/5.3.1/../../../../arm-none-eabi/lib/armv7e-m\libc.a(lib_a-iprintf.o)
 .ARM.attributes
                0x000004b4       0x2e c:/program files (x86)/atmel/studio/7.0/toolchain/arm/arm-gnu-toolchain/bin/../lib/gcc/arm-none-eabi/5.3.1/../../../../arm-none-eabi/lib/armv7e-m\libc.a(lib_a-memset.o)
 .ARM.attributes
                0x000004e2       0x2e c:/program files (x86)/atmel/studio/7.0/toolchain/arm/arm-gnu-toolchain/bin/../lib/gcc/arm-none-eabi/5.3.1/../../../../arm-none-eabi/lib/armv7e-m\libc.a(lib_a-puts.o)
 .ARM.attributes
                0x00000510       0x2e c:/program files (x86)/atmel/studio/7.0/toolchain/arm/arm-gnu-toolchain/bin/../lib/gcc/arm-none-eabi/5.3.1/../../../../arm-none-eabi/lib/armv7e-m\libc.a(lib_a-setbuf.o)
 .ARM.attributes
                0x0000053e       0x2e c:/program files (x86)/atmel/studio/7.0/toolchain/arm/arm-gnu-toolchain/bin/../lib/gcc/arm-none-eabi/5.3.1/../../../../arm-none-eabi/lib/armv7e-m\libc.a(lib_a-setvbuf.o)
 .ARM.attributes
                0x0000056c       0x1c c:/program files (x86)/atmel/studio/7.0/toolchain/arm/arm-gnu-toolchain/bin/../lib/gcc/arm-none-eabi/5.3.1/../../../../arm-none-eabi/lib/armv7e-m\libc.a(lib_a-strlen.o)
 .ARM.attributes
                0x00000588       0x2e c:/program files (x86)/atmel/studio/7.0/toolchain/arm/arm-gnu-toolchain/bin/../lib/gcc/arm-none-eabi/5.3.1/../../../../arm-none-eabi/lib/armv7e-m\libc.a(lib_a-vfiprintf.o)
 .ARM.attributes
                0x000005b6       0x2e c:/program files (x86)/atmel/studio/7.0/toolchain/arm/arm-gnu-toolchain/bin/../lib/gcc/arm-none-eabi/5.3.1/../../../../arm-none-eabi/lib/armv7e-m\libc.a(lib_a-wsetup.o)
 .ARM.attributes
                0x000005e4       0x2e c:/program files (x86)/atmel/studio/7.0/toolchain/arm/arm-gnu-toolchain/bin/../lib/gcc/arm-none-eabi/5.3.1/../../../../arm-none-eabi/lib/armv7e-m\libc.a(lib_a-__call_atexit.o)
 .ARM.attributes
                0x00000612       0x2e c:/program files (x86)/atmel/studio/7.0/toolchain/arm/arm-gnu-toolchain/bin/../lib/gcc/arm-none-eabi/5.3.1/../../../../arm-none-eabi/lib/armv7e-m\libc.a(lib_a-atexit.o)
 .ARM.attributes
                0x00000640       0x2e c:/program files (x86)/atmel/studio/7.0/toolchain/arm/arm-gnu-toolchain/bin/../lib/gcc/arm-none-eabi/5.3.1/../../../../arm-none-eabi/lib/armv7e-m\libc.a(lib_a-fflush.o)
 .ARM.attributes
                0x0000066e       0x2e c:/program files (x86)/atmel/studio/7.0/toolchain/arm/arm-gnu-toolchain/bin/../lib/gcc/arm-none-eabi/5.3.1/../../../../arm-none-eabi/lib/armv7e-m\libc.a(lib_a-findfp.o)
 .ARM.attributes
                0x0000069c       0x2e c:/program files (x86)/atmel/studio/7.0/toolchain/arm/arm-gnu-toolchain/bin/../lib/gcc/arm-none-eabi/5.3.1/../../../../arm-none-eabi/lib/armv7e-m\libc.a(lib_a-fini.o)
 .ARM.attributes
                0x000006ca       0x2e c:/program files (x86)/atmel/studio/7.0/toolchain/arm/arm-gnu-toolchain/bin/../lib/gcc/arm-none-eabi/5.3.1/../../../../arm-none-eabi/lib/armv7e-m\libc.a(lib_a-fputwc.o)
 .ARM.attributes
                0x000006f8       0x2e c:/program files (x86)/atmel/studio/7.0/toolchain/arm/arm-gnu-toolchain/bin/../lib/gcc/arm-none-eabi/5.3.1/../../../../arm-none-eabi/lib/armv7e-m\libc.a(lib_a-freer.o)
 .ARM.attributes
                0x00000726       0x2e c:/program files (x86)/atmel/studio/7.0/toolchain/arm/arm-gnu-toolchain/bin/../lib/gcc/arm-none-eabi/5.3.1/../../../../arm-none-eabi/lib/armv7e-m\libc.a(lib_a-fvwrite.o)
 .ARM.attributes
                0x00000754       0x2e c:/program files (x86)/atmel/studio/7.0/toolchain/arm/arm-gnu-toolchain/bin/../lib/gcc/arm-none-eabi/5.3.1/../../../../arm-none-eabi/lib/armv7e-m\libc.a(lib_a-fwalk.o)
 .ARM.attributes
                0x00000782       0x2e c:/program files (x86)/atmel/studio/7.0/toolchain/arm/arm-gnu-toolchain/bin/../lib/gcc/arm-none-eabi/5.3.1/../../../../arm-none-eabi/lib/armv7e-m\libc.a(lib_a-locale.o)
 .ARM.attributes
                0x000007b0       0x2e c:/program files (x86)/atmel/studio/7.0/toolchain/arm/arm-gnu-toolchain/bin/../lib/gcc/arm-none-eabi/5.3.1/../../../../arm-none-eabi/lib/armv7e-m\libc.a(lib_a-makebuf.o)
 .ARM.attributes
                0x000007de       0x2e c:/program files (x86)/atmel/studio/7.0/toolchain/arm/arm-gnu-toolchain/bin/../lib/gcc/arm-none-eabi/5.3.1/../../../../arm-none-eabi/lib/armv7e-m\libc.a(lib_a-malloc.o)
 .ARM.attributes
                0x0000080c       0x2e c:/program files (x86)/atmel/studio/7.0/toolchain/arm/arm-gnu-toolchain/bin/../lib/gcc/arm-none-eabi/5.3.1/../../../../arm-none-eabi/lib/armv7e-m\libc.a(lib_a-mallocr.o)
 .ARM.attributes
                0x0000083a       0x1c c:/program files (x86)/atmel/studio/7.0/toolchain/arm/arm-gnu-toolchain/bin/../lib/gcc/arm-none-eabi/5.3.1/../../../../arm-none-eabi/lib/armv7e-m\libc.a(lib_a-memchr.o)
 .ARM.attributes
                0x00000856       0x1c c:/program files (x86)/atmel/studio/7.0/toolchain/arm/arm-gnu-toolchain/bin/../lib/gcc/arm-none-eabi/5.3.1/../../../../arm-none-eabi/lib/armv7e-m\libc.a(lib_a-memcpy.o)
 .ARM.attributes
                0x00000872       0x2e c:/program files (x86)/atmel/studio/7.0/toolchain/arm/arm-gnu-toolchain/bin/../lib/gcc/arm-none-eabi/5.3.1/../../../../arm-none-eabi/lib/armv7e-m\libc.a(lib_a-memmove.o)
 .ARM.attributes
                0x000008a0       0x2e c:/program files (x86)/atmel/studio/7.0/toolchain/arm/arm-gnu-toolchain/bin/../lib/gcc/arm-none-eabi/5.3.1/../../../../arm-none-eabi/lib/armv7e-m\libc.a(lib_a-mlock.o)
 .ARM.attributes
                0x000008ce       0x2e c:/program files (x86)/atmel/studio/7.0/toolchain/arm/arm-gnu-toolchain/bin/../lib/gcc/arm-none-eabi/5.3.1/../../../../arm-none-eabi/lib/armv7e-m\libc.a(lib_a-reallocr.o)
 .ARM.attributes
                0x000008fc       0x2e c:/program files (x86)/atmel/studio/7.0/toolchain/arm/arm-gnu-toolchain/bin/../lib/gcc/arm-none-eabi/5.3.1/../../../../arm-none-eabi/lib/armv7e-m\libc.a(lib_a-sbrkr.o)
 .ARM.attributes
                0x0000092a       0x2e c:/program files (x86)/atmel/studio/7.0/toolchain/arm/arm-gnu-toolchain/bin/../lib/gcc/arm-none-eabi/5.3.1/../../../../arm-none-eabi/lib/armv7e-m\libc.a(lib_a-stdio.o)
 .ARM.attributes
                0x00000958       0x2e c:/program files (x86)/atmel/studio/7.0/toolchain/arm/arm-gnu-toolchain/bin/../lib/gcc/arm-none-eabi/5.3.1/../../../../arm-none-eabi/lib/armv7e-m\libc.a(lib_a-wbuf.o)
 .ARM.attributes
                0x00000986       0x2e c:/program files (x86)/atmel/studio/7.0/toolchain/arm/arm-gnu-toolchain/bin/../lib/gcc/arm-none-eabi/5.3.1/../../../../arm-none-eabi/lib/armv7e-m\libc.a(lib_a-wcrtomb.o)
 .ARM.attributes
                0x000009b4       0x2e c:/program files (x86)/atmel/studio/7.0/toolchain/arm/arm-gnu-toolchain/bin/../lib/gcc/arm-none-eabi/5.3.1/../../../../arm-none-eabi/lib/armv7e-m\libc.a(lib_a-wctomb_r.o)
 .ARM.attributes
                0x000009e2       0x2e c:/program files (x86)/atmel/studio/7.0/toolchain/arm/arm-gnu-toolchain/bin/../lib/gcc/arm-none-eabi/5.3.1/../../../../arm-none-eabi/lib/armv7e-m\libc.a(lib_a-writer.o)
 .ARM.attributes
                0x00000a10       0x2e c:/program files (x86)/atmel/studio/7.0/toolchain/arm/arm-gnu-toolchain/bin/../lib/gcc/arm-none-eabi/5.3.1/../../../../arm-none-eabi/lib/armv7e-m\libc.a(lib_a-__atexit.o)
 .ARM.attributes
                0x00000a3e       0x2e c:/program files (x86)/atmel/studio/7.0/toolchain/arm/arm-gnu-toolchain/bin/../lib/gcc/arm-none-eabi/5.3.1/../../../../arm-none-eabi/lib/armv7e-m\libc.a(lib_a-closer.o)
 .ARM.attributes
                0x00000a6c       0x2e c:/program files (x86)/atmel/studio/7.0/toolchain/arm/arm-gnu-toolchain/bin/../lib/gcc/arm-none-eabi/5.3.1/../../../../arm-none-eabi/lib/armv7e-m\libc.a(lib_a-fclose.o)
 .ARM.attributes
                0x00000a9a       0x2e c:/program files (x86)/atmel/studio/7.0/toolchain/arm/arm-gnu-toolchain/bin/../lib/gcc/arm-none-eabi/5.3.1/../../../../arm-none-eabi/lib/armv7e-m\libc.a(lib_a-fstatr.o)
 .ARM.attributes
                0x00000ac8       0x2e c:/program files (x86)/atmel/studio/7.0/toolchain/arm/arm-gnu-toolchain/bin/../lib/gcc/arm-none-eabi/5.3.1/../../../../arm-none-eabi/lib/armv7e-m\libc.a(lib_a-isattyr.o)
 .ARM.attributes
                0x00000af6       0x2e c:/program files (x86)/atmel/studio/7.0/toolchain/arm/arm-gnu-toolchain/bin/../lib/gcc/arm-none-eabi/5.3.1/../../../../arm-none-eabi/lib/armv7e-m\libc.a(lib_a-lseekr.o)
 .ARM.attributes
                0x00000b24       0x2e c:/program files (x86)/atmel/studio/7.0/toolchain/arm/arm-gnu-toolchain/bin/../lib/gcc/arm-none-eabi/5.3.1/../../../../arm-none-eabi/lib/armv7e-m\libc.a(lib_a-readr.o)
 .ARM.attributes
                0x00000b52       0x2e c:/program files (x86)/atmel/studio/7.0/toolchain/arm/arm-gnu-toolchain/bin/../lib/gcc/arm-none-eabi/5.3.1/../../../../arm-none-eabi/lib/armv7e-m\libc.a(lib_a-reent.o)
 .ARM.attributes
                0x00000b80       0x1e c:/program files (x86)/atmel/studio/7.0/toolchain/arm/arm-gnu-toolchain/bin/../lib/gcc/arm-none-eabi/5.3.1/armv7e-m\libgcc.a(_aeabi_uldivmod.o)
 .ARM.attributes
                0x00000b9e       0x2e c:/program files (x86)/atmel/studio/7.0/toolchain/arm/arm-gnu-toolchain/bin/../lib/gcc/arm-none-eabi/5.3.1/armv7e-m\libgcc.a(_udivmoddi4.o)
 .ARM.attributes
                0x00000bcc       0x1e c:/program files (x86)/atmel/studio/7.0/toolchain/arm/arm-gnu-toolchain/bin/../lib/gcc/arm-none-eabi/5.3.1/armv7e-m\libgcc.a(_dvmd_tls.o)
 .ARM.attributes
                0x00000bea       0x1e c:/program files (x86)/atmel/studio/7.0/toolchain/arm/arm-gnu-toolchain/bin/../lib/gcc/arm-none-eabi/5.3.1/armv7e-m/crtn.o

.comment        0x00000000       0x59
 .comment       0x00000000       0x59 src/main.o
                                 0x5a (size before relaxing)
 .comment       0x00000059       0x5a src/ASF/sam/drivers/rtc/rtc.o
 .comment       0x00000059       0x5a src/ASF/sam/drivers/tc/tc.o
 .comment       0x00000059       0x5a src/ASF/common/services/clock/same70/sysclk.o
 .comment       0x00000059       0x5a src/ASF/common/services/sleepmgr/sam/sleepmgr.o
 .comment       0x00000059       0x5a src/ASF/common/utils/interrupt/interrupt_sam_nvic.o
 .comment       0x00000059       0x5a src/ASF/common/utils/stdio/read.o
 .comment       0x00000059       0x5a src/ASF/common/utils/stdio/write.o
 .comment       0x00000059       0x5a src/ASF/sam/boards/same70_xplained/init.o
 .comment       0x00000059       0x5a src/ASF/sam/drivers/afec/afec.o
 .comment       0x00000059       0x5a src/ASF/sam/drivers/pio/pio.o
 .comment       0x00000059       0x5a src/ASF/sam/drivers/pio/pio_handler.o
 .comment       0x00000059       0x5a src/ASF/sam/drivers/pmc/pmc.o
 .comment       0x00000059       0x5a src/ASF/sam/drivers/uart/uart.o
 .comment       0x00000059       0x5a src/ASF/sam/drivers/usart/usart.o
 .comment       0x00000059       0x5a src/ASF/sam/utils/cmsis/same70/source/templates/gcc/startup_same70.o
 .comment       0x00000059       0x5a src/ASF/sam/utils/cmsis/same70/source/templates/system_same70.o
 .comment       0x00000059       0x5a src/ASF/sam/utils/syscalls/gcc/syscalls.o

.debug_info     0x00000000     0xf4c5
 .debug_info    0x00000000     0x2b65 src/main.o
 .debug_info    0x00002b65      0x7e4 src/ASF/sam/drivers/rtc/rtc.o
 .debug_info    0x00003349      0x922 src/ASF/sam/drivers/tc/tc.o
 .debug_info    0x00003c6b      0x846 src/ASF/common/services/clock/same70/sysclk.o
 .debug_info    0x000044b1      0x176 src/ASF/common/services/sleepmgr/sam/sleepmgr.o
 .debug_info    0x00004627      0x1e4 src/ASF/common/utils/interrupt/interrupt_sam_nvic.o
 .debug_info    0x0000480b      0x1bb src/ASF/common/utils/stdio/read.o
 .debug_info    0x000049c6      0x1c0 src/ASF/common/utils/stdio/write.o
 .debug_info    0x00004b86     0x1748 src/ASF/sam/boards/same70_xplained/init.o
 .debug_info    0x000062ce     0x1b3d src/ASF/sam/drivers/afec/afec.o
 .debug_info    0x00007e0b     0x1888 src/ASF/sam/drivers/pio/pio.o
 .debug_info    0x00009693     0x11e6 src/ASF/sam/drivers/pio/pio_handler.o
 .debug_info    0x0000a879     0x1533 src/ASF/sam/drivers/pmc/pmc.o
 .debug_info    0x0000bdac      0x726 src/ASF/sam/drivers/uart/uart.o
 .debug_info    0x0000c4d2     0x1a43 src/ASF/sam/drivers/usart/usart.o
 .debug_info    0x0000df15      0xc1d src/ASF/sam/utils/cmsis/same70/source/templates/gcc/startup_same70.o
 .debug_info    0x0000eb32      0x56c src/ASF/sam/utils/cmsis/same70/source/templates/system_same70.o
 .debug_info    0x0000f09e      0x427 src/ASF/sam/utils/syscalls/gcc/syscalls.o

.debug_abbrev   0x00000000     0x25fa
 .debug_abbrev  0x00000000      0x4af src/main.o
 .debug_abbrev  0x000004af      0x1df src/ASF/sam/drivers/rtc/rtc.o
 .debug_abbrev  0x0000068e      0x1bb src/ASF/sam/drivers/tc/tc.o
 .debug_abbrev  0x00000849      0x230 src/ASF/common/services/clock/same70/sysclk.o
 .debug_abbrev  0x00000a79       0xab src/ASF/common/services/sleepmgr/sam/sleepmgr.o
 .debug_abbrev  0x00000b24       0xed src/ASF/common/utils/interrupt/interrupt_sam_nvic.o
 .debug_abbrev  0x00000c11      0x101 src/ASF/common/utils/stdio/read.o
 .debug_abbrev  0x00000d12       0xf5 src/ASF/common/utils/stdio/write.o
 .debug_abbrev  0x00000e07      0x299 src/ASF/sam/boards/same70_xplained/init.o
 .debug_abbrev  0x000010a0      0x446 src/ASF/sam/drivers/afec/afec.o
 .debug_abbrev  0x000014e6      0x31a src/ASF/sam/drivers/pio/pio.o
 .debug_abbrev  0x00001800      0x25d src/ASF/sam/drivers/pio/pio_handler.o
 .debug_abbrev  0x00001a5d      0x2bd src/ASF/sam/drivers/pmc/pmc.o
 .debug_abbrev  0x00001d1a      0x1a3 src/ASF/sam/drivers/uart/uart.o
 .debug_abbrev  0x00001ebd      0x2dc src/ASF/sam/drivers/usart/usart.o
 .debug_abbrev  0x00002199      0x221 src/ASF/sam/utils/cmsis/same70/source/templates/gcc/startup_same70.o
 .debug_abbrev  0x000023ba       0xf5 src/ASF/sam/utils/cmsis/same70/source/templates/system_same70.o
 .debug_abbrev  0x000024af      0x14b src/ASF/sam/utils/syscalls/gcc/syscalls.o

.debug_loc      0x00000000     0x5e5b
 .debug_loc     0x00000000      0x721 src/main.o
 .debug_loc     0x00000721      0x8d5 src/ASF/sam/drivers/rtc/rtc.o
 .debug_loc     0x00000ff6      0x5a5 src/ASF/sam/drivers/tc/tc.o
 .debug_loc     0x0000159b      0x183 src/ASF/common/services/clock/same70/sysclk.o
 .debug_loc     0x0000171e       0xd2 src/ASF/common/utils/stdio/read.o
 .debug_loc     0x000017f0      0x15d src/ASF/common/utils/stdio/write.o
 .debug_loc     0x0000194d      0x26e src/ASF/sam/boards/same70_xplained/init.o
 .debug_loc     0x00001bbb      0xa6b src/ASF/sam/drivers/afec/afec.o
 .debug_loc     0x00002626      0xf3a src/ASF/sam/drivers/pio/pio.o
 .debug_loc     0x00003560      0x555 src/ASF/sam/drivers/pio/pio_handler.o
 .debug_loc     0x00003ab5      0xec0 src/ASF/sam/drivers/pmc/pmc.o
 .debug_loc     0x00004975      0x2a4 src/ASF/sam/drivers/uart/uart.o
 .debug_loc     0x00004c19     0x10f9 src/ASF/sam/drivers/usart/usart.o
 .debug_loc     0x00005d12       0x6a src/ASF/sam/utils/cmsis/same70/source/templates/gcc/startup_same70.o
 .debug_loc     0x00005d7c       0xdf src/ASF/sam/utils/syscalls/gcc/syscalls.o

.debug_aranges  0x00000000      0xc08
 .debug_aranges
                0x00000000       0x58 src/main.o
 .debug_aranges
                0x00000058       0xb8 src/ASF/sam/drivers/rtc/rtc.o
 .debug_aranges
                0x00000110       0xd0 src/ASF/sam/drivers/tc/tc.o
 .debug_aranges
                0x000001e0       0x40 src/ASF/common/services/clock/same70/sysclk.o
 .debug_aranges
                0x00000220       0x18 src/ASF/common/services/sleepmgr/sam/sleepmgr.o
 .debug_aranges
                0x00000238       0x28 src/ASF/common/utils/interrupt/interrupt_sam_nvic.o
 .debug_aranges
                0x00000260       0x20 src/ASF/common/utils/stdio/read.o
 .debug_aranges
                0x00000280       0x20 src/ASF/common/utils/stdio/write.o
 .debug_aranges
                0x000002a0       0x20 src/ASF/sam/boards/same70_xplained/init.o
 .debug_aranges
                0x000002c0       0xb8 src/ASF/sam/drivers/afec/afec.o
 .debug_aranges
                0x00000378      0x1a8 src/ASF/sam/drivers/pio/pio.o
 .debug_aranges
                0x00000520       0x60 src/ASF/sam/drivers/pio/pio_handler.o
 .debug_aranges
                0x00000580      0x250 src/ASF/sam/drivers/pmc/pmc.o
 .debug_aranges
                0x000007d0       0xd8 src/ASF/sam/drivers/uart/uart.o
 .debug_aranges
                0x000008a8      0x2a8 src/ASF/sam/drivers/usart/usart.o
 .debug_aranges
                0x00000b50       0x28 src/ASF/sam/utils/cmsis/same70/source/templates/gcc/startup_same70.o
 .debug_aranges
                0x00000b78       0x30 src/ASF/sam/utils/cmsis/same70/source/templates/system_same70.o
 .debug_aranges
                0x00000ba8       0x60 src/ASF/sam/utils/syscalls/gcc/syscalls.o

.debug_ranges   0x00000000      0xc00
 .debug_ranges  0x00000000       0x78 src/main.o
 .debug_ranges  0x00000078       0xa8 src/ASF/sam/drivers/rtc/rtc.o
 .debug_ranges  0x00000120       0xc0 src/ASF/sam/drivers/tc/tc.o
 .debug_ranges  0x000001e0       0x30 src/ASF/common/services/clock/same70/sysclk.o
 .debug_ranges  0x00000210       0x18 src/ASF/common/utils/interrupt/interrupt_sam_nvic.o
 .debug_ranges  0x00000228       0x10 src/ASF/common/utils/stdio/read.o
 .debug_ranges  0x00000238       0x10 src/ASF/common/utils/stdio/write.o
 .debug_ranges  0x00000248       0x10 src/ASF/sam/boards/same70_xplained/init.o
 .debug_ranges  0x00000258       0xc0 src/ASF/sam/drivers/afec/afec.o
 .debug_ranges  0x00000318      0x270 src/ASF/sam/drivers/pio/pio.o
 .debug_ranges  0x00000588       0x50 src/ASF/sam/drivers/pio/pio_handler.o
 .debug_ranges  0x000005d8      0x240 src/ASF/sam/drivers/pmc/pmc.o
 .debug_ranges  0x00000818       0xc8 src/ASF/sam/drivers/uart/uart.o
 .debug_ranges  0x000008e0      0x298 src/ASF/sam/drivers/usart/usart.o
 .debug_ranges  0x00000b78       0x18 src/ASF/sam/utils/cmsis/same70/source/templates/gcc/startup_same70.o
 .debug_ranges  0x00000b90       0x20 src/ASF/sam/utils/cmsis/same70/source/templates/system_same70.o
 .debug_ranges  0x00000bb0       0x50 src/ASF/sam/utils/syscalls/gcc/syscalls.o

.debug_macro    0x00000000    0x1faa7
 .debug_macro   0x00000000      0x827 src/main.o
 .debug_macro   0x00000827      0x8aa src/main.o
 .debug_macro   0x000010d1       0x22 src/main.o
 .debug_macro   0x000010f3       0x4c src/main.o
 .debug_macro   0x0000113f       0x8d src/main.o
 .debug_macro   0x000011cc       0x35 src/main.o
 .debug_macro   0x00001201       0x9c src/main.o
 .debug_macro   0x0000129d       0x16 src/main.o
 .debug_macro   0x000012b3       0x4a src/main.o
 .debug_macro   0x000012fd       0x97 src/main.o
 .debug_macro   0x00001394      0x330 src/main.o
 .debug_macro   0x000016c4       0xf6 src/main.o
 .debug_macro   0x000017ba       0x10 src/main.o
 .debug_macro   0x000017ca       0x52 src/main.o
 .debug_macro   0x0000181c       0x16 src/main.o
 .debug_macro   0x00001832       0x43 src/main.o
 .debug_macro   0x00001875      0x187 src/main.o
 .debug_macro   0x000019fc       0x22 src/main.o
 .debug_macro   0x00001a1e       0x22 src/main.o
 .debug_macro   0x00001a40       0x3a src/main.o
 .debug_macro   0x00001a7a       0x10 src/main.o
 .debug_macro   0x00001a8a       0x40 src/main.o
 .debug_macro   0x00001aca       0x6c src/main.o
 .debug_macro   0x00001b36       0x16 src/main.o
 .debug_macro   0x00001b4c      0x182 src/main.o
 .debug_macro   0x00001cce       0x16 src/main.o
 .debug_macro   0x00001ce4       0x35 src/main.o
 .debug_macro   0x00001d19       0x16 src/main.o
 .debug_macro   0x00001d2f      0x64b src/main.o
 .debug_macro   0x0000237a       0x76 src/main.o
 .debug_macro   0x000023f0       0x16 src/main.o
 .debug_macro   0x00002406      0x6e4 src/main.o
 .debug_macro   0x00002aea       0xfd src/main.o
 .debug_macro   0x00002be7      0x1df src/main.o
 .debug_macro   0x00002dc6       0x4a src/main.o
 .debug_macro   0x00002e10       0x3b src/main.o
 .debug_macro   0x00002e4b       0x2d src/main.o
 .debug_macro   0x00002e78       0x26 src/main.o
 .debug_macro   0x00002e9e      0xf9a src/main.o
 .debug_macro   0x00003e38      0x175 src/main.o
 .debug_macro   0x00003fad      0x257 src/main.o
 .debug_macro   0x00004204      0xa0f src/main.o
 .debug_macro   0x00004c13      0x1b9 src/main.o
 .debug_macro   0x00004dcc      0x336 src/main.o
 .debug_macro   0x00005102      0x15b src/main.o
 .debug_macro   0x0000525d     0x1851 src/main.o
 .debug_macro   0x00006aae       0x1c src/main.o
 .debug_macro   0x00006aca      0x68d src/main.o
 .debug_macro   0x00007157      0x31e src/main.o
 .debug_macro   0x00007475      0x4d4 src/main.o
 .debug_macro   0x00007949      0x56e src/main.o
 .debug_macro   0x00007eb7     0x1332 src/main.o
 .debug_macro   0x000091e9     0x278d src/main.o
 .debug_macro   0x0000b976     0x102b src/main.o
 .debug_macro   0x0000c9a1      0xe01 src/main.o
 .debug_macro   0x0000d7a2      0x3b1 src/main.o
 .debug_macro   0x0000db53       0xa0 src/main.o
 .debug_macro   0x0000dbf3       0x76 src/main.o
 .debug_macro   0x0000dc69      0x409 src/main.o
 .debug_macro   0x0000e072       0x64 src/main.o
 .debug_macro   0x0000e0d6      0x284 src/main.o
 .debug_macro   0x0000e35a      0x1d0 src/main.o
 .debug_macro   0x0000e52a      0x248 src/main.o
 .debug_macro   0x0000e772      0x524 src/main.o
 .debug_macro   0x0000ec96      0x63b src/main.o
 .debug_macro   0x0000f2d1      0x6b8 src/main.o
 .debug_macro   0x0000f989       0x4c src/main.o
 .debug_macro   0x0000f9d5      0x468 src/main.o
 .debug_macro   0x0000fe3d      0x207 src/main.o
 .debug_macro   0x00010044      0x866 src/main.o
 .debug_macro   0x000108aa     0x1547 src/main.o
 .debug_macro   0x00011df1       0x40 src/main.o
 .debug_macro   0x00011e31       0x76 src/main.o
 .debug_macro   0x00011ea7      0xdaf src/main.o
 .debug_macro   0x00012c56       0x82 src/main.o
 .debug_macro   0x00012cd8       0x76 src/main.o
 .debug_macro   0x00012d4e       0x4c src/main.o
 .debug_macro   0x00012d9a      0x135 src/main.o
 .debug_macro   0x00012ecf      0x135 src/main.o
 .debug_macro   0x00013004      0x135 src/main.o
 .debug_macro   0x00013139       0x6a src/main.o
 .debug_macro   0x000131a3       0x6a src/main.o
 .debug_macro   0x0001320d      0x313 src/main.o
 .debug_macro   0x00013520       0xb2 src/main.o
 .debug_macro   0x000135d2       0xb2 src/main.o
 .debug_macro   0x00013684       0xb2 src/main.o
 .debug_macro   0x00013736      0x11d src/main.o
 .debug_macro   0x00013853      0x11d src/main.o
 .debug_macro   0x00013970      0x2cd src/main.o
 .debug_macro   0x00013c3d       0xb8 src/main.o
 .debug_macro   0x00013cf5       0x5e src/main.o
 .debug_macro   0x00013d53       0x40 src/main.o
 .debug_macro   0x00013d93       0x4c src/main.o
 .debug_macro   0x00013ddf       0xa0 src/main.o
 .debug_macro   0x00013e7f      0x494 src/main.o
 .debug_macro   0x00014313      0x135 src/main.o
 .debug_macro   0x00014448       0x4c src/main.o
 .debug_macro   0x00014494      0x313 src/main.o
 .debug_macro   0x000147a7       0x6a src/main.o
 .debug_macro   0x00014811       0xb8 src/main.o
 .debug_macro   0x000148c9       0x6a src/main.o
 .debug_macro   0x00014933       0x2e src/main.o
 .debug_macro   0x00014961      0x9b1 src/main.o
 .debug_macro   0x00015312       0x6a src/main.o
 .debug_macro   0x0001537c       0x88 src/main.o
 .debug_macro   0x00015404       0x58 src/main.o
 .debug_macro   0x0001545c       0xe2 src/main.o
 .debug_macro   0x0001553e       0x16 src/main.o
 .debug_macro   0x00015554       0xe2 src/main.o
 .debug_macro   0x00015636       0x4c src/main.o
 .debug_macro   0x00015682       0x16 src/main.o
 .debug_macro   0x00015698       0x4c src/main.o
 .debug_macro   0x000156e4       0x2e src/main.o
 .debug_macro   0x00015712      0x1b5 src/main.o
 .debug_macro   0x000158c7      0x1b5 src/main.o
 .debug_macro   0x00015a7c      0x1b5 src/main.o
 .debug_macro   0x00015c31      0x1b5 src/main.o
 .debug_macro   0x00015de6      0x1b5 src/main.o
 .debug_macro   0x00015f9b       0x1c src/main.o
 .debug_macro   0x00015fb7       0x2e src/main.o
 .debug_macro   0x00015fe5       0x22 src/main.o
 .debug_macro   0x00016007       0x1c src/main.o
 .debug_macro   0x00016023       0x52 src/main.o
 .debug_macro   0x00016075       0x10 src/main.o
 .debug_macro   0x00016085       0x1c src/main.o
 .debug_macro   0x000160a1       0x4c src/main.o
 .debug_macro   0x000160ed       0x4c src/main.o
 .debug_macro   0x00016139       0x4c src/main.o
 .debug_macro   0x00016185      0x31b src/main.o
 .debug_macro   0x000164a0     0x1022 src/main.o
 .debug_macro   0x000174c2      0x107 src/main.o
 .debug_macro   0x000175c9       0x22 src/main.o
 .debug_macro   0x000175eb       0x16 src/main.o
 .debug_macro   0x00017601       0x16 src/main.o
 .debug_macro   0x00017617       0x29 src/main.o
 .debug_macro   0x00017640       0x75 src/main.o
 .debug_macro   0x000176b5       0x3f src/main.o
 .debug_macro   0x000176f4      0x3ca src/main.o
 .debug_macro   0x00017abe       0x12 src/main.o
 .debug_macro   0x00017ad0       0x3a src/main.o
 .debug_macro   0x00017b0a      0x2c6 src/main.o
 .debug_macro   0x00017dd0      0xa96 src/main.o
 .debug_macro   0x00018866       0x70 src/main.o
 .debug_macro   0x000188d6       0x64 src/main.o
 .debug_macro   0x0001893a       0x5f src/main.o
 .debug_macro   0x00018999       0xac src/main.o
 .debug_macro   0x00018a45       0x28 src/main.o
 .debug_macro   0x00018a6d       0x23 src/main.o
 .debug_macro   0x00018a90       0x94 src/main.o
 .debug_macro   0x00018b24       0x40 src/main.o
 .debug_macro   0x00018b64       0x88 src/main.o
 .debug_macro   0x00018bec      0x1ce src/main.o
 .debug_macro   0x00018dba       0x34 src/main.o
 .debug_macro   0x00018dee       0x16 src/main.o
 .debug_macro   0x00018e04       0x1c src/main.o
 .debug_macro   0x00018e20       0x10 src/main.o
 .debug_macro   0x00018e30       0x1c src/main.o
 .debug_macro   0x00018e4c       0x3a src/main.o
 .debug_macro   0x00018e86       0x28 src/main.o
 .debug_macro   0x00018eae      0x64a src/ASF/sam/drivers/rtc/rtc.o
 .debug_macro   0x000194f8      0x63f src/ASF/sam/drivers/tc/tc.o
 .debug_macro   0x00019b37       0x1c src/ASF/sam/drivers/tc/tc.o
 .debug_macro   0x00019b53      0x6a1 src/ASF/common/services/clock/same70/sysclk.o
 .debug_macro   0x0001a1f4      0x2c0 src/ASF/common/services/clock/same70/sysclk.o
 .debug_macro   0x0001a4b4      0x651 src/ASF/common/services/sleepmgr/sam/sleepmgr.o
 .debug_macro   0x0001ab05      0x627 src/ASF/common/utils/interrupt/interrupt_sam_nvic.o
 .debug_macro   0x0001b12c      0x627 src/ASF/common/utils/stdio/read.o
 .debug_macro   0x0001b753      0x627 src/ASF/common/utils/stdio/write.o
 .debug_macro   0x0001bd7a      0x6dd src/ASF/sam/boards/same70_xplained/init.o
 .debug_macro   0x0001c457       0x16 src/ASF/sam/boards/same70_xplained/init.o
 .debug_macro   0x0001c46d       0x82 src/ASF/sam/boards/same70_xplained/init.o
 .debug_macro   0x0001c4ef      0x6fe src/ASF/sam/drivers/afec/afec.o
 .debug_macro   0x0001cbed      0x63d src/ASF/sam/drivers/pio/pio.o
 .debug_macro   0x0001d22a       0x8e src/ASF/sam/drivers/pio/pio.o
 .debug_macro   0x0001d2b8      0x648 src/ASF/sam/drivers/pio/pio_handler.o
 .debug_macro   0x0001d900      0x63d src/ASF/sam/drivers/pmc/pmc.o
 .debug_macro   0x0001df3d       0x6a src/ASF/sam/drivers/pmc/pmc.o
 .debug_macro   0x0001dfa7      0x637 src/ASF/sam/drivers/uart/uart.o
 .debug_macro   0x0001e5de       0x16 src/ASF/sam/drivers/uart/uart.o
 .debug_macro   0x0001e5f4      0x66d src/ASF/sam/drivers/usart/usart.o
 .debug_macro   0x0001ec61       0x34 src/ASF/sam/drivers/usart/usart.o
 .debug_macro   0x0001ec95      0x636 src/ASF/sam/utils/cmsis/same70/source/templates/gcc/startup_same70.o
 .debug_macro   0x0001f2cb       0x10 src/ASF/sam/utils/cmsis/same70/source/templates/gcc/startup_same70.o
 .debug_macro   0x0001f2db      0x455 src/ASF/sam/utils/cmsis/same70/source/templates/system_same70.o
 .debug_macro   0x0001f730      0x19c src/ASF/sam/utils/syscalls/gcc/syscalls.o
 .debug_macro   0x0001f8cc       0x52 src/ASF/sam/utils/syscalls/gcc/syscalls.o
 .debug_macro   0x0001f91e       0x16 src/ASF/sam/utils/syscalls/gcc/syscalls.o
 .debug_macro   0x0001f934       0x10 src/ASF/sam/utils/syscalls/gcc/syscalls.o
 .debug_macro   0x0001f944       0x41 src/ASF/sam/utils/syscalls/gcc/syscalls.o
 .debug_macro   0x0001f985      0x122 src/ASF/sam/utils/syscalls/gcc/syscalls.o

.debug_line     0x00000000     0xcf41
 .debug_line    0x00000000     0x106c src/main.o
 .debug_line    0x0000106c      0xb8c src/ASF/sam/drivers/rtc/rtc.o
 .debug_line    0x00001bf8      0xb58 src/ASF/sam/drivers/tc/tc.o
 .debug_line    0x00002750      0xb1f src/ASF/common/services/clock/same70/sysclk.o
 .debug_line    0x0000326f      0xa23 src/ASF/common/services/sleepmgr/sam/sleepmgr.o
 .debug_line    0x00003c92      0x9d5 src/ASF/common/utils/interrupt/interrupt_sam_nvic.o
 .debug_line    0x00004667      0x9c6 src/ASF/common/utils/stdio/read.o
 .debug_line    0x0000502d      0x9b8 src/ASF/common/utils/stdio/write.o
 .debug_line    0x000059e5      0xc04 src/ASF/sam/boards/same70_xplained/init.o
 .debug_line    0x000065e9      0xe73 src/ASF/sam/drivers/afec/afec.o
 .debug_line    0x0000745c      0xe89 src/ASF/sam/drivers/pio/pio.o
 .debug_line    0x000082e5      0xa8a src/ASF/sam/drivers/pio/pio_handler.o
 .debug_line    0x00008d6f     0x1059 src/ASF/sam/drivers/pmc/pmc.o
 .debug_line    0x00009dc8      0xb4f src/ASF/sam/drivers/uart/uart.o
 .debug_line    0x0000a917     0x103e src/ASF/sam/drivers/usart/usart.o
 .debug_line    0x0000b955      0xa48 src/ASF/sam/utils/cmsis/same70/source/templates/gcc/startup_same70.o
 .debug_line    0x0000c39d      0x7d4 src/ASF/sam/utils/cmsis/same70/source/templates/system_same70.o
 .debug_line    0x0000cb71      0x3d0 src/ASF/sam/utils/syscalls/gcc/syscalls.o

.debug_str      0x00000000    0x8c241
 .debug_str     0x00000000    0x882af src/main.o
                              0x88a75 (size before relaxing)
 .debug_str     0x000882af      0x2c2 src/ASF/sam/drivers/rtc/rtc.o
                              0x81722 (size before relaxing)
 .debug_str     0x00088571      0x1fb src/ASF/sam/drivers/tc/tc.o
                              0x81743 (size before relaxing)
 .debug_str     0x0008876c      0x2d1 src/ASF/common/services/clock/same70/sysclk.o
                              0x85951 (size before relaxing)
 .debug_str     0x00088a3d       0xbd src/ASF/common/services/sleepmgr/sam/sleepmgr.o
                              0x8156c (size before relaxing)
 .debug_str     0x00088afa       0x94 src/ASF/common/utils/interrupt/interrupt_sam_nvic.o
                              0x81430 (size before relaxing)
 .debug_str     0x00088b8e       0x2c src/ASF/common/utils/stdio/read.o
                              0x813df (size before relaxing)
 .debug_str     0x00088bba       0x26 src/ASF/common/utils/stdio/write.o
                              0x813e1 (size before relaxing)
 .debug_str     0x00088be0      0x887 src/ASF/sam/boards/same70_xplained/init.o
                              0x86666 (size before relaxing)
 .debug_str     0x00089467      0x5b9 src/ASF/sam/drivers/afec/afec.o
                              0x86a69 (size before relaxing)
 .debug_str     0x00089a20      0x58c src/ASF/sam/drivers/pio/pio.o
                              0x81f86 (size before relaxing)
 .debug_str     0x00089fac      0x101 src/ASF/sam/drivers/pio/pio_handler.o
                              0x81ff7 (size before relaxing)
 .debug_str     0x0008a0ad      0x7b7 src/ASF/sam/drivers/pmc/pmc.o
                              0x820ea (size before relaxing)
 .debug_str     0x0008a864      0x206 src/ASF/sam/drivers/uart/uart.o
                              0x816e0 (size before relaxing)
 .debug_str     0x0008aa6a      0x94a src/ASF/sam/drivers/usart/usart.o
                              0x81f78 (size before relaxing)
 .debug_str     0x0008b3b4      0x5e4 src/ASF/sam/utils/cmsis/same70/source/templates/gcc/startup_same70.o
                              0x81bd6 (size before relaxing)
 .debug_str     0x0008b998      0x16f src/ASF/sam/utils/cmsis/same70/source/templates/system_same70.o
                              0x726c9 (size before relaxing)
 .debug_str     0x0008bb07      0x73a src/ASF/sam/utils/syscalls/gcc/syscalls.o
                               0x6a0b (size before relaxing)

.debug_frame    0x00000000     0x265c
 .debug_frame   0x00000000      0x108 src/main.o
 .debug_frame   0x00000108      0x1b4 src/ASF/sam/drivers/rtc/rtc.o
 .debug_frame   0x000002bc      0x1a4 src/ASF/sam/drivers/tc/tc.o
 .debug_frame   0x00000460       0x88 src/ASF/common/services/clock/same70/sysclk.o
 .debug_frame   0x000004e8       0x30 src/ASF/common/utils/interrupt/interrupt_sam_nvic.o
 .debug_frame   0x00000518       0x48 src/ASF/common/utils/stdio/read.o
 .debug_frame   0x00000560       0x48 src/ASF/common/utils/stdio/write.o
 .debug_frame   0x000005a8       0x30 src/ASF/sam/boards/same70_xplained/init.o
 .debug_frame   0x000005d8      0x1e0 src/ASF/sam/drivers/afec/afec.o
 .debug_frame   0x000007b8      0x398 src/ASF/sam/drivers/pio/pio.o
 .debug_frame   0x00000b50      0x110 src/ASF/sam/drivers/pio/pio_handler.o
 .debug_frame   0x00000c60      0x4f8 src/ASF/sam/drivers/pmc/pmc.o
 .debug_frame   0x00001158      0x19c src/ASF/sam/drivers/uart/uart.o
 .debug_frame   0x000012f4      0x5c0 src/ASF/sam/drivers/usart/usart.o
 .debug_frame   0x000018b4       0x38 src/ASF/sam/utils/cmsis/same70/source/templates/gcc/startup_same70.o
 .debug_frame   0x000018ec       0x40 src/ASF/sam/utils/cmsis/same70/source/templates/system_same70.o
 .debug_frame   0x0000192c       0xa0 src/ASF/sam/utils/syscalls/gcc/syscalls.o
 .debug_frame   0x000019cc       0x2c c:/program files (x86)/atmel/studio/7.0/toolchain/arm/arm-gnu-toolchain/bin/../lib/gcc/arm-none-eabi/5.3.1/../../../../arm-none-eabi/lib/armv7e-m\libc.a(lib_a-init.o)
 .debug_frame   0x000019f8       0x74 c:/program files (x86)/atmel/studio/7.0/toolchain/arm/arm-gnu-toolchain/bin/../lib/gcc/arm-none-eabi/5.3.1/../../../../arm-none-eabi/lib/armv7e-m\libc.a(lib_a-iprintf.o)
 .debug_frame   0x00001a6c       0x34 c:/program files (x86)/atmel/studio/7.0/toolchain/arm/arm-gnu-toolchain/bin/../lib/gcc/arm-none-eabi/5.3.1/../../../../arm-none-eabi/lib/armv7e-m\libc.a(lib_a-memset.o)
 .debug_frame   0x00001aa0       0x48 c:/program files (x86)/atmel/studio/7.0/toolchain/arm/arm-gnu-toolchain/bin/../lib/gcc/arm-none-eabi/5.3.1/../../../../arm-none-eabi/lib/armv7e-m\libc.a(lib_a-puts.o)
 .debug_frame   0x00001ae8       0x20 c:/program files (x86)/atmel/studio/7.0/toolchain/arm/arm-gnu-toolchain/bin/../lib/gcc/arm-none-eabi/5.3.1/../../../../arm-none-eabi/lib/armv7e-m\libc.a(lib_a-setbuf.o)
 .debug_frame   0x00001b08       0x50 c:/program files (x86)/atmel/studio/7.0/toolchain/arm/arm-gnu-toolchain/bin/../lib/gcc/arm-none-eabi/5.3.1/../../../../arm-none-eabi/lib/armv7e-m\libc.a(lib_a-setvbuf.o)
 .debug_frame   0x00001b58       0xc8 c:/program files (x86)/atmel/studio/7.0/toolchain/arm/arm-gnu-toolchain/bin/../lib/gcc/arm-none-eabi/5.3.1/../../../../arm-none-eabi/lib/armv7e-m\libc.a(lib_a-vfiprintf.o)
 .debug_frame   0x00001c20       0x2c c:/program files (x86)/atmel/studio/7.0/toolchain/arm/arm-gnu-toolchain/bin/../lib/gcc/arm-none-eabi/5.3.1/../../../../arm-none-eabi/lib/armv7e-m\libc.a(lib_a-wsetup.o)
 .debug_frame   0x00001c4c       0x50 c:/program files (x86)/atmel/studio/7.0/toolchain/arm/arm-gnu-toolchain/bin/../lib/gcc/arm-none-eabi/5.3.1/../../../../arm-none-eabi/lib/armv7e-m\libc.a(lib_a-__call_atexit.o)
 .debug_frame   0x00001c9c       0x20 c:/program files (x86)/atmel/studio/7.0/toolchain/arm/arm-gnu-toolchain/bin/../lib/gcc/arm-none-eabi/5.3.1/../../../../arm-none-eabi/lib/armv7e-m\libc.a(lib_a-atexit.o)
 .debug_frame   0x00001cbc       0x6c c:/program files (x86)/atmel/studio/7.0/toolchain/arm/arm-gnu-toolchain/bin/../lib/gcc/arm-none-eabi/5.3.1/../../../../arm-none-eabi/lib/armv7e-m\libc.a(lib_a-fflush.o)
 .debug_frame   0x00001d28      0x124 c:/program files (x86)/atmel/studio/7.0/toolchain/arm/arm-gnu-toolchain/bin/../lib/gcc/arm-none-eabi/5.3.1/../../../../arm-none-eabi/lib/armv7e-m\libc.a(lib_a-findfp.o)
 .debug_frame   0x00001e4c       0x34 c:/program files (x86)/atmel/studio/7.0/toolchain/arm/arm-gnu-toolchain/bin/../lib/gcc/arm-none-eabi/5.3.1/../../../../arm-none-eabi/lib/armv7e-m\libc.a(lib_a-fini.o)
 .debug_frame   0x00001e80       0x8c c:/program files (x86)/atmel/studio/7.0/toolchain/arm/arm-gnu-toolchain/bin/../lib/gcc/arm-none-eabi/5.3.1/../../../../arm-none-eabi/lib/armv7e-m\libc.a(lib_a-fputwc.o)
 .debug_frame   0x00001f0c       0x74 c:/program files (x86)/atmel/studio/7.0/toolchain/arm/arm-gnu-toolchain/bin/../lib/gcc/arm-none-eabi/5.3.1/../../../../arm-none-eabi/lib/armv7e-m\libc.a(lib_a-freer.o)
 .debug_frame   0x00001f80       0x68 c:/program files (x86)/atmel/studio/7.0/toolchain/arm/arm-gnu-toolchain/bin/../lib/gcc/arm-none-eabi/5.3.1/../../../../arm-none-eabi/lib/armv7e-m\libc.a(lib_a-fvwrite.o)
 .debug_frame   0x00001fe8       0x54 c:/program files (x86)/atmel/studio/7.0/toolchain/arm/arm-gnu-toolchain/bin/../lib/gcc/arm-none-eabi/5.3.1/../../../../arm-none-eabi/lib/armv7e-m\libc.a(lib_a-fwalk.o)
 .debug_frame   0x0000203c       0x9c c:/program files (x86)/atmel/studio/7.0/toolchain/arm/arm-gnu-toolchain/bin/../lib/gcc/arm-none-eabi/5.3.1/../../../../arm-none-eabi/lib/armv7e-m\libc.a(lib_a-locale.o)
 .debug_frame   0x000020d8       0x68 c:/program files (x86)/atmel/studio/7.0/toolchain/arm/arm-gnu-toolchain/bin/../lib/gcc/arm-none-eabi/5.3.1/../../../../arm-none-eabi/lib/armv7e-m\libc.a(lib_a-makebuf.o)
 .debug_frame   0x00002140       0x30 c:/program files (x86)/atmel/studio/7.0/toolchain/arm/arm-gnu-toolchain/bin/../lib/gcc/arm-none-eabi/5.3.1/../../../../arm-none-eabi/lib/armv7e-m\libc.a(lib_a-malloc.o)
 .debug_frame   0x00002170       0x58 c:/program files (x86)/atmel/studio/7.0/toolchain/arm/arm-gnu-toolchain/bin/../lib/gcc/arm-none-eabi/5.3.1/../../../../arm-none-eabi/lib/armv7e-m\libc.a(lib_a-mallocr.o)
 .debug_frame   0x000021c8       0x30 c:/program files (x86)/atmel/studio/7.0/toolchain/arm/arm-gnu-toolchain/bin/../lib/gcc/arm-none-eabi/5.3.1/../../../../arm-none-eabi/lib/armv7e-m\libc.a(lib_a-memmove.o)
 .debug_frame   0x000021f8       0x30 c:/program files (x86)/atmel/studio/7.0/toolchain/arm/arm-gnu-toolchain/bin/../lib/gcc/arm-none-eabi/5.3.1/../../../../arm-none-eabi/lib/armv7e-m\libc.a(lib_a-mlock.o)
 .debug_frame   0x00002228       0x60 c:/program files (x86)/atmel/studio/7.0/toolchain/arm/arm-gnu-toolchain/bin/../lib/gcc/arm-none-eabi/5.3.1/../../../../arm-none-eabi/lib/armv7e-m\libc.a(lib_a-reallocr.o)
 .debug_frame   0x00002288       0x2c c:/program files (x86)/atmel/studio/7.0/toolchain/arm/arm-gnu-toolchain/bin/../lib/gcc/arm-none-eabi/5.3.1/../../../../arm-none-eabi/lib/armv7e-m\libc.a(lib_a-sbrkr.o)
 .debug_frame   0x000022b4       0x88 c:/program files (x86)/atmel/studio/7.0/toolchain/arm/arm-gnu-toolchain/bin/../lib/gcc/arm-none-eabi/5.3.1/../../../../arm-none-eabi/lib/armv7e-m\libc.a(lib_a-stdio.o)
 .debug_frame   0x0000233c       0x40 c:/program files (x86)/atmel/studio/7.0/toolchain/arm/arm-gnu-toolchain/bin/../lib/gcc/arm-none-eabi/5.3.1/../../../../arm-none-eabi/lib/armv7e-m\libc.a(lib_a-wbuf.o)
 .debug_frame   0x0000237c       0x60 c:/program files (x86)/atmel/studio/7.0/toolchain/arm/arm-gnu-toolchain/bin/../lib/gcc/arm-none-eabi/5.3.1/../../../../arm-none-eabi/lib/armv7e-m\libc.a(lib_a-wcrtomb.o)
 .debug_frame   0x000023dc       0x48 c:/program files (x86)/atmel/studio/7.0/toolchain/arm/arm-gnu-toolchain/bin/../lib/gcc/arm-none-eabi/5.3.1/../../../../arm-none-eabi/lib/armv7e-m\libc.a(lib_a-wctomb_r.o)
 .debug_frame   0x00002424       0x2c c:/program files (x86)/atmel/studio/7.0/toolchain/arm/arm-gnu-toolchain/bin/../lib/gcc/arm-none-eabi/5.3.1/../../../../arm-none-eabi/lib/armv7e-m\libc.a(lib_a-writer.o)
 .debug_frame   0x00002450       0x34 c:/program files (x86)/atmel/studio/7.0/toolchain/arm/arm-gnu-toolchain/bin/../lib/gcc/arm-none-eabi/5.3.1/../../../../arm-none-eabi/lib/armv7e-m\libc.a(lib_a-__atexit.o)
 .debug_frame   0x00002484       0x2c c:/program files (x86)/atmel/studio/7.0/toolchain/arm/arm-gnu-toolchain/bin/../lib/gcc/arm-none-eabi/5.3.1/../../../../arm-none-eabi/lib/armv7e-m\libc.a(lib_a-closer.o)
 .debug_frame   0x000024b0       0x44 c:/program files (x86)/atmel/studio/7.0/toolchain/arm/arm-gnu-toolchain/bin/../lib/gcc/arm-none-eabi/5.3.1/../../../../arm-none-eabi/lib/armv7e-m\libc.a(lib_a-fclose.o)
 .debug_frame   0x000024f4       0x2c c:/program files (x86)/atmel/studio/7.0/toolchain/arm/arm-gnu-toolchain/bin/../lib/gcc/arm-none-eabi/5.3.1/../../../../arm-none-eabi/lib/armv7e-m\libc.a(lib_a-fstatr.o)
 .debug_frame   0x00002520       0x2c c:/program files (x86)/atmel/studio/7.0/toolchain/arm/arm-gnu-toolchain/bin/../lib/gcc/arm-none-eabi/5.3.1/../../../../arm-none-eabi/lib/armv7e-m\libc.a(lib_a-isattyr.o)
 .debug_frame   0x0000254c       0x2c c:/program files (x86)/atmel/studio/7.0/toolchain/arm/arm-gnu-toolchain/bin/../lib/gcc/arm-none-eabi/5.3.1/../../../../arm-none-eabi/lib/armv7e-m\libc.a(lib_a-lseekr.o)
 .debug_frame   0x00002578       0x2c c:/program files (x86)/atmel/studio/7.0/toolchain/arm/arm-gnu-toolchain/bin/../lib/gcc/arm-none-eabi/5.3.1/../../../../arm-none-eabi/lib/armv7e-m\libc.a(lib_a-readr.o)
 .debug_frame   0x000025a4       0x58 c:/program files (x86)/atmel/studio/7.0/toolchain/arm/arm-gnu-toolchain/bin/../lib/gcc/arm-none-eabi/5.3.1/../../../../arm-none-eabi/lib/armv7e-m\libc.a(lib_a-reent.o)
 .debug_frame   0x000025fc       0x2c c:/program files (x86)/atmel/studio/7.0/toolchain/arm/arm-gnu-toolchain/bin/../lib/gcc/arm-none-eabi/5.3.1/armv7e-m\libgcc.a(_aeabi_uldivmod.o)
 .debug_frame   0x00002628       0x34 c:/program files (x86)/atmel/studio/7.0/toolchain/arm/arm-gnu-toolchain/bin/../lib/gcc/arm-none-eabi/5.3.1/armv7e-m\libgcc.a(_udivmoddi4.o)

Cross Reference Table

Symbol                                            File
ACC_Handler                                       src/ASF/sam/utils/cmsis/same70/source/templates/gcc/startup_same70.o
AES_Handler                                       src/ASF/sam/utils/cmsis/same70/source/templates/gcc/startup_same70.o
AFEC0_Handler                                     src/ASF/sam/drivers/afec/afec.o
AFEC1_Handler                                     src/ASF/sam/drivers/afec/afec.o
BusFault_Handler                                  src/ASF/sam/utils/cmsis/same70/source/templates/gcc/startup_same70.o
DACC_Handler                                      src/ASF/sam/utils/cmsis/same70/source/templates/gcc/startup_same70.o
DebugMon_Handler                                  src/ASF/sam/utils/cmsis/same70/source/templates/gcc/startup_same70.o
Dummy_Handler                                     src/ASF/sam/utils/cmsis/same70/source/templates/gcc/startup_same70.o
EFC_Handler                                       src/ASF/sam/utils/cmsis/same70/source/templates/gcc/startup_same70.o
GMAC_Handler                                      src/ASF/sam/utils/cmsis/same70/source/templates/gcc/startup_same70.o
HSMCI_Handler                                     src/ASF/sam/utils/cmsis/same70/source/templates/gcc/startup_same70.o
HardFault_Handler                                 src/ASF/sam/utils/cmsis/same70/source/templates/gcc/startup_same70.o
ICM_Handler                                       src/ASF/sam/utils/cmsis/same70/source/templates/gcc/startup_same70.o
ISI_Handler                                       src/ASF/sam/utils/cmsis/same70/source/templates/gcc/startup_same70.o
MCAN0_Handler                                     src/ASF/sam/utils/cmsis/same70/source/templates/gcc/startup_same70.o
MCAN1_Handler                                     src/ASF/sam/utils/cmsis/same70/source/templates/gcc/startup_same70.o
MemManage_Handler                                 src/ASF/sam/utils/cmsis/same70/source/templates/gcc/startup_same70.o
NMI_Handler                                       src/ASF/sam/utils/cmsis/same70/source/templates/gcc/startup_same70.o
PIOA_Handler                                      src/ASF/sam/drivers/pio/pio_handler.o
PIOB_Handler                                      src/ASF/sam/drivers/pio/pio_handler.o
PIOC_Handler                                      src/ASF/sam/drivers/pio/pio_handler.o
PIOD_Handler                                      src/ASF/sam/drivers/pio/pio_handler.o
PIOE_Handler                                      src/ASF/sam/drivers/pio/pio_handler.o
PMC_Handler                                       src/ASF/sam/utils/cmsis/same70/source/templates/gcc/startup_same70.o
PWM0_Handler                                      src/ASF/sam/utils/cmsis/same70/source/templates/gcc/startup_same70.o
PWM1_Handler                                      src/ASF/sam/utils/cmsis/same70/source/templates/gcc/startup_same70.o
PendSV_Handler                                    src/ASF/sam/utils/cmsis/same70/source/templates/gcc/startup_same70.o
QSPI_Handler                                      src/ASF/sam/utils/cmsis/same70/source/templates/gcc/startup_same70.o
RSTC_Handler                                      src/ASF/sam/utils/cmsis/same70/source/templates/gcc/startup_same70.o
RSWDT_Handler                                     src/ASF/sam/utils/cmsis/same70/source/templates/gcc/startup_same70.o
RTC_Handler                                       src/main.o
RTC_init                                          src/main.o
RTT_Handler                                       src/ASF/sam/utils/cmsis/same70/source/templates/gcc/startup_same70.o
Reset_Handler                                     src/ASF/sam/utils/cmsis/same70/source/templates/gcc/startup_same70.o
SDRAMC_Handler                                    src/ASF/sam/utils/cmsis/same70/source/templates/gcc/startup_same70.o