Archive member included to satisfy reference by file (symbol)

c:/program files (x86)/atmel/studio/7.0/toolchain/arm/arm-gnu-toolchain/bin/../lib/gcc/arm-none-eabi/5.3.1/../../../../arm-none-eabi/lib/armv7e-m\libc.a(lib_a-exit.o)
                              c:/program files (x86)/atmel/studio/7.0/toolchain/arm/arm-gnu-toolchain/bin/../lib/gcc/arm-none-eabi/5.3.1/../../../../arm-none-eabi/lib/armv7e-m/crt0.o (exit)
c:/program files (x86)/atmel/studio/7.0/toolchain/arm/arm-gnu-toolchain/bin/../lib/gcc/arm-none-eabi/5.3.1/../../../../arm-none-eabi/lib/armv7e-m\libc.a(lib_a-impure.o)
                              c:/program files (x86)/atmel/studio/7.0/toolchain/arm/arm-gnu-toolchain/bin/../lib/gcc/arm-none-eabi/5.3.1/../../../../arm-none-eabi/lib/armv7e-m\libc.a(lib_a-exit.o) (_global_impure_ptr)
c:/program files (x86)/atmel/studio/7.0/toolchain/arm/arm-gnu-toolchain/bin/../lib/gcc/arm-none-eabi/5.3.1/../../../../arm-none-eabi/lib/armv7e-m\libc.a(lib_a-init.o)
                              c:/program files (x86)/atmel/studio/7.0/toolchain/arm/arm-gnu-toolchain/bin/../lib/gcc/arm-none-eabi/5.3.1/../../../../arm-none-eabi/lib/armv7e-m/crt0.o (__libc_init_array)
c:/program files (x86)/atmel/studio/7.0/toolchain/arm/arm-gnu-toolchain/bin/../lib/gcc/arm-none-eabi/5.3.1/../../../../arm-none-eabi/lib/armv7e-m\libc.a(lib_a-memset.o)
                              c:/program files (x86)/atmel/studio/7.0/toolchain/arm/arm-gnu-toolchain/bin/../lib/gcc/arm-none-eabi/5.3.1/../../../../arm-none-eabi/lib/armv7e-m/crt0.o (memset)
c:/program files (x86)/atmel/studio/7.0/toolchain/arm/arm-gnu-toolchain/bin/../lib/gcc/arm-none-eabi/5.3.1/../../../../arm-none-eabi/lib/armv7e-m\libc.a(lib_a-puts.o)
                              src/pwm_led_example.o (puts)
c:/program files (x86)/atmel/studio/7.0/toolchain/arm/arm-gnu-toolchain/bin/../lib/gcc/arm-none-eabi/5.3.1/../../../../arm-none-eabi/lib/armv7e-m\libc.a(lib_a-setbuf.o)
                              src/pwm_led_example.o (setbuf)
c:/program files (x86)/atmel/studio/7.0/toolchain/arm/arm-gnu-toolchain/bin/../lib/gcc/arm-none-eabi/5.3.1/../../../../arm-none-eabi/lib/armv7e-m\libc.a(lib_a-setvbuf.o)
                              c:/program files (x86)/atmel/studio/7.0/toolchain/arm/arm-gnu-toolchain/bin/../lib/gcc/arm-none-eabi/5.3.1/../../../../arm-none-eabi/lib/armv7e-m\libc.a(lib_a-setbuf.o) (setvbuf)
c:/program files (x86)/atmel/studio/7.0/toolchain/arm/arm-gnu-toolchain/bin/../lib/gcc/arm-none-eabi/5.3.1/../../../../arm-none-eabi/lib/armv7e-m\libc.a(lib_a-strlen.o)
                              c:/program files (x86)/atmel/studio/7.0/toolchain/arm/arm-gnu-toolchain/bin/../lib/gcc/arm-none-eabi/5.3.1/../../../../arm-none-eabi/lib/armv7e-m\libc.a(lib_a-puts.o) (strlen)
c:/program files (x86)/atmel/studio/7.0/toolchain/arm/arm-gnu-toolchain/bin/../lib/gcc/arm-none-eabi/5.3.1/../../../../arm-none-eabi/lib/armv7e-m\libc.a(lib_a-__call_atexit.o)
                              c:/program files (x86)/atmel/studio/7.0/toolchain/arm/arm-gnu-toolchain/bin/../lib/gcc/arm-none-eabi/5.3.1/../../../../arm-none-eabi/lib/armv7e-m\libc.a(lib_a-exit.o) (__call_exitprocs)
c:/program files (x86)/atmel/studio/7.0/toolchain/arm/arm-gnu-toolchain/bin/../lib/gcc/arm-none-eabi/5.3.1/../../../../arm-none-eabi/lib/armv7e-m\libc.a(lib_a-atexit.o)
                              c:/program files (x86)/atmel/studio/7.0/toolchain/arm/arm-gnu-toolchain/bin/../lib/gcc/arm-none-eabi/5.3.1/../../../../arm-none-eabi/lib/armv7e-m\libc.a(lib_a-__call_atexit.o) (atexit)
c:/program files (x86)/atmel/studio/7.0/toolchain/arm/arm-gnu-toolchain/bin/../lib/gcc/arm-none-eabi/5.3.1/../../../../arm-none-eabi/lib/armv7e-m\libc.a(lib_a-fflush.o)
                              c:/program files (x86)/atmel/studio/7.0/toolchain/arm/arm-gnu-toolchain/bin/../lib/gcc/arm-none-eabi/5.3.1/../../../../arm-none-eabi/lib/armv7e-m\libc.a(lib_a-setvbuf.o) (_fflush_r)
c:/program files (x86)/atmel/studio/7.0/toolchain/arm/arm-gnu-toolchain/bin/../lib/gcc/arm-none-eabi/5.3.1/../../../../arm-none-eabi/lib/armv7e-m\libc.a(lib_a-findfp.o)
                              c:/program files (x86)/atmel/studio/7.0/toolchain/arm/arm-gnu-toolchain/bin/../lib/gcc/arm-none-eabi/5.3.1/../../../../arm-none-eabi/lib/armv7e-m\libc.a(lib_a-puts.o) (__sinit)
c:/program files (x86)/atmel/studio/7.0/toolchain/arm/arm-gnu-toolchain/bin/../lib/gcc/arm-none-eabi/5.3.1/../../../../arm-none-eabi/lib/armv7e-m\libc.a(lib_a-fini.o)
                              c:/program files (x86)/atmel/studio/7.0/toolchain/arm/arm-gnu-toolchain/bin/../lib/gcc/arm-none-eabi/5.3.1/../../../../arm-none-eabi/lib/armv7e-m\libc.a(lib_a-__call_atexit.o) (__libc_fini_array)
c:/program files (x86)/atmel/studio/7.0/toolchain/arm/arm-gnu-toolchain/bin/../lib/gcc/arm-none-eabi/5.3.1/../../../../arm-none-eabi/lib/armv7e-m\libc.a(lib_a-freer.o)
[...]
Memory Configuration

Name             Origin             Length             Attributes
rom              0x00400000         0x00200000         xr
ram              0x20400000         0x00060000         xrw
*default*        0x00000000         0xffffffff

Linker script and memory map

LOAD c:/program files (x86)/atmel/studio/7.0/toolchain/arm/arm-gnu-toolchain/bin/../lib/gcc/arm-none-eabi/5.3.1/armv7e-m/crti.o
LOAD c:/program files (x86)/atmel/studio/7.0/toolchain/arm/arm-gnu-toolchain/bin/../lib/gcc/arm-none-eabi/5.3.1/armv7e-m/crtbegin.o
LOAD c:/program files (x86)/atmel/studio/7.0/toolchain/arm/arm-gnu-toolchain/bin/../lib/gcc/arm-none-eabi/5.3.1/../../../../arm-none-eabi/lib/armv7e-m/crt0.o
LOAD src/ASF/common/services/clock/same70/sysclk.o
LOAD src/ASF/common/services/serial/usart_serial.o
LOAD src/ASF/common/utils/interrupt/interrupt_sam_nvic.o
LOAD src/ASF/common/utils/stdio/read.o
LOAD src/ASF/common/utils/stdio/write.o
LOAD src/ASF/sam/boards/same70_xplained/init.o
LOAD src/ASF/sam/drivers/mpu/mpu.o
LOAD src/ASF/sam/drivers/pio/pio.o
LOAD src/ASF/sam/drivers/pio/pio_handler.o
LOAD src/ASF/sam/drivers/pmc/pmc.o
LOAD src/ASF/sam/drivers/pmc/sleep.o
LOAD src/ASF/sam/drivers/pwm/pwm.o
LOAD src/ASF/sam/drivers/uart/uart.o
LOAD src/ASF/sam/drivers/usart/usart.o
LOAD src/ASF/sam/utils/cmsis/same70/source/templates/gcc/startup_same70.o
LOAD src/ASF/sam/utils/cmsis/same70/source/templates/system_same70.o
LOAD src/ASF/sam/utils/syscalls/gcc/syscalls.o
LOAD src/pwm_led_example.o
START GROUP
LOAD ../src/ASF/thirdparty/CMSIS/Lib/GCC\libarm_cortexM7lfsp_math_softfp.a
LOAD c:/program files (x86)/atmel/studio/7.0/toolchain/arm/arm-gnu-toolchain/bin/../lib/gcc/arm-none-eabi/5.3.1/../../../../arm-none-eabi/lib/armv7e-m\libm.a
END GROUP
START GROUP
LOAD c:/program files (x86)/atmel/studio/7.0/toolchain/arm/arm-gnu-toolchain/bin/../lib/gcc/arm-none-eabi/5.3.1/armv7e-m\libgcc.a
LOAD c:/program files (x86)/atmel/studio/7.0/toolchain/arm/arm-gnu-toolchain/bin/../lib/gcc/arm-none-eabi/5.3.1/../../../../arm-none-eabi/lib/armv7e-m\libc.a
END GROUP
LOAD c:/program files (x86)/atmel/studio/7.0/toolchain/arm/arm-gnu-toolchain/bin/../lib/gcc/arm-none-eabi/5.3.1/armv7e-m/crtend.o
LOAD c:/program files (x86)/atmel/studio/7.0/toolchain/arm/arm-gnu-toolchain/bin/../lib/gcc/arm-none-eabi/5.3.1/armv7e-m/crtn.o
                0x00002000                STACK_SIZE = DEFINED (STACK_SIZE)?STACK_SIZE:0x2000
                0x2045fffc                __ram_end__ = ((ORIGIN (ram) + LENGTH (ram)) - 0x4)
                0x00000200                HEAP_SIZE = DEFINED (HEAP_SIZE)?HEAP_SIZE:0x200

.text           0x00400000     0x2e20
                0x00400000                . = ALIGN (0x4)
                0x00400000                _sfixed = .
 *(.vectors .vectors.*)
 .vectors       0x00400000      0x140 src/ASF/sam/utils/cmsis/same70/source/templates/gcc/startup_same70.o
                0x00400000                exception_table
 *(.text .text.* .gnu.linkonce.t.*)
 .text          0x00400140       0x5c c:/program files (x86)/atmel/studio/7.0/toolchain/arm/arm-gnu-toolchain/bin/../lib/gcc/arm-none-eabi/5.3.1/armv7e-m/crtbegin.o
 .text.sysclk_init
                0x0040019c       0x70 src/ASF/common/services/clock/same70/sysclk.o
                0x0040019c                sysclk_init
 .text._read    0x0040020c       0x3c src/ASF/common/utils/stdio/read.o
                0x0040020c                _read
 .text._write   0x00400248       0x50 src/ASF/common/utils/stdio/write.o
                0x00400248                _write
 .text.board_init
                0x00400298      0x1c8 src/ASF/sam/boards/same70_xplained/init.o
                0x00400298                board_init
 .text.pio_get_interrupt_status
                0x00400460        0x4 src/ASF/sam/drivers/pio/pio.o
                0x00400460                pio_get_interrupt_status
 .text.pio_get_interrupt_mask
                0x00400464        0x4 src/ASF/sam/drivers/pio/pio.o
                0x00400464                pio_get_interrupt_mask
 .text.pio_handler_process
                0x00400468       0x50 src/ASF/sam/drivers/pio/pio_handler.o
                0x00400468                pio_handler_process
 .text.PIOA_Handler
                0x004004b8       0x14 src/ASF/sam/drivers/pio/pio_handler.o
                0x004004b8                PIOA_Handler
 .text.PIOB_Handler
                0x004004cc       0x14 src/ASF/sam/drivers/pio/pio_handler.o
                0x004004cc                PIOB_Handler
 .text.PIOC_Handler
                0x004004e0       0x14 src/ASF/sam/drivers/pio/pio_handler.o
                0x004004e0                PIOC_Handler
 .text.PIOD_Handler
                0x004004f4       0x14 src/ASF/sam/drivers/pio/pio_handler.o
                0x004004f4                PIOD_Handler
 .text.PIOE_Handler
                0x00400508       0x14 src/ASF/sam/drivers/pio/pio_handler.o
                0x00400508                PIOE_Handler
 .text.pmc_mck_set_division
                0x0040051c       0x3c src/ASF/sam/drivers/pmc/pmc.o
                0x0040051c                pmc_mck_set_division
 .text.pmc_switch_mck_to_pllack
                0x00400558       0x68 src/ASF/sam/drivers/pmc/pmc.o
                0x00400558                pmc_switch_mck_to_pllack
 .text.pmc_switch_mainck_to_xtal
                0x004005c0       0x54 src/ASF/sam/drivers/pmc/pmc.o
                0x004005c0                pmc_switch_mainck_to_xtal
 .text.pmc_osc_is_ready_mainck
                0x00400614       0x10 src/ASF/sam/drivers/pmc/pmc.o
                0x00400614                pmc_osc_is_ready_mainck
 .text.pmc_disable_pllack
                0x00400624       0x10 src/ASF/sam/drivers/pmc/pmc.o
                0x00400624                pmc_disable_pllack
 .text.pmc_is_locked_pllack
                0x00400634       0x10 src/ASF/sam/drivers/pmc/pmc.o
                0x00400634                pmc_is_locked_pllack
 .text.pmc_enable_periph_clk
                0x00400644       0x54 src/ASF/sam/drivers/pmc/pmc.o
                0x00400644                pmc_enable_periph_clk
 .text.pwm_clocks_generate
                0x00400698       0x54 src/ASF/sam/drivers/pwm/pwm.o
 .text.pwm_init
                0x004006ec       0x4c src/ASF/sam/drivers/pwm/pwm.o
                0x004006ec                pwm_init
 .text.pwm_channel_init
                0x00400738      0x164 src/ASF/sam/drivers/pwm/pwm.o
                0x00400738                pwm_channel_init
 .text.pwm_channel_update_duty
                0x0040089c       0x1c src/ASF/sam/drivers/pwm/pwm.o
                0x0040089c                pwm_channel_update_duty
 .text.pwm_channel_enable
                0x004008b8        0xc src/ASF/sam/drivers/pwm/pwm.o
                0x004008b8                pwm_channel_enable
 .text.pwm_channel_disable
                0x004008c4        0xc src/ASF/sam/drivers/pwm/pwm.o
                0x004008c4                pwm_channel_disable
 .text.pwm_channel_get_interrupt_status
                0x004008d0        0x4 src/ASF/sam/drivers/pwm/pwm.o
                0x004008d0                pwm_channel_get_interrupt_status
 .text.pwm_channel_enable_interrupt
                0x004008d4       0x14 src/ASF/sam/drivers/pwm/pwm.o
                0x004008d4                pwm_channel_enable_interrupt
 .text.pwm_channel_disable_interrupt
                0x004008e8       0x14 src/ASF/sam/drivers/pwm/pwm.o
                0x004008e8                pwm_channel_disable_interrupt
 .text.uart_write
                0x004008fc       0x14 src/ASF/sam/drivers/uart/uart.o
                0x004008fc                uart_write
 .text.uart_read
                0x00400910       0x14 src/ASF/sam/drivers/uart/uart.o
                0x00400910                uart_read
 .text.usart_set_async_baudrate
                0x00400924       0x60 src/ASF/sam/drivers/usart/usart.o
                0x00400924                usart_set_async_baudrate
 .text.usart_reset
                0x00400984       0x28 src/ASF/sam/drivers/usart/usart.o
                0x00400984                usart_reset
 .text.usart_init_rs232
                0x004009ac       0x54 src/ASF/sam/drivers/usart/usart.o
                0x004009ac                usart_init_rs232
 .text.usart_enable_tx
                0x00400a00        0x8 src/ASF/sam/drivers/usart/usart.o
                0x00400a00                usart_enable_tx
 .text.usart_enable_rx
                0x00400a08        0x8 src/ASF/sam/drivers/usart/usart.o
                0x00400a08                usart_enable_rx
 .text.usart_write
                0x00400a10       0x18 src/ASF/sam/drivers/usart/usart.o
                0x00400a10                usart_write
 .text.usart_read
                0x00400a28       0x18 src/ASF/sam/drivers/usart/usart.o
                0x00400a28                usart_read
 .text.Dummy_Handler
                0x00400a40        0x4 src/ASF/sam/utils/cmsis/same70/source/templates/gcc/startup_same70.o
                0x00400a40                DACC_Handler
                0x00400a40                DebugMon_Handler
                0x00400a40                UART3_Handler
                0x00400a40                UART2_Handler
                0x00400a40                TRNG_Handler
                0x00400a40                HardFault_Handler
                0x00400a40                TC2_Handler
                0x00400a40                SysTick_Handler
                0x00400a40                AFEC1_Handler
                0x00400a40                PendSV_Handler
                0x00400a40                NMI_Handler
                0x00400a40                TC7_Handler
                0x00400a40                QSPI_Handler
                0x00400a40                ISI_Handler
                0x00400a40                TC9_Handler
                0x00400a40                RSWDT_Handler
                0x00400a40                MCAN1_Handler
                0x00400a40                USART0_Handler
                0x00400a40                RTT_Handler
                0x00400a40                USBHS_Handler
                0x00400a40                RTC_Handler
                0x00400a40                UsageFault_Handler
                0x00400a40                TC6_Handler
                0x00400a40                WDT_Handler
                0x00400a40                TC4_Handler
                0x00400a40                TC1_Handler
                0x00400a40                HSMCI_Handler
                0x00400a40                UART1_Handler
                0x00400a40                TC3_Handler
                0x00400a40                Dummy_Handler
                0x00400a40                TWIHS1_Handler
                0x00400a40                XDMAC_Handler
                0x00400a40                UART4_Handler
                0x00400a40                PWM1_Handler
                0x00400a40                USART1_Handler
                0x00400a40                AFEC0_Handler
                0x00400a40                SSC_Handler
                0x00400a40                TC11_Handler
                0x00400a40                ACC_Handler
                0x00400a40                PMC_Handler
                0x00400a40                GMAC_Handler
                0x00400a40                MemManage_Handler
                0x00400a40                SUPC_Handler
                0x00400a40                SVC_Handler
                0x00400a40                TC8_Handler
                0x00400a40                EFC_Handler
                0x00400a40                USART2_Handler
                0x00400a40                SDRAMC_Handler
                0x00400a40                SPI1_Handler
                0x00400a40                MCAN0_Handler
                0x00400a40                TC10_Handler
                0x00400a40                TWIHS2_Handler
                0x00400a40                UART0_Handler
                0x00400a40                BusFault_Handler
                0x00400a40                RSTC_Handler
                0x00400a40                TC0_Handler
                0x00400a40                TC5_Handler
                0x00400a40                ICM_Handler
                0x00400a40                AES_Handler
                0x00400a40                TWIHS0_Handler
                0x00400a40                SPI0_Handler
 .text.Reset_Handler
                0x00400a44       0xdc src/ASF/sam/utils/cmsis/same70/source/templates/gcc/startup_same70.o
                0x00400a44                Reset_Handler
 .text.SystemCoreClockUpdate
                0x00400b20      0x110 src/ASF/sam/utils/cmsis/same70/source/templates/system_same70.o
                0x00400b20                SystemCoreClockUpdate
 .text.system_init_flash
                0x00400c30       0x74 src/ASF/sam/utils/cmsis/same70/source/templates/system_same70.o
                0x00400c30                system_init_flash
 .text._sbrk    0x00400ca4       0x34 src/ASF/sam/utils/syscalls/gcc/syscalls.o
                0x00400ca4                _sbrk
 .text._close   0x00400cd8        0x8 src/ASF/sam/utils/syscalls/gcc/syscalls.o
                0x00400cd8                _close
 .text._fstat   0x00400ce0        0xc src/ASF/sam/utils/syscalls/gcc/syscalls.o
                0x00400ce0                _fstat
 .text._isatty  0x00400cec        0x4 src/ASF/sam/utils/syscalls/gcc/syscalls.o
                0x00400cec                _isatty
 .text._lseek   0x00400cf0        0x4 src/ASF/sam/utils/syscalls/gcc/syscalls.o
                0x00400cf0                _lseek
 .text.usart_serial_getchar
                0x00400cf4       0xd8 src/pwm_led_example.o
 .text.usart_serial_putchar
                0x00400dcc       0xd4 src/pwm_led_example.o
 .text.PWM0_Handler
                0x00400ea0       0x88 src/pwm_led_example.o
                0x00400ea0                PWM0_Handler
 .text.main     0x00400f28      0x180 src/pwm_led_example.o
                0x00400f28                main
 .text.__libc_init_array
                0x004010a8       0x50 c:/program files (x86)/atmel/studio/7.0/toolchain/arm/arm-gnu-toolchain/bin/../lib/gcc/arm-none-eabi/5.3.1/../../../../arm-none-eabi/lib/armv7e-m\libc.a(lib_a-init.o)
                0x004010a8                __libc_init_array
 .text.memset   0x004010f8       0x9c c:/program files (x86)/atmel/studio/7.0/toolchain/arm/arm-gnu-toolchain/bin/../lib/gcc/arm-none-eabi/5.3.1/../../../../arm-none-eabi/lib/armv7e-m\libc.a(lib_a-memset.o)
                0x004010f8                memset
 .text._puts_r  0x00401194       0x68 c:/program files (x86)/atmel/studio/7.0/toolchain/arm/arm-gnu-toolchain/bin/../lib/gcc/arm-none-eabi/5.3.1/../../../../arm-none-eabi/lib/armv7e-m\libc.a(lib_a-puts.o)
                0x00401194                _puts_r
 .text.puts     0x004011fc       0x10 c:/program files (x86)/atmel/studio/7.0/toolchain/arm/arm-gnu-toolchain/bin/../lib/gcc/arm-none-eabi/5.3.1/../../../../arm-none-eabi/lib/armv7e-m\libc.a(lib_a-puts.o)
                0x004011fc                puts
 .text.setbuf   0x0040120c       0x10 c:/program files (x86)/atmel/studio/7.0/toolchain/arm/arm-gnu-toolchain/bin/../lib/gcc/arm-none-eabi/5.3.1/../../../../arm-none-eabi/lib/armv7e-m\libc.a(lib_a-setbuf.o)
                0x0040120c                setbuf
 .text.setvbuf  0x0040121c      0x150 c:/program files (x86)/atmel/studio/7.0/toolchain/arm/arm-gnu-toolchain/bin/../lib/gcc/arm-none-eabi/5.3.1/../../../../arm-none-eabi/lib/armv7e-m\libc.a(lib_a-setvbuf.o)
                0x0040121c                setvbuf
 *fill*         0x0040136c       0x14 
 .text          0x00401380       0xdc c:/program files (x86)/atmel/studio/7.0/toolchain/arm/arm-gnu-toolchain/bin/../lib/gcc/arm-none-eabi/5.3.1/../../../../arm-none-eabi/lib/armv7e-m\libc.a(lib_a-strlen.o)
                0x00401380                strlen
 .text.startup.register_fini
                0x0040145c       0x14 c:/program files (x86)/atmel/studio/7.0/toolchain/arm/arm-gnu-toolchain/bin/../lib/gcc/arm-none-eabi/5.3.1/../../../../arm-none-eabi/lib/armv7e-m\libc.a(lib_a-__call_atexit.o)
 .text.atexit   0x00401470        0xc c:/program files (x86)/atmel/studio/7.0/toolchain/arm/arm-gnu-toolchain/bin/../lib/gcc/arm-none-eabi/5.3.1/../../../../arm-none-eabi/lib/armv7e-m\libc.a(lib_a-atexit.o)
                0x00401470                atexit
 .text.__sflush_r
                0x0040147c      0x148 c:/program files (x86)/atmel/studio/7.0/toolchain/arm/arm-gnu-toolchain/bin/../lib/gcc/arm-none-eabi/5.3.1/../../../../arm-none-eabi/lib/armv7e-m\libc.a(lib_a-fflush.o)
                0x0040147c                __sflush_r
 .text._fflush_r
                0x004015c4       0x2c c:/program files (x86)/atmel/studio/7.0/toolchain/arm/arm-gnu-toolchain/bin/../lib/gcc/arm-none-eabi/5.3.1/../../../../arm-none-eabi/lib/armv7e-m\libc.a(lib_a-fflush.o)
                0x004015c4                _fflush_r
 .text._cleanup_r
                0x004015f0        0xc c:/program files (x86)/atmel/studio/7.0/toolchain/arm/arm-gnu-toolchain/bin/../lib/gcc/arm-none-eabi/5.3.1/../../../../arm-none-eabi/lib/armv7e-m\libc.a(lib_a-findfp.o)
                0x004015f0                _cleanup_r
 .text.__sinit.part.1
                0x004015fc       0xf0 c:/program files (x86)/atmel/studio/7.0/toolchain/arm/arm-gnu-toolchain/bin/../lib/gcc/arm-none-eabi/5.3.1/../../../../arm-none-eabi/lib/armv7e-m\libc.a(lib_a-findfp.o)
 .text.__sinit  0x004016ec        0xc c:/program files (x86)/atmel/studio/7.0/toolchain/arm/arm-gnu-toolchain/bin/../lib/gcc/arm-none-eabi/5.3.1/../../../../arm-none-eabi/lib/armv7e-m\libc.a(lib_a-findfp.o)
                0x004016ec                __sinit
 .text.__sfp_lock_acquire
                0x004016f8        0x4 c:/program files (x86)/atmel/studio/7.0/toolchain/arm/arm-gnu-toolchain/bin/../lib/gcc/arm-none-eabi/5.3.1/../../../../arm-none-eabi/lib/armv7e-m\libc.a(lib_a-findfp.o)
                0x004016f8                __sfp_lock_acquire
 .text.__sfp_lock_release
                0x004016fc        0x4 c:/program files (x86)/atmel/studio/7.0/toolchain/arm/arm-gnu-toolchain/bin/../lib/gcc/arm-none-eabi/5.3.1/../../../../arm-none-eabi/lib/armv7e-m\libc.a(lib_a-findfp.o)
                0x004016fc                __sfp_lock_release
 .text.__libc_fini_array
                0x00401700       0x28 c:/program files (x86)/atmel/studio/7.0/toolchain/arm/arm-gnu-toolchain/bin/../lib/gcc/arm-none-eabi/5.3.1/../../../../arm-none-eabi/lib/armv7e-m\libc.a(lib_a-fini.o)
                0x00401700                __libc_fini_array
 .text._malloc_trim_r
                0x00401728       0x9c c:/program files (x86)/atmel/studio/7.0/toolchain/arm/arm-gnu-toolchain/bin/../lib/gcc/arm-none-eabi/5.3.1/../../../../arm-none-eabi/lib/armv7e-m\libc.a(lib_a-freer.o)
                0x00401728                _malloc_trim_r
 .text._free_r  0x004017c4      0x1d0 c:/program files (x86)/atmel/studio/7.0/toolchain/arm/arm-gnu-toolchain/bin/../lib/gcc/arm-none-eabi/5.3.1/../../../../arm-none-eabi/lib/armv7e-m\libc.a(lib_a-freer.o)
                0x004017c4                _free_r
 .text.__sfvwrite_r
                0x00401994      0x304 c:/program files (x86)/atmel/studio/7.0/toolchain/arm/arm-gnu-toolchain/bin/../lib/gcc/arm-none-eabi/5.3.1/../../../../arm-none-eabi/lib/armv7e-m\libc.a(lib_a-fvwrite.o)
                0x00401994                __sfvwrite_r
 .text._fwalk_reent
                0x00401c98       0x54 c:/program files (x86)/atmel/studio/7.0/toolchain/arm/arm-gnu-toolchain/bin/../lib/gcc/arm-none-eabi/5.3.1/../../../../arm-none-eabi/lib/armv7e-m\libc.a(lib_a-fwalk.o)
                0x00401c98                _fwalk_reent
 .text.__swhatbuf_r
                0x00401cec       0x60 c:/program files (x86)/atmel/studio/7.0/toolchain/arm/arm-gnu-toolchain/bin/../lib/gcc/arm-none-eabi/5.3.1/../../../../arm-none-eabi/lib/armv7e-m\libc.a(lib_a-makebuf.o)
                0x00401cec                __swhatbuf_r
 .text.__smakebuf_r
                0x00401d4c       0x88 c:/program files (x86)/atmel/studio/7.0/toolchain/arm/arm-gnu-toolchain/bin/../lib/gcc/arm-none-eabi/5.3.1/../../../../arm-none-eabi/lib/armv7e-m\libc.a(lib_a-makebuf.o)
                0x00401d4c                __smakebuf_r
 .text.malloc   0x00401dd4       0x10 c:/program files (x86)/atmel/studio/7.0/toolchain/arm/arm-gnu-toolchain/bin/../lib/gcc/arm-none-eabi/5.3.1/../../../../arm-none-eabi/lib/armv7e-m\libc.a(lib_a-malloc.o)
                0x00401dd4                malloc
 .text._malloc_r
                0x00401de4      0x570 c:/program files (x86)/atmel/studio/7.0/toolchain/arm/arm-gnu-toolchain/bin/../lib/gcc/arm-none-eabi/5.3.1/../../../../arm-none-eabi/lib/armv7e-m\libc.a(lib_a-mallocr.o)
                0x00401de4                _malloc_r
 *fill*         0x00402354        0xc 
 .text          0x00402360       0xa0 c:/program files (x86)/atmel/studio/7.0/toolchain/arm/arm-gnu-toolchain/bin/../lib/gcc/arm-none-eabi/5.3.1/../../../../arm-none-eabi/lib/armv7e-m\libc.a(lib_a-memchr.o)
                0x00402360                memchr
 .text          0x00402400      0x134 c:/program files (x86)/atmel/studio/7.0/toolchain/arm/arm-gnu-toolchain/bin/../lib/gcc/arm-none-eabi/5.3.1/../../../../arm-none-eabi/lib/armv7e-m\libc.a(lib_a-memcpy.o)
                0x00402400                memcpy
 .text.memmove  0x00402534       0xc8 c:/program files (x86)/atmel/studio/7.0/toolchain/arm/arm-gnu-toolchain/bin/../lib/gcc/arm-none-eabi/5.3.1/../../../../arm-none-eabi/lib/armv7e-m\libc.a(lib_a-memmove.o)
                0x00402534                memmove
 .text.__malloc_lock
                0x004025fc        0x4 c:/program files (x86)/atmel/studio/7.0/toolchain/arm/arm-gnu-toolchain/bin/../lib/gcc/arm-none-eabi/5.3.1/../../../../arm-none-eabi/lib/armv7e-m\libc.a(lib_a-mlock.o)
                0x004025fc                __malloc_lock
 .text.__malloc_unlock
                0x00402600        0x4 c:/program files (x86)/atmel/studio/7.0/toolchain/arm/arm-gnu-toolchain/bin/../lib/gcc/arm-none-eabi/5.3.1/../../../../arm-none-eabi/lib/armv7e-m\libc.a(lib_a-mlock.o)
                0x00402600                __malloc_unlock
 .text._realloc_r
                0x00402604      0x3e0 c:/program files (x86)/atmel/studio/7.0/toolchain/arm/arm-gnu-toolchain/bin/../lib/gcc/arm-none-eabi/5.3.1/../../../../arm-none-eabi/lib/armv7e-m\libc.a(lib_a-reallocr.o)
                0x00402604                _realloc_r
 .text._sbrk_r  0x004029e4       0x24 c:/program files (x86)/atmel/studio/7.0/toolchain/arm/arm-gnu-toolchain/bin/../lib/gcc/arm-none-eabi/5.3.1/../../../../arm-none-eabi/lib/armv7e-m\libc.a(lib_a-sbrkr.o)
                0x004029e4                _sbrk_r
 .text.__sread  0x00402a08       0x24 c:/program files (x86)/atmel/studio/7.0/toolchain/arm/arm-gnu-toolchain/bin/../lib/gcc/arm-none-eabi/5.3.1/../../../../arm-none-eabi/lib/armv7e-m\libc.a(lib_a-stdio.o)
                0x00402a08                __sread
 .text.__swrite
                0x00402a2c       0x3c c:/program files (x86)/atmel/studio/7.0/toolchain/arm/arm-gnu-toolchain/bin/../lib/gcc/arm-none-eabi/5.3.1/../../../../arm-none-eabi/lib/armv7e-m\libc.a(lib_a-stdio.o)
                0x00402a2c                __swrite
 .text.__sseek  0x00402a68       0x20 c:/program files (x86)/atmel/studio/7.0/toolchain/arm/arm-gnu-toolchain/bin/../lib/gcc/arm-none-eabi/5.3.1/../../../../arm-none-eabi/lib/armv7e-m\libc.a(lib_a-stdio.o)
                0x00402a68                __sseek
 .text.__sclose
                0x00402a88        0x8 c:/program files (x86)/atmel/studio/7.0/toolchain/arm/arm-gnu-toolchain/bin/../lib/gcc/arm-none-eabi/5.3.1/../../../../arm-none-eabi/lib/armv7e-m\libc.a(lib_a-stdio.o)
                0x00402a88                __sclose
 .text._write_r
                0x00402a90       0x2c c:/program files (x86)/atmel/studio/7.0/toolchain/arm/arm-gnu-toolchain/bin/../lib/gcc/arm-none-eabi/5.3.1/../../../../arm-none-eabi/lib/armv7e-m\libc.a(lib_a-writer.o)
                0x00402a90                _write_r
 .text.__swsetup_r
                0x00402abc       0xc8 c:/program files (x86)/atmel/studio/7.0/toolchain/arm/arm-gnu-toolchain/bin/../lib/gcc/arm-none-eabi/5.3.1/../../../../arm-none-eabi/lib/armv7e-m\libc.a(lib_a-wsetup.o)
                0x00402abc                __swsetup_r
 .text.__register_exitproc
                0x00402b84       0xa4 c:/program files (x86)/atmel/studio/7.0/toolchain/arm/arm-gnu-toolchain/bin/../lib/gcc/arm-none-eabi/5.3.1/../../../../arm-none-eabi/lib/armv7e-m\libc.a(lib_a-__atexit.o)
                0x00402b84                __register_exitproc
 .text._close_r
                0x00402c28       0x24 c:/program files (x86)/atmel/studio/7.0/toolchain/arm/arm-gnu-toolchain/bin/../lib/gcc/arm-none-eabi/5.3.1/../../../../arm-none-eabi/lib/armv7e-m\libc.a(lib_a-closer.o)
                0x00402c28                _close_r
 .text._fclose_r
                0x00402c4c       0x84 c:/program files (x86)/atmel/studio/7.0/toolchain/arm/arm-gnu-toolchain/bin/../lib/gcc/arm-none-eabi/5.3.1/../../../../arm-none-eabi/lib/armv7e-m\libc.a(lib_a-fclose.o)
                0x00402c4c                _fclose_r
 .text._fstat_r
                0x00402cd0       0x28 c:/program files (x86)/atmel/studio/7.0/toolchain/arm/arm-gnu-toolchain/bin/../lib/gcc/arm-none-eabi/5.3.1/../../../../arm-none-eabi/lib/armv7e-m\libc.a(lib_a-fstatr.o)
                0x00402cd0                _fstat_r
 .text._isatty_r
                0x00402cf8       0x24 c:/program files (x86)/atmel/studio/7.0/toolchain/arm/arm-gnu-toolchain/bin/../lib/gcc/arm-none-eabi/5.3.1/../../../../arm-none-eabi/lib/armv7e-m\libc.a(lib_a-isattyr.o)
                0x00402cf8                _isatty_r
 .text._lseek_r
                0x00402d1c       0x2c c:/program files (x86)/atmel/studio/7.0/toolchain/arm/arm-gnu-toolchain/bin/../lib/gcc/arm-none-eabi/5.3.1/../../../../arm-none-eabi/lib/armv7e-m\libc.a(lib_a-lseekr.o)
                0x00402d1c                _lseek_r
 .text._read_r  0x00402d48       0x2c c:/program files (x86)/atmel/studio/7.0/toolchain/arm/arm-gnu-toolchain/bin/../lib/gcc/arm-none-eabi/5.3.1/../../../../arm-none-eabi/lib/armv7e-m\libc.a(lib_a-readr.o)
                0x00402d48                _read_r
 *(.glue_7t)
 .glue_7t       0x00402d74        0x0 linker stubs
 *(.glue_7)
 .glue_7        0x00402d74        0x0 linker stubs
 *(.rodata .rodata* .gnu.linkonce.r.*)
 .rodata        0x00402d74       0x2c src/ASF/sam/drivers/pwm/pwm.o
 .rodata.str1.4
                0x00402da0       0x50 src/pwm_led_example.o
 .rodata.str1.4
                0x00402df0        0x2 c:/program files (x86)/atmel/studio/7.0/toolchain/arm/arm-gnu-toolchain/bin/../lib/gcc/arm-none-eabi/5.3.1/../../../../arm-none-eabi/lib/armv7e-m\libc.a(lib_a-impure.o)
 *fill*         0x00402df2        0x2 
 .rodata._global_impure_ptr
                0x00402df4        0x4 c:/program files (x86)/atmel/studio/7.0/toolchain/arm/arm-gnu-toolchain/bin/../lib/gcc/arm-none-eabi/5.3.1/../../../../arm-none-eabi/lib/armv7e-m\libc.a(lib_a-impure.o)
                0x00402df4                _global_impure_ptr
 .rodata.str1.4
                0x00402df8        0x4 c:/program files (x86)/atmel/studio/7.0/toolchain/arm/arm-gnu-toolchain/bin/../lib/gcc/arm-none-eabi/5.3.1/../../../../arm-none-eabi/lib/armv7e-m\libc.a(lib_a-puts.o)
                                  0x2 (size before relaxing)
 *(.ARM.extab* .gnu.linkonce.armextab.*)
                0x00402dfc                . = ALIGN (0x4)
 *(.init)
 .init          0x00402dfc        0x4 c:/program files (x86)/atmel/studio/7.0/toolchain/arm/arm-gnu-toolchain/bin/../lib/gcc/arm-none-eabi/5.3.1/armv7e-m/crti.o
                0x00402dfc                _init
 .init          0x00402e00        0x8 c:/program files (x86)/atmel/studio/7.0/toolchain/arm/arm-gnu-toolchain/bin/../lib/gcc/arm-none-eabi/5.3.1/armv7e-m/crtn.o
                0x00402e08                . = ALIGN (0x4)
                0x00402e08                __preinit_array_start = .
 *(.preinit_array)
                0x00402e08                __preinit_array_end = .
                0x00402e08                . = ALIGN (0x4)
                0x00402e08                __init_array_start = .
 *(SORT(.init_array.*))
 .init_array.00000
                0x00402e08        0x4 c:/program files (x86)/atmel/studio/7.0/toolchain/arm/arm-gnu-toolchain/bin/../lib/gcc/arm-none-eabi/5.3.1/../../../../arm-none-eabi/lib/armv7e-m\libc.a(lib_a-__call_atexit.o)
 *(.init_array)
 .init_array    0x00402e0c        0x4 c:/program files (x86)/atmel/studio/7.0/toolchain/arm/arm-gnu-toolchain/bin/../lib/gcc/arm-none-eabi/5.3.1/armv7e-m/crtbegin.o
                0x00402e10                __init_array_end = .
                0x00402e10                . = ALIGN (0x4)
 *crtbegin.o(.ctors)
 *(EXCLUDE_FILE(*crtend.o) .ctors)
 *(SORT(.ctors.*))
 *crtend.o(.ctors)
                0x00402e10                . = ALIGN (0x4)
 *(.fini)
 .fini          0x00402e10        0x4 c:/program files (x86)/atmel/studio/7.0/toolchain/arm/arm-gnu-toolchain/bin/../lib/gcc/arm-none-eabi/5.3.1/armv7e-m/crti.o
                0x00402e10                _fini
 .fini          0x00402e14        0x8 c:/program files (x86)/atmel/studio/7.0/toolchain/arm/arm-gnu-toolchain/bin/../lib/gcc/arm-none-eabi/5.3.1/armv7e-m/crtn.o
                0x00402e1c                . = ALIGN (0x4)
                0x00402e1c                __fini_array_start = .
 *(.fini_array)
 .fini_array    0x00402e1c        0x4 c:/program files (x86)/atmel/studio/7.0/toolchain/arm/arm-gnu-toolchain/bin/../lib/gcc/arm-none-eabi/5.3.1/armv7e-m/crtbegin.o
 *(SORT(.fini_array.*))
                0x00402e20                __fini_array_end = .
 *crtbegin.o(.dtors)
 *(EXCLUDE_FILE(*crtend.o) .dtors)
 *(SORT(.dtors.*))
 *crtend.o(.dtors)
                0x00402e20                . = ALIGN (0x4)
                0x00402e20                _efixed = .
                [!provide]                PROVIDE (__exidx_start, .)

.vfp11_veneer   0x00402e20        0x0
 .vfp11_veneer  0x00402e20        0x0 linker stubs

.v4_bx          0x00402e20        0x0
 .v4_bx         0x00402e20        0x0 linker stubs

.iplt           0x00402e20        0x0
 .iplt          0x00402e20        0x0 c:/program files (x86)/atmel/studio/7.0/toolchain/arm/arm-gnu-toolchain/bin/../lib/gcc/arm-none-eabi/5.3.1/armv7e-m/crtbegin.o

.eh_frame       0x00402e20        0x0
 .eh_frame      0x00402e20        0x0 c:/program files (x86)/atmel/studio/7.0/toolchain/arm/arm-gnu-toolchain/bin/../lib/gcc/arm-none-eabi/5.3.1/armv7e-m/crtbegin.o

.rel.dyn        0x00402e20        0x0
 .rel.iplt      0x00402e20        0x0 c:/program files (x86)/atmel/studio/7.0/toolchain/arm/arm-gnu-toolchain/bin/../lib/gcc/arm-none-eabi/5.3.1/armv7e-m/crtbegin.o

.jcr            0x00402e20        0x0
 .jcr           0x00402e20        0x0 c:/program files (x86)/atmel/studio/7.0/toolchain/arm/arm-gnu-toolchain/bin/../lib/gcc/arm-none-eabi/5.3.1/armv7e-m/crtbegin.o

.igot.plt       0x00402e20        0x0
 .igot.plt      0x00402e20        0x0 c:/program files (x86)/atmel/studio/7.0/toolchain/arm/arm-gnu-toolchain/bin/../lib/gcc/arm-none-eabi/5.3.1/armv7e-m/crtbegin.o

.ARM.exidx
 *(.ARM.exidx* .gnu.linkonce.armexidx.*)
                [!provide]                PROVIDE (__exidx_end, .)
                0x00402e20                . = ALIGN (0x4)
                0x00402e20                _etext = .

.relocate       0x20400000      0x84c load address 0x00402e20
                0x20400000                . = ALIGN (0x4)
                0x20400000                _srelocate = .
 *(.ramfunc .ramfunc.*)
 *(.data .data.*)
 .data.g_interrupt_enabled
                0x20400000        0x1 src/ASF/common/utils/interrupt/interrupt_sam_nvic.o
                0x20400000                g_interrupt_enabled
 *fill*         0x20400001        0x3 
 .data.SystemCoreClock
                0x20400004        0x4 src/ASF/sam/utils/cmsis/same70/source/templates/system_same70.o
                0x20400004                SystemCoreClock
 .data.fade_in.9371
                0x20400008        0x1 src/pwm_led_example.o
 *fill*         0x20400009        0x7 
 .data.impure_data
                0x20400010      0x428 c:/program files (x86)/atmel/studio/7.0/toolchain/arm/arm-gnu-toolchain/bin/../lib/gcc/arm-none-eabi/5.3.1/../../../../arm-none-eabi/lib/armv7e-m\libc.a(lib_a-impure.o)
 .data._impure_ptr
                0x20400438        0x4 c:/program files (x86)/atmel/studio/7.0/toolchain/arm/arm-gnu-toolchain/bin/../lib/gcc/arm-none-eabi/5.3.1/../../../../arm-none-eabi/lib/armv7e-m\libc.a(lib_a-impure.o)
                0x20400438                _impure_ptr
 .data.__malloc_av_
                0x2040043c      0x408 c:/program files (x86)/atmel/studio/7.0/toolchain/arm/arm-gnu-toolchain/bin/../lib/gcc/arm-none-eabi/5.3.1/../../../../arm-none-eabi/lib/armv7e-m\libc.a(lib_a-mallocr.o)
                0x2040043c                __malloc_av_
 .data.__malloc_trim_threshold
                0x20400844        0x4 c:/program files (x86)/atmel/studio/7.0/toolchain/arm/arm-gnu-toolchain/bin/../lib/gcc/arm-none-eabi/5.3.1/../../../../arm-none-eabi/lib/armv7e-m\libc.a(lib_a-mallocr.o)
                0x20400844                __malloc_trim_threshold
 .data.__malloc_sbrk_base
                0x20400848        0x4 c:/program files (x86)/atmel/studio/7.0/toolchain/arm/arm-gnu-toolchain/bin/../lib/gcc/arm-none-eabi/5.3.1/../../../../arm-none-eabi/lib/armv7e-m\libc.a(lib_a-mallocr.o)
                0x20400848                __malloc_sbrk_base
                0x2040084c                . = ALIGN (0x4)
                0x2040084c                _erelocate = .

.bss            0x2040084c      0x11c load address 0x0040366c
                0x2040084c                . = ALIGN (0x4)
                0x2040084c                _sbss = .
                0x2040084c                _szero = .
 *(.bss .bss.*)
 .bss           0x2040084c       0x1c c:/program files (x86)/atmel/studio/7.0/toolchain/arm/arm-gnu-toolchain/bin/../lib/gcc/arm-none-eabi/5.3.1/armv7e-m/crtbegin.o
 .bss.gs_interrupt_sources
                0x20400868       0x70 src/ASF/sam/drivers/pio/pio_handler.o
 .bss.ul_reg_val.8198
                0x204008d8        0x4 src/ASF/sam/drivers/usart/usart.o
 .bss.heap.5289
                0x204008dc        0x4 src/ASF/sam/utils/syscalls/gcc/syscalls.o
 .bss.ul_duty.9370
                0x204008e0        0x4 src/pwm_led_example.o
 .bss.ul_count.9369
                0x204008e4        0x4 src/pwm_led_example.o
 .bss.__malloc_max_total_mem
                0x204008e8        0x4 c:/program files (x86)/atmel/studio/7.0/toolchain/arm/arm-gnu-toolchain/bin/../lib/gcc/arm-none-eabi/5.3.1/../../../../arm-none-eabi/lib/armv7e-m\libc.a(lib_a-mallocr.o)
                0x204008e8                __malloc_max_total_mem
 .bss.__malloc_max_sbrked_mem
                0x204008ec        0x4 c:/program files (x86)/atmel/studio/7.0/toolchain/arm/arm-gnu-toolchain/bin/../lib/gcc/arm-none-eabi/5.3.1/../../../../arm-none-eabi/lib/armv7e-m\libc.a(lib_a-mallocr.o)
                0x204008ec                __malloc_max_sbrked_mem
 .bss.__malloc_top_pad
                0x204008f0        0x4 c:/program files (x86)/atmel/studio/7.0/toolchain/arm/arm-gnu-toolchain/bin/../lib/gcc/arm-none-eabi/5.3.1/../../../../arm-none-eabi/lib/armv7e-m\libc.a(lib_a-mallocr.o)
                0x204008f0                __malloc_top_pad
 .bss.__malloc_current_mallinfo
                0x204008f4       0x28 c:/program files (x86)/atmel/studio/7.0/toolchain/arm/arm-gnu-toolchain/bin/../lib/gcc/arm-none-eabi/5.3.1/../../../../arm-none-eabi/lib/armv7e-m\libc.a(lib_a-mallocr.o)
                0x204008f4                __malloc_current_mallinfo
 *(COMMON)
 COMMON         0x2040091c        0x4 src/ASF/common/utils/stdio/read.o
                0x2040091c                ptr_get
 COMMON         0x20400920        0x8 src/ASF/common/utils/stdio/write.o
                0x20400920                ptr_put
                0x20400924                stdio_base
 COMMON         0x20400928       0x3c src/pwm_led_example.o
                0x20400928                g_pwm_channel_led
 COMMON         0x20400964        0x4 c:/program files (x86)/atmel/studio/7.0/toolchain/arm/arm-gnu-toolchain/bin/../lib/gcc/arm-none-eabi/5.3.1/../../../../arm-none-eabi/lib/armv7e-m\libc.a(lib_a-reent.o)
                0x20400964                errno
                0x20400968                . = ALIGN (0x4)
                0x20400968                _ebss = .
                0x20400968                _ezero = .

.stack          0x20400968     0x2000 load address 0x00403788
                0x20400968                . = ALIGN (0x8)
                0x20400968                _sstack = .
                0x20402968                . = (. + STACK_SIZE)
 *fill*         0x20400968     0x2000 
                0x20402968                . = ALIGN (0x8)
                0x20402968                _estack = .

.heap           0x20402968      0x200 load address 0x00405788
                0x20402968                . = ALIGN (0x8)
                0x20402968                _sheap = .
                0x20402b68                . = (. + HEAP_SIZE)
 *fill*         0x20402968      0x200 
                0x20402b68                . = ALIGN (0x8)
                0x20402b68                _eheap = .
                0x20402b68                . = ALIGN (0x4)
                0x20402b68                _end = .
                0x2045ffff                _ram_end_ = ((ORIGIN (ram) + LENGTH (ram)) - 0x1)
OUTPUT(PWM_PWM_LED_EXAMPLE2.elf elf32-littlearm)

.ARM.attributes
                0x00000000       0x2e
 .ARM.attributes
                0x00000000       0x1e c:/program files (x86)/atmel/studio/7.0/toolchain/arm/arm-gnu-toolchain/bin/../lib/gcc/arm-none-eabi/5.3.1/armv7e-m/crti.o
 .ARM.attributes
                0x0000001e       0x2e c:/program files (x86)/atmel/studio/7.0/toolchain/arm/arm-gnu-toolchain/bin/../lib/gcc/arm-none-eabi/5.3.1/armv7e-m/crtbegin.o
 .ARM.attributes
                0x0000004c       0x37 src/ASF/common/services/clock/same70/sysclk.o
 .ARM.attributes
                0x00000083       0x37 src/ASF/common/utils/interrupt/interrupt_sam_nvic.o
 .ARM.attributes
                0x000000ba       0x37 src/ASF/common/utils/stdio/read.o
 .ARM.attributes
                0x000000f1       0x37 src/ASF/common/utils/stdio/write.o
 .ARM.attributes
                0x00000128       0x37 src/ASF/sam/boards/same70_xplained/init.o
 .ARM.attributes
                0x0000015f       0x37 src/ASF/sam/drivers/pio/pio.o
 .ARM.attributes
                0x00000196       0x37 src/ASF/sam/drivers/pio/pio_handler.o
 .ARM.attributes
                0x000001cd       0x37 src/ASF/sam/drivers/pmc/pmc.o
 .ARM.attributes
                0x00000204       0x37 src/ASF/sam/drivers/pwm/pwm.o
 .ARM.attributes
                0x0000023b       0x37 src/ASF/sam/drivers/uart/uart.o
 .ARM.attributes
                0x00000272       0x37 src/ASF/sam/drivers/usart/usart.o
 .ARM.attributes
                0x000002a9       0x37 src/ASF/sam/utils/cmsis/same70/source/templates/gcc/startup_same70.o
 .ARM.attributes
                0x000002e0       0x37 src/ASF/sam/utils/cmsis/same70/source/templates/system_same70.o
 .ARM.attributes
                0x00000317       0x37 src/ASF/sam/utils/syscalls/gcc/syscalls.o
 .ARM.attributes
                0x0000034e       0x37 src/pwm_led_example.o
 .ARM.attributes
                0x00000385       0x2e c:/program files (x86)/atmel/studio/7.0/toolchain/arm/arm-gnu-toolchain/bin/../lib/gcc/arm-none-eabi/5.3.1/../../../../arm-none-eabi/lib/armv7e-m\libc.a(lib_a-impure.o)
 .ARM.attributes
                0x000003b3       0x2e c:/program files (x86)/atmel/studio/7.0/toolchain/arm/arm-gnu-toolchain/bin/../lib/gcc/arm-none-eabi/5.3.1/../../../../arm-none-eabi/lib/armv7e-m\libc.a(lib_a-init.o)
 .ARM.attributes
                0x000003e1       0x2e c:/program files (x86)/atmel/studio/7.0/toolchain/arm/arm-gnu-toolchain/bin/../lib/gcc/arm-none-eabi/5.3.1/../../../../arm-none-eabi/lib/armv7e-m\libc.a(lib_a-memset.o)
 .ARM.attributes
                0x0000040f       0x2e c:/program files (x86)/atmel/studio/7.0/toolchain/arm/arm-gnu-toolchain/bin/../lib/gcc/arm-none-eabi/5.3.1/../../../../arm-none-eabi/lib/armv7e-m\libc.a(lib_a-puts.o)
 .ARM.attributes
                0x0000043d       0x2e c:/program files (x86)/atmel/studio/7.0/toolchain/arm/arm-gnu-toolchain/bin/../lib/gcc/arm-none-eabi/5.3.1/../../../../arm-none-eabi/lib/armv7e-m\libc.a(lib_a-setbuf.o)
 .ARM.attributes
                0x0000046b       0x2e c:/program files (x86)/atmel/studio/7.0/toolchain/arm/arm-gnu-toolchain/bin/../lib/gcc/arm-none-eabi/5.3.1/../../../../arm-none-eabi/lib/armv7e-m\libc.a(lib_a-setvbuf.o)
 .ARM.attributes
                0x00000499       0x1c c:/program files (x86)/atmel/studio/7.0/toolchain/arm/arm-gnu-toolchain/bin/../lib/gcc/arm-none-eabi/5.3.1/../../../../arm-none-eabi/lib/armv7e-m\libc.a(lib_a-strlen.o)
 .ARM.attributes
                0x000004b5       0x2e c:/program files (x86)/atmel/studio/7.0/toolchain/arm/arm-gnu-toolchain/bin/../lib/gcc/arm-none-eabi/5.3.1/../../../../arm-none-eabi/lib/armv7e-m\libc.a(lib_a-__call_atexit.o)
 .ARM.attributes
                0x000004e3       0x2e c:/program files (x86)/atmel/studio/7.0/toolchain/arm/arm-gnu-toolchain/bin/../lib/gcc/arm-none-eabi/5.3.1/../../../../arm-none-eabi/lib/armv7e-m\libc.a(lib_a-atexit.o)
 .ARM.attributes
                0x00000511       0x2e c:/program files (x86)/atmel/studio/7.0/toolchain/arm/arm-gnu-toolchain/bin/../lib/gcc/arm-none-eabi/5.3.1/../../../../arm-none-eabi/lib/armv7e-m\libc.a(lib_a-fflush.o)
 .ARM.attributes
                0x0000053f       0x2e c:/program files (x86)/atmel/studio/7.0/toolchain/arm/arm-gnu-toolchain/bin/../lib/gcc/arm-none-eabi/5.3.1/../../../../arm-none-eabi/lib/armv7e-m\libc.a(lib_a-findfp.o)
 .ARM.attributes
                0x0000056d       0x2e c:/program files (x86)/atmel/studio/7.0/toolchain/arm/arm-gnu-toolchain/bin/../lib/gcc/arm-none-eabi/5.3.1/../../../../arm-none-eabi/lib/armv7e-m\libc.a(lib_a-fini.o)
 .ARM.attributes
                0x0000059b       0x2e c:/program files (x86)/atmel/studio/7.0/toolchain/arm/arm-gnu-toolchain/bin/../lib/gcc/arm-none-eabi/5.3.1/../../../../arm-none-eabi/lib/armv7e-m\libc.a(lib_a-freer.o)
 .ARM.attributes
                0x000005c9       0x2e c:/program files (x86)/atmel/studio/7.0/toolchain/arm/arm-gnu-toolchain/bin/../lib/gcc/arm-none-eabi/5.3.1/../../../../arm-none-eabi/lib/armv7e-m\libc.a(lib_a-fvwrite.o)
 .ARM.attributes
                0x000005f7       0x2e c:/program files (x86)/atmel/studio/7.0/toolchain/arm/arm-gnu-toolchain/bin/../lib/gcc/arm-none-eabi/5.3.1/../../../../arm-none-eabi/lib/armv7e-m\libc.a(lib_a-fwalk.o)
 .ARM.attributes
                0x00000625       0x2e c:/program files (x86)/atmel/studio/7.0/toolchain/arm/arm-gnu-toolchain/bin/../lib/gcc/arm-none-eabi/5.3.1/../../../../arm-none-eabi/lib/armv7e-m\libc.a(lib_a-makebuf.o)
 .ARM.attributes
                0x00000653       0x2e c:/program files (x86)/atmel/studio/7.0/toolchain/arm/arm-gnu-toolchain/bin/../lib/gcc/arm-none-eabi/5.3.1/../../../../arm-none-eabi/lib/armv7e-m\libc.a(lib_a-malloc.o)
 .ARM.attributes
                0x00000681       0x2e c:/program files (x86)/atmel/studio/7.0/toolchain/arm/arm-gnu-toolchain/bin/../lib/gcc/arm-none-eabi/5.3.1/../../../../arm-none-eabi/lib/armv7e-m\libc.a(lib_a-mallocr.o)
 .ARM.attributes
                0x000006af       0x1c c:/program files (x86)/atmel/studio/7.0/toolchain/arm/arm-gnu-toolchain/bin/../lib/gcc/arm-none-eabi/5.3.1/../../../../arm-none-eabi/lib/armv7e-m\libc.a(lib_a-memchr.o)
 .ARM.attributes
                0x000006cb       0x1c c:/program files (x86)/atmel/studio/7.0/toolchain/arm/arm-gnu-toolchain/bin/../lib/gcc/arm-none-eabi/5.3.1/../../../../arm-none-eabi/lib/armv7e-m\libc.a(lib_a-memcpy.o)
 .ARM.attributes
                0x000006e7       0x2e c:/program files (x86)/atmel/studio/7.0/toolchain/arm/arm-gnu-toolchain/bin/../lib/gcc/arm-none-eabi/5.3.1/../../../../arm-none-eabi/lib/armv7e-m\libc.a(lib_a-memmove.o)
 .ARM.attributes
                0x00000715       0x2e c:/program files (x86)/atmel/studio/7.0/toolchain/arm/arm-gnu-toolchain/bin/../lib/gcc/arm-none-eabi/5.3.1/../../../../arm-none-eabi/lib/armv7e-m\libc.a(lib_a-mlock.o)
 .ARM.attributes
                0x00000743       0x2e c:/program files (x86)/atmel/studio/7.0/toolchain/arm/arm-gnu-toolchain/bin/../lib/gcc/arm-none-eabi/5.3.1/../../../../arm-none-eabi/lib/armv7e-m\libc.a(lib_a-reallocr.o)
 .ARM.attributes
                0x00000771       0x2e c:/program files (x86)/atmel/studio/7.0/toolchain/arm/arm-gnu-toolchain/bin/../lib/gcc/arm-none-eabi/5.3.1/../../../../arm-none-eabi/lib/armv7e-m\libc.a(lib_a-sbrkr.o)
 .ARM.attributes
                0x0000079f       0x2e c:/program files (x86)/atmel/studio/7.0/toolchain/arm/arm-gnu-toolchain/bin/../lib/gcc/arm-none-eabi/5.3.1/../../../../arm-none-eabi/lib/armv7e-m\libc.a(lib_a-stdio.o)
 .ARM.attributes
                0x000007cd       0x2e c:/program files (x86)/atmel/studio/7.0/toolchain/arm/arm-gnu-toolchain/bin/../lib/gcc/arm-none-eabi/5.3.1/../../../../arm-none-eabi/lib/armv7e-m\libc.a(lib_a-writer.o)
 .ARM.attributes
                0x000007fb       0x2e c:/program files (x86)/atmel/studio/7.0/toolchain/arm/arm-gnu-toolchain/bin/../lib/gcc/arm-none-eabi/5.3.1/../../../../arm-none-eabi/lib/armv7e-m\libc.a(lib_a-wsetup.o)
 .ARM.attributes
                0x00000829       0x2e c:/program files (x86)/atmel/studio/7.0/toolchain/arm/arm-gnu-toolchain/bin/../lib/gcc/arm-none-eabi/5.3.1/../../../../arm-none-eabi/lib/armv7e-m\libc.a(lib_a-__atexit.o)
 .ARM.attributes
                0x00000857       0x2e c:/program files (x86)/atmel/studio/7.0/toolchain/arm/arm-gnu-toolchain/bin/../lib/gcc/arm-none-eabi/5.3.1/../../../../arm-none-eabi/lib/armv7e-m\libc.a(lib_a-closer.o)
 .ARM.attributes
                0x00000885       0x2e c:/program files (x86)/atmel/studio/7.0/toolchain/arm/arm-gnu-toolchain/bin/../lib/gcc/arm-none-eabi/5.3.1/../../../../arm-none-eabi/lib/armv7e-m\libc.a(lib_a-fclose.o)
 .ARM.attributes
                0x000008b3       0x2e c:/program files (x86)/atmel/studio/7.0/toolchain/arm/arm-gnu-toolchain/bin/../lib/gcc/arm-none-eabi/5.3.1/../../../../arm-none-eabi/lib/armv7e-m\libc.a(lib_a-fstatr.o)
 .ARM.attributes
                0x000008e1       0x2e c:/program files (x86)/atmel/studio/7.0/toolchain/arm/arm-gnu-toolchain/bin/../lib/gcc/arm-none-eabi/5.3.1/../../../../arm-none-eabi/lib/armv7e-m\libc.a(lib_a-isattyr.o)
 .ARM.attributes
                0x0000090f       0x2e c:/program files (x86)/atmel/studio/7.0/toolchain/arm/arm-gnu-toolchain/bin/../lib/gcc/arm-none-eabi/5.3.1/../../../../arm-none-eabi/lib/armv7e-m\libc.a(lib_a-lseekr.o)
 .ARM.attributes
                0x0000093d       0x2e c:/program files (x86)/atmel/studio/7.0/toolchain/arm/arm-gnu-toolchain/bin/../lib/gcc/arm-none-eabi/5.3.1/../../../../arm-none-eabi/lib/armv7e-m\libc.a(lib_a-readr.o)
 .ARM.attributes
                0x0000096b       0x2e c:/program files (x86)/atmel/studio/7.0/toolchain/arm/arm-gnu-toolchain/bin/../lib/gcc/arm-none-eabi/5.3.1/../../../../arm-none-eabi/lib/armv7e-m\libc.a(lib_a-reent.o)
 .ARM.attributes
                0x00000999       0x1e c:/program files (x86)/atmel/studio/7.0/toolchain/arm/arm-gnu-toolchain/bin/../lib/gcc/arm-none-eabi/5.3.1/armv7e-m/crtn.o

.comment        0x00000000       0x59
 .comment       0x00000000       0x59 src/ASF/common/services/clock/same70/sysclk.o
                                 0x5a (size before relaxing)
 .comment       0x00000059       0x5a src/ASF/common/utils/interrupt/interrupt_sam_nvic.o
 .comment       0x00000059       0x5a src/ASF/common/utils/stdio/read.o
 .comment       0x00000059       0x5a src/ASF/common/utils/stdio/write.o
 .comment       0x00000059       0x5a src/ASF/sam/boards/same70_xplained/init.o
 .comment       0x00000059       0x5a src/ASF/sam/drivers/pio/pio.o
 .comment       0x00000059       0x5a src/ASF/sam/drivers/pio/pio_handler.o
 .comment       0x00000059       0x5a src/ASF/sam/drivers/pmc/pmc.o
 .comment       0x00000059       0x5a src/ASF/sam/drivers/pwm/pwm.o
 .comment       0x00000059       0x5a src/ASF/sam/drivers/uart/uart.o
 .comment       0x00000059       0x5a src/ASF/sam/drivers/usart/usart.o
 .comment       0x00000059       0x5a src/ASF/sam/utils/cmsis/same70/source/templates/gcc/startup_same70.o
 .comment       0x00000059       0x5a src/ASF/sam/utils/cmsis/same70/source/templates/system_same70.o
 .comment       0x00000059       0x5a src/ASF/sam/utils/syscalls/gcc/syscalls.o
 .comment       0x00000059       0x5a src/pwm_led_example.o

.debug_info     0x00000000     0xda92
 .debug_info    0x00000000      0x846 src/ASF/common/services/clock/same70/sysclk.o
 .debug_info    0x00000846      0x1e4 src/ASF/common/utils/interrupt/interrupt_sam_nvic.o
 .debug_info    0x00000a2a      0x1bb src/ASF/common/utils/stdio/read.o
 .debug_info    0x00000be5      0x1c0 src/ASF/common/utils/stdio/write.o
 .debug_info    0x00000da5     0x18e2 src/ASF/sam/boards/same70_xplained/init.o
 .debug_info    0x00002687     0x1888 src/ASF/sam/drivers/pio/pio.o
 .debug_info    0x00003f0f     0x11e6 src/ASF/sam/drivers/pio/pio_handler.o
 .debug_info    0x000050f5     0x14fb src/ASF/sam/drivers/pmc/pmc.o
 .debug_info    0x000065f0     0x1822 src/ASF/sam/drivers/pwm/pwm.o
 .debug_info    0x00007e12      0x726 src/ASF/sam/drivers/uart/uart.o
 .debug_info    0x00008538     0x1a43 src/ASF/sam/drivers/usart/usart.o
 .debug_info    0x00009f7b      0xc1d src/ASF/sam/utils/cmsis/same70/source/templates/gcc/startup_same70.o
 .debug_info    0x0000ab98      0x56c src/ASF/sam/utils/cmsis/same70/source/templates/system_same70.o
 .debug_info    0x0000b104      0x427 src/ASF/sam/utils/syscalls/gcc/syscalls.o
 .debug_info    0x0000b52b     0x2567 src/pwm_led_example.o

.debug_abbrev   0x00000000     0x1ee7
 .debug_abbrev  0x00000000      0x230 src/ASF/common/services/clock/same70/sysclk.o
 .debug_abbrev  0x00000230       0xed src/ASF/common/utils/interrupt/interrupt_sam_nvic.o
 .debug_abbrev  0x0000031d      0x101 src/ASF/common/utils/stdio/read.o
 .debug_abbrev  0x0000041e       0xf5 src/ASF/common/utils/stdio/write.o
 .debug_abbrev  0x00000513      0x299 src/ASF/sam/boards/same70_xplained/init.o
 .debug_abbrev  0x000007ac      0x31a src/ASF/sam/drivers/pio/pio.o
 .debug_abbrev  0x00000ac6      0x25d src/ASF/sam/drivers/pio/pio_handler.o
 .debug_abbrev  0x00000d23      0x2bd src/ASF/sam/drivers/pmc/pmc.o
 .debug_abbrev  0x00000fe0      0x254 src/ASF/sam/drivers/pwm/pwm.o
 .debug_abbrev  0x00001234      0x1a3 src/ASF/sam/drivers/uart/uart.o
 .debug_abbrev  0x000013d7      0x2dc src/ASF/sam/drivers/usart/usart.o
 .debug_abbrev  0x000016b3      0x221 src/ASF/sam/utils/cmsis/same70/source/templates/gcc/startup_same70.o
 .debug_abbrev  0x000018d4       0xf5 src/ASF/sam/utils/cmsis/same70/source/templates/system_same70.o
 .debug_abbrev  0x000019c9      0x14b src/ASF/sam/utils/syscalls/gcc/syscalls.o
 .debug_abbrev  0x00001b14      0x3d3 src/pwm_led_example.o

.debug_loc      0x00000000     0x50e9
 .debug_loc     0x00000000      0x183 src/ASF/common/services/clock/same70/sysclk.o
 .debug_loc     0x00000183       0xd2 src/ASF/common/utils/stdio/read.o
 .debug_loc     0x00000255      0x15d src/ASF/common/utils/stdio/write.o
 .debug_loc     0x000003b2      0x2e6 src/ASF/sam/boards/same70_xplained/init.o
 .debug_loc     0x00000698      0xf3a src/ASF/sam/drivers/pio/pio.o
 .debug_loc     0x000015d2      0x555 src/ASF/sam/drivers/pio/pio_handler.o
 .debug_loc     0x00001b27      0xec0 src/ASF/sam/drivers/pmc/pmc.o
 .debug_loc     0x000029e7      0xe04 src/ASF/sam/drivers/pwm/pwm.o
 .debug_loc     0x000037eb      0x2a4 src/ASF/sam/drivers/uart/uart.o
 .debug_loc     0x00003a8f     0x10f9 src/ASF/sam/drivers/usart/usart.o
 .debug_loc     0x00004b88       0x6a src/ASF/sam/utils/cmsis/same70/source/templates/gcc/startup_same70.o
 .debug_loc     0x00004bf2       0xdf src/ASF/sam/utils/syscalls/gcc/syscalls.o
 .debug_loc     0x00004cd1      0x418 src/pwm_led_example.o

.debug_aranges  0x00000000      0xaf0
 .debug_aranges
                0x00000000       0x40 src/ASF/common/services/clock/same70/sysclk.o
 .debug_aranges
                0x00000040       0x28 src/ASF/common/utils/interrupt/interrupt_sam_nvic.o
 .debug_aranges
                0x00000068       0x20 src/ASF/common/utils/stdio/read.o
 .debug_aranges
                0x00000088       0x20 src/ASF/common/utils/stdio/write.o
 .debug_aranges
                0x000000a8       0x20 src/ASF/sam/boards/same70_xplained/init.o
 .debug_aranges
                0x000000c8      0x1a8 src/ASF/sam/drivers/pio/pio.o
 .debug_aranges
                0x00000270       0x60 src/ASF/sam/drivers/pio/pio_handler.o
 .debug_aranges
                0x000002d0      0x250 src/ASF/sam/drivers/pmc/pmc.o
 .debug_aranges
                0x00000520      0x160 src/ASF/sam/drivers/pwm/pwm.o
 .debug_aranges
                0x00000680       0xd8 src/ASF/sam/drivers/uart/uart.o
 .debug_aranges
                0x00000758      0x2a8 src/ASF/sam/drivers/usart/usart.o
 .debug_aranges
                0x00000a00       0x28 src/ASF/sam/utils/cmsis/same70/source/templates/gcc/startup_same70.o
 .debug_aranges
                0x00000a28       0x30 src/ASF/sam/utils/cmsis/same70/source/templates/system_same70.o
 .debug_aranges
                0x00000a58       0x60 src/ASF/sam/utils/syscalls/gcc/syscalls.o
 .debug_aranges
                0x00000ab8       0x38 src/pwm_led_example.o

.debug_ranges   0x00000000      0xad8
 .debug_ranges  0x00000000       0x30 src/ASF/common/services/clock/same70/sysclk.o
 .debug_ranges  0x00000030       0x18 src/ASF/common/utils/interrupt/interrupt_sam_nvic.o
 .debug_ranges  0x00000048       0x10 src/ASF/common/utils/stdio/read.o
 .debug_ranges  0x00000058       0x10 src/ASF/common/utils/stdio/write.o
 .debug_ranges  0x00000068       0x10 src/ASF/sam/boards/same70_xplained/init.o
 .debug_ranges  0x00000078      0x270 src/ASF/sam/drivers/pio/pio.o
 .debug_ranges  0x000002e8       0x50 src/ASF/sam/drivers/pio/pio_handler.o
 .debug_ranges  0x00000338      0x240 src/ASF/sam/drivers/pmc/pmc.o
 .debug_ranges  0x00000578      0x150 src/ASF/sam/drivers/pwm/pwm.o
 .debug_ranges  0x000006c8       0xc8 src/ASF/sam/drivers/uart/uart.o
 .debug_ranges  0x00000790      0x298 src/ASF/sam/drivers/usart/usart.o
 .debug_ranges  0x00000a28       0x18 src/ASF/sam/utils/cmsis/same70/source/templates/gcc/startup_same70.o
 .debug_ranges  0x00000a40       0x20 src/ASF/sam/utils/cmsis/same70/source/templates/system_same70.o
 .debug_ranges  0x00000a60       0x50 src/ASF/sam/utils/syscalls/gcc/syscalls.o
 .debug_ranges  0x00000ab0       0x28 src/pwm_led_example.o

.debug_macro    0x00000000    0x1e2ae
 .debug_macro   0x00000000      0x6a1 src/ASF/common/services/clock/same70/sysclk.o
 .debug_macro   0x000006a1      0x8aa src/ASF/common/services/clock/same70/sysclk.o
 .debug_macro   0x00000f4b      0x652 src/ASF/common/services/clock/same70/sysclk.o
 .debug_macro   0x0000159d       0x3a src/ASF/common/services/clock/same70/sysclk.o
 .debug_macro   0x000015d7      0x16d src/ASF/common/services/clock/same70/sysclk.o
 .debug_macro   0x00001744       0x76 src/ASF/common/services/clock/same70/sysclk.o
 .debug_macro   0x000017ba       0x16 src/ASF/common/services/clock/same70/sysclk.o
 .debug_macro   0x000017d0      0x6e4 src/ASF/common/services/clock/same70/sysclk.o
 .debug_macro   0x00001eb4       0x22 src/ASF/common/services/clock/same70/sysclk.o
 .debug_macro   0x00001ed6       0x87 src/ASF/common/services/clock/same70/sysclk.o
 .debug_macro   0x00001f5d       0x44 src/ASF/common/services/clock/same70/sysclk.o
 .debug_macro   0x00001fa1       0xfd src/ASF/common/services/clock/same70/sysclk.o
 .debug_macro   0x0000209e       0x22 src/ASF/common/services/clock/same70/sysclk.o
 .debug_macro   0x000020c0      0x1df src/ASF/common/services/clock/same70/sysclk.o
 .debug_macro   0x0000229f       0x4a src/ASF/common/services/clock/same70/sysclk.o
 .debug_macro   0x000022e9       0x3b src/ASF/common/services/clock/same70/sysclk.o
 .debug_macro   0x00002324       0x2d src/ASF/common/services/clock/same70/sysclk.o
 .debug_macro   0x00002351       0x26 src/ASF/common/services/clock/same70/sysclk.o
 .debug_macro   0x00002377      0xf9a src/ASF/common/services/clock/same70/sysclk.o
 .debug_macro   0x00003311      0x175 src/ASF/common/services/clock/same70/sysclk.o
 .debug_macro   0x00003486      0x257 src/ASF/common/services/clock/same70/sysclk.o
 .debug_macro   0x000036dd      0xa0f src/ASF/common/services/clock/same70/sysclk.o
 .debug_macro   0x000040ec      0x1b9 src/ASF/common/services/clock/same70/sysclk.o
 .debug_macro   0x000042a5      0x336 src/ASF/common/services/clock/same70/sysclk.o
 .debug_macro   0x000045db      0x15b src/ASF/common/services/clock/same70/sysclk.o
 .debug_macro   0x00004736     0x1851 src/ASF/common/services/clock/same70/sysclk.o
 .debug_macro   0x00005f87       0x1c src/ASF/common/services/clock/same70/sysclk.o
 .debug_macro   0x00005fa3      0x68d src/ASF/common/services/clock/same70/sysclk.o
 .debug_macro   0x00006630      0x31e src/ASF/common/services/clock/same70/sysclk.o
 .debug_macro   0x0000694e      0x4d4 src/ASF/common/services/clock/same70/sysclk.o
 .debug_macro   0x00006e22      0x56e src/ASF/common/services/clock/same70/sysclk.o
 .debug_macro   0x00007390     0x1332 src/ASF/common/services/clock/same70/sysclk.o
 .debug_macro   0x000086c2     0x278d src/ASF/common/services/clock/same70/sysclk.o
 .debug_macro   0x0000ae4f     0x102b src/ASF/common/services/clock/same70/sysclk.o
 .debug_macro   0x0000be7a      0xe01 src/ASF/common/services/clock/same70/sysclk.o
 .debug_macro   0x0000cc7b      0x3b1 src/ASF/common/services/clock/same70/sysclk.o
 .debug_macro   0x0000d02c       0xa0 src/ASF/common/services/clock/same70/sysclk.o
 .debug_macro   0x0000d0cc       0x76 src/ASF/common/services/clock/same70/sysclk.o
 .debug_macro   0x0000d142      0x409 src/ASF/common/services/clock/same70/sysclk.o
 .debug_macro   0x0000d54b       0x64 src/ASF/common/services/clock/same70/sysclk.o
 .debug_macro   0x0000d5af      0x284 src/ASF/common/services/clock/same70/sysclk.o
 .debug_macro   0x0000d833      0x1d0 src/ASF/common/services/clock/same70/sysclk.o
 .debug_macro   0x0000da03      0x248 src/ASF/common/services/clock/same70/sysclk.o
 .debug_macro   0x0000dc4b      0x524 src/ASF/common/services/clock/same70/sysclk.o
 .debug_macro   0x0000e16f      0x63b src/ASF/common/services/clock/same70/sysclk.o
 .debug_macro   0x0000e7aa      0x6b8 src/ASF/common/services/clock/same70/sysclk.o
 .debug_macro   0x0000ee62       0x4c src/ASF/common/services/clock/same70/sysclk.o
 .debug_macro   0x0000eeae      0x468 src/ASF/common/services/clock/same70/sysclk.o
 .debug_macro   0x0000f316      0x207 src/ASF/common/services/clock/same70/sysclk.o
 .debug_macro   0x0000f51d      0x866 src/ASF/common/services/clock/same70/sysclk.o
 .debug_macro   0x0000fd83     0x1547 src/ASF/common/services/clock/same70/sysclk.o
 .debug_macro   0x000112ca       0x40 src/ASF/common/services/clock/same70/sysclk.o
 .debug_macro   0x0001130a       0x76 src/ASF/common/services/clock/same70/sysclk.o
 .debug_macro   0x00011380      0xdaf src/ASF/common/services/clock/same70/sysclk.o
 .debug_macro   0x0001212f       0x82 src/ASF/common/services/clock/same70/sysclk.o
 .debug_macro   0x000121b1       0x76 src/ASF/common/services/clock/same70/sysclk.o
 .debug_macro   0x00012227       0x4c src/ASF/common/services/clock/same70/sysclk.o
 .debug_macro   0x00012273      0x135 src/ASF/common/services/clock/same70/sysclk.o
 .debug_macro   0x000123a8      0x135 src/ASF/common/services/clock/same70/sysclk.o
 .debug_macro   0x000124dd      0x135 src/ASF/common/services/clock/same70/sysclk.o
 .debug_macro   0x00012612       0x6a src/ASF/common/services/clock/same70/sysclk.o
 .debug_macro   0x0001267c       0x6a src/ASF/common/services/clock/same70/sysclk.o
 .debug_macro   0x000126e6      0x313 src/ASF/common/services/clock/same70/sysclk.o
 .debug_macro   0x000129f9       0xb2 src/ASF/common/services/clock/same70/sysclk.o
 .debug_macro   0x00012aab       0xb2 src/ASF/common/services/clock/same70/sysclk.o
 .debug_macro   0x00012b5d       0xb2 src/ASF/common/services/clock/same70/sysclk.o
 .debug_macro   0x00012c0f      0x11d src/ASF/common/services/clock/same70/sysclk.o
 .debug_macro   0x00012d2c      0x11d src/ASF/common/services/clock/same70/sysclk.o
 .debug_macro   0x00012e49      0x2cd src/ASF/common/services/clock/same70/sysclk.o
 .debug_macro   0x00013116       0xb8 src/ASF/common/services/clock/same70/sysclk.o
 .debug_macro   0x000131ce       0x5e src/ASF/common/services/clock/same70/sysclk.o
 .debug_macro   0x0001322c       0x40 src/ASF/common/services/clock/same70/sysclk.o
 .debug_macro   0x0001326c       0x4c src/ASF/common/services/clock/same70/sysclk.o
 .debug_macro   0x000132b8       0xa0 src/ASF/common/services/clock/same70/sysclk.o
 .debug_macro   0x00013358      0x494 src/ASF/common/services/clock/same70/sysclk.o
 .debug_macro   0x000137ec      0x135 src/ASF/common/services/clock/same70/sysclk.o
 .debug_macro   0x00013921       0x4c src/ASF/common/services/clock/same70/sysclk.o
 .debug_macro   0x0001396d      0x313 src/ASF/common/services/clock/same70/sysclk.o
 .debug_macro   0x00013c80       0x6a src/ASF/common/services/clock/same70/sysclk.o
 .debug_macro   0x00013cea       0xb8 src/ASF/common/services/clock/same70/sysclk.o
 .debug_macro   0x00013da2       0x6a src/ASF/common/services/clock/same70/sysclk.o
 .debug_macro   0x00013e0c       0x2e src/ASF/common/services/clock/same70/sysclk.o
 .debug_macro   0x00013e3a      0x9b1 src/ASF/common/services/clock/same70/sysclk.o
 .debug_macro   0x000147eb       0x6a src/ASF/common/services/clock/same70/sysclk.o
 .debug_macro   0x00014855       0x88 src/ASF/common/services/clock/same70/sysclk.o
 .debug_macro   0x000148dd       0x58 src/ASF/common/services/clock/same70/sysclk.o
 .debug_macro   0x00014935       0xe2 src/ASF/common/services/clock/same70/sysclk.o
 .debug_macro   0x00014a17       0x16 src/ASF/common/services/clock/same70/sysclk.o
 .debug_macro   0x00014a2d       0xe2 src/ASF/common/services/clock/same70/sysclk.o
 .debug_macro   0x00014b0f       0x4c src/ASF/common/services/clock/same70/sysclk.o
 .debug_macro   0x00014b5b       0x16 src/ASF/common/services/clock/same70/sysclk.o
 .debug_macro   0x00014b71       0x4c src/ASF/common/services/clock/same70/sysclk.o
 .debug_macro   0x00014bbd       0x2e src/ASF/common/services/clock/same70/sysclk.o
 .debug_macro   0x00014beb      0x1b5 src/ASF/common/services/clock/same70/sysclk.o
 .debug_macro   0x00014da0      0x1b5 src/ASF/common/services/clock/same70/sysclk.o
 .debug_macro   0x00014f55      0x1b5 src/ASF/common/services/clock/same70/sysclk.o
 .debug_macro   0x0001510a      0x1b5 src/ASF/common/services/clock/same70/sysclk.o
 .debug_macro   0x000152bf      0x1b5 src/ASF/common/services/clock/same70/sysclk.o
 .debug_macro   0x00015474       0x1c src/ASF/common/services/clock/same70/sysclk.o
 .debug_macro   0x00015490       0x2e src/ASF/common/services/clock/same70/sysclk.o
 .debug_macro   0x000154be       0x22 src/ASF/common/services/clock/same70/sysclk.o
 .debug_macro   0x000154e0       0x1c src/ASF/common/services/clock/same70/sysclk.o
 .debug_macro   0x000154fc       0x52 src/ASF/common/services/clock/same70/sysclk.o
 .debug_macro   0x0001554e       0x10 src/ASF/common/services/clock/same70/sysclk.o
 .debug_macro   0x0001555e       0x1c src/ASF/common/services/clock/same70/sysclk.o
 .debug_macro   0x0001557a       0x4c src/ASF/common/services/clock/same70/sysclk.o
 .debug_macro   0x000155c6       0x4c src/ASF/common/services/clock/same70/sysclk.o
 .debug_macro   0x00015612       0x4c src/ASF/common/services/clock/same70/sysclk.o
 .debug_macro   0x0001565e      0x31b src/ASF/common/services/clock/same70/sysclk.o
 .debug_macro   0x00015979     0x1022 src/ASF/common/services/clock/same70/sysclk.o
 .debug_macro   0x0001699b      0x100 src/ASF/common/services/clock/same70/sysclk.o
 .debug_macro   0x00016a9b       0x52 src/ASF/common/services/clock/same70/sysclk.o
 .debug_macro   0x00016aed       0x35 src/ASF/common/services/clock/same70/sysclk.o
 .debug_macro   0x00016b22       0x9c src/ASF/common/services/clock/same70/sysclk.o
 .debug_macro   0x00016bbe       0x16 src/ASF/common/services/clock/same70/sysclk.o
 .debug_macro   0x00016bd4       0x35 src/ASF/common/services/clock/same70/sysclk.o
 .debug_macro   0x00016c09      0x330 src/ASF/common/services/clock/same70/sysclk.o
 .debug_macro   0x00016f39       0x10 src/ASF/common/services/clock/same70/sysclk.o
 .debug_macro   0x00016f49       0x52 src/ASF/common/services/clock/same70/sysclk.o
 .debug_macro   0x00016f9b       0x16 src/ASF/common/services/clock/same70/sysclk.o
 .debug_macro   0x00016fb1       0x43 src/ASF/common/services/clock/same70/sysclk.o
 .debug_macro   0x00016ff4      0x187 src/ASF/common/services/clock/same70/sysclk.o
 .debug_macro   0x0001717b       0x22 src/ASF/common/services/clock/same70/sysclk.o
 .debug_macro   0x0001719d       0x3a src/ASF/common/services/clock/same70/sysclk.o
 .debug_macro   0x000171d7       0x10 src/ASF/common/services/clock/same70/sysclk.o
 .debug_macro   0x000171e7       0x40 src/ASF/common/services/clock/same70/sysclk.o
 .debug_macro   0x00017227       0x6c src/ASF/common/services/clock/same70/sysclk.o
 .debug_macro   0x00017293       0x16 src/ASF/common/services/clock/same70/sysclk.o
 .debug_macro   0x000172a9      0x182 src/ASF/common/services/clock/same70/sysclk.o
 .debug_macro   0x0001742b       0x22 src/ASF/common/services/clock/same70/sysclk.o
 .debug_macro   0x0001744d       0x16 src/ASF/common/services/clock/same70/sysclk.o
 .debug_macro   0x00017463       0x16 src/ASF/common/services/clock/same70/sysclk.o
 .debug_macro   0x00017479       0x29 src/ASF/common/services/clock/same70/sysclk.o
 .debug_macro   0x000174a2       0x75 src/ASF/common/services/clock/same70/sysclk.o
 .debug_macro   0x00017517       0x3f src/ASF/common/services/clock/same70/sysclk.o
 .debug_macro   0x00017556      0x3ca src/ASF/common/services/clock/same70/sysclk.o
 .debug_macro   0x00017920      0x2b9 src/ASF/common/services/clock/same70/sysclk.o
 .debug_macro   0x00017bd9      0x8d6 src/ASF/common/services/clock/same70/sysclk.o
 .debug_macro   0x000184af       0x70 src/ASF/common/services/clock/same70/sysclk.o
 .debug_macro   0x0001851f       0x64 src/ASF/common/services/clock/same70/sysclk.o
 .debug_macro   0x00018583       0x5f src/ASF/common/services/clock/same70/sysclk.o
 .debug_macro   0x000185e2       0xac src/ASF/common/services/clock/same70/sysclk.o
 .debug_macro   0x0001868e      0x627 src/ASF/common/utils/interrupt/interrupt_sam_nvic.o
 .debug_macro   0x00018cb5      0x627 src/ASF/common/utils/stdio/read.o
 .debug_macro   0x000192dc      0x627 src/ASF/common/utils/stdio/write.o
 .debug_macro   0x00019903      0x6dd src/ASF/sam/boards/same70_xplained/init.o
 .debug_macro   0x00019fe0       0x22 src/ASF/sam/boards/same70_xplained/init.o
 .debug_macro   0x0001a002       0x82 src/ASF/sam/boards/same70_xplained/init.o
 .debug_macro   0x0001a084       0x94 src/ASF/sam/boards/same70_xplained/init.o
 .debug_macro   0x0001a118      0x63d src/ASF/sam/drivers/pio/pio.o
 .debug_macro   0x0001a755       0x8e src/ASF/sam/drivers/pio/pio.o
 .debug_macro   0x0001a7e3      0x648 src/ASF/sam/drivers/pio/pio_handler.o
 .debug_macro   0x0001ae2b      0x63d src/ASF/sam/drivers/pmc/pmc.o
 .debug_macro   0x0001b468       0x6a src/ASF/sam/drivers/pmc/pmc.o
 .debug_macro   0x0001b4d2      0x644 src/ASF/sam/drivers/pwm/pwm.o
 .debug_macro   0x0001bb16      0x637 src/ASF/sam/drivers/uart/uart.o
 .debug_macro   0x0001c14d       0x16 src/ASF/sam/drivers/uart/uart.o
 .debug_macro   0x0001c163      0x66d src/ASF/sam/drivers/usart/usart.o
 .debug_macro   0x0001c7d0       0x34 src/ASF/sam/drivers/usart/usart.o
 .debug_macro   0x0001c804      0x636 src/ASF/sam/utils/cmsis/same70/source/templates/gcc/startup_same70.o
 .debug_macro   0x0001ce3a       0x10 src/ASF/sam/utils/cmsis/same70/source/templates/gcc/startup_same70.o
 .debug_macro   0x0001ce4a      0x455 src/ASF/sam/utils/cmsis/same70/source/templates/system_same70.o
 .debug_macro   0x0001d29f      0x19c src/ASF/sam/utils/syscalls/gcc/syscalls.o
 .debug_macro   0x0001d43b       0x4c src/ASF/sam/utils/syscalls/gcc/syscalls.o
 .debug_macro   0x0001d487       0x8d src/ASF/sam/utils/syscalls/gcc/syscalls.o
 .debug_macro   0x0001d514       0x4a src/ASF/sam/utils/syscalls/gcc/syscalls.o
 .debug_macro   0x0001d55e       0x97 src/ASF/sam/utils/syscalls/gcc/syscalls.o
 .debug_macro   0x0001d5f5       0xf6 src/ASF/sam/utils/syscalls/gcc/syscalls.o
 .debug_macro   0x0001d6eb       0x52 src/ASF/sam/utils/syscalls/gcc/syscalls.o
 .debug_macro   0x0001d73d       0x16 src/ASF/sam/utils/syscalls/gcc/syscalls.o
 .debug_macro   0x0001d753       0x10 src/ASF/sam/utils/syscalls/gcc/syscalls.o
 .debug_macro   0x0001d763       0x41 src/ASF/sam/utils/syscalls/gcc/syscalls.o
 .debug_macro   0x0001d7a4      0x122 src/ASF/sam/utils/syscalls/gcc/syscalls.o
 .debug_macro   0x0001d8c6      0x798 src/pwm_led_example.o
 .debug_macro   0x0001e05e       0x40 src/pwm_led_example.o
 .debug_macro   0x0001e09e      0x1ce src/pwm_led_example.o
 .debug_macro   0x0001e26c       0x10 src/pwm_led_example.o
 .debug_macro   0x0001e27c       0x16 src/pwm_led_example.o
 .debug_macro   0x0001e292       0x1c src/pwm_led_example.o

.debug_line     0x00000000     0xab3d
 .debug_line    0x00000000      0xb1f src/ASF/common/services/clock/same70/sysclk.o
 .debug_line    0x00000b1f      0x9d5 src/ASF/common/utils/interrupt/interrupt_sam_nvic.o
 .debug_line    0x000014f4      0x9c6 src/ASF/common/utils/stdio/read.o
 .debug_line    0x00001eba      0x9b8 src/ASF/common/utils/stdio/write.o
 .debug_line    0x00002872      0xc26 src/ASF/sam/boards/same70_xplained/init.o
 .debug_line    0x00003498      0xe89 src/ASF/sam/drivers/pio/pio.o
 .debug_line    0x00004321      0xa8a src/ASF/sam/drivers/pio/pio_handler.o
 .debug_line    0x00004dab     0x1052 src/ASF/sam/drivers/pmc/pmc.o
 .debug_line    0x00005dfd      0xd50 src/ASF/sam/drivers/pwm/pwm.o
 .debug_line    0x00006b4d      0xb4f src/ASF/sam/drivers/uart/uart.o
 .debug_line    0x0000769c     0x103e src/ASF/sam/drivers/usart/usart.o
 .debug_line    0x000086da      0xa48 src/ASF/sam/utils/cmsis/same70/source/templates/gcc/startup_same70.o
 .debug_line    0x00009122      0x7d2 src/ASF/sam/utils/cmsis/same70/source/templates/system_same70.o
 .debug_line    0x000098f4      0x3d1 src/ASF/sam/utils/syscalls/gcc/syscalls.o
 .debug_line    0x00009cc5      0xe78 src/pwm_led_example.o

.debug_str      0x00000000    0x8b2aa
 .debug_str     0x00000000    0x84d22 src/ASF/common/services/clock/same70/sysclk.o
                              0x8536c (size before relaxing)
 .debug_str     0x00084d22       0x94 src/ASF/common/utils/interrupt/interrupt_sam_nvic.o
                              0x814ea (size before relaxing)
 .debug_str     0x00084db6       0x3f src/ASF/common/utils/stdio/read.o
                              0x81499 (size before relaxing)
 .debug_str     0x00084df5       0x2e src/ASF/common/utils/stdio/write.o
                              0x8149b (size before relaxing)
 .debug_str     0x00084e23      0xfe0 src/ASF/sam/boards/same70_xplained/init.o
                              0x860a2 (size before relaxing)
 .debug_str     0x00085e03      0x5b8 src/ASF/sam/drivers/pio/pio.o
                              0x82040 (size before relaxing)
 .debug_str     0x000863bb      0x44f src/ASF/sam/drivers/pio/pio_handler.o
                              0x820b1 (size before relaxing)
 .debug_str     0x0008680a      0x7c7 src/ASF/sam/drivers/pmc/pmc.o
                              0x82195 (size before relaxing)
 .debug_str     0x00086fd1      0xe73 src/ASF/sam/drivers/pwm/pwm.o
                              0x823c8 (size before relaxing)
 .debug_str     0x00087e44      0x2ef src/ASF/sam/drivers/uart/uart.o
                              0x8179a (size before relaxing)
 .debug_str     0x00088133      0xb6a src/ASF/sam/drivers/usart/usart.o
                              0x82032 (size before relaxing)
 .debug_str     0x00088c9d      0x67c src/ASF/sam/utils/cmsis/same70/source/templates/gcc/startup_same70.o
                              0x81c90 (size before relaxing)
 .debug_str     0x00089319      0x16f src/ASF/sam/utils/cmsis/same70/source/templates/system_same70.o
                              0x726c7 (size before relaxing)
 .debug_str     0x00089488      0x748 src/ASF/sam/utils/syscalls/gcc/syscalls.o
                               0x6a27 (size before relaxing)
 .debug_str     0x00089bd0     0x16da src/pwm_led_example.o
                              0x87ec6 (size before relaxing)

.debug_frame    0x00000000     0x2020
 .debug_frame   0x00000000       0x88 src/ASF/common/services/clock/same70/sysclk.o
 .debug_frame   0x00000088       0x30 src/ASF/common/utils/interrupt/interrupt_sam_nvic.o
 .debug_frame   0x000000b8       0x48 src/ASF/common/utils/stdio/read.o
 .debug_frame   0x00000100       0x48 src/ASF/common/utils/stdio/write.o
 .debug_frame   0x00000148       0x30 src/ASF/sam/boards/same70_xplained/init.o
 .debug_frame   0x00000178      0x398 src/ASF/sam/drivers/pio/pio.o
 .debug_frame   0x00000510      0x110 src/ASF/sam/drivers/pio/pio_handler.o
 .debug_frame   0x00000620      0x4f8 src/ASF/sam/drivers/pmc/pmc.o
 .debug_frame   0x00000b18      0x318 src/ASF/sam/drivers/pwm/pwm.o
 .debug_frame   0x00000e30      0x19c src/ASF/sam/drivers/uart/uart.o
 .debug_frame   0x00000fcc      0x5c0 src/ASF/sam/drivers/usart/usart.o
 .debug_frame   0x0000158c       0x38 src/ASF/sam/utils/cmsis/same70/source/templates/gcc/startup_same70.o
 .debug_frame   0x000015c4       0x40 src/ASF/sam/utils/cmsis/same70/source/templates/system_same70.o
 .debug_frame   0x00001604       0xa0 src/ASF/sam/utils/syscalls/gcc/syscalls.o
 .debug_frame   0x000016a4       0x98 src/pwm_led_example.o
 .debug_frame   0x0000173c       0x2c c:/program files (x86)/atmel/studio/7.0/toolchain/arm/arm-gnu-toolchain/bin/../lib/gcc/arm-none-eabi/5.3.1/../../../../arm-none-eabi/lib/armv7e-m\libc.a(lib_a-init.o)
 .debug_frame   0x00001768       0x34 c:/program files (x86)/atmel/studio/7.0/toolchain/arm/arm-gnu-toolchain/bin/../lib/gcc/arm-none-eabi/5.3.1/../../../../arm-none-eabi/lib/armv7e-m\libc.a(lib_a-memset.o)
 .debug_frame   0x0000179c       0x48 c:/program files (x86)/atmel/studio/7.0/toolchain/arm/arm-gnu-toolchain/bin/../lib/gcc/arm-none-eabi/5.3.1/../../../../arm-none-eabi/lib/armv7e-m\libc.a(lib_a-puts.o)
 .debug_frame   0x000017e4       0x20 c:/program files (x86)/atmel/studio/7.0/toolchain/arm/arm-gnu-toolchain/bin/../lib/gcc/arm-none-eabi/5.3.1/../../../../arm-none-eabi/lib/armv7e-m\libc.a(lib_a-setbuf.o)
 .debug_frame   0x00001804       0x50 c:/program files (x86)/atmel/studio/7.0/toolchain/arm/arm-gnu-toolchain/bin/../lib/gcc/arm-none-eabi/5.3.1/../../../../arm-none-eabi/lib/armv7e-m\libc.a(lib_a-setvbuf.o)
 .debug_frame   0x00001854       0x50 c:/program files (x86)/atmel/studio/7.0/toolchain/arm/arm-gnu-toolchain/bin/../lib/gcc/arm-none-eabi/5.3.1/../../../../arm-none-eabi/lib/armv7e-m\libc.a(lib_a-__call_atexit.o)
 .debug_frame   0x000018a4       0x20 c:/program files (x86)/atmel/studio/7.0/toolchain/arm/arm-gnu-toolchain/bin/../lib/gcc/arm-none-eabi/5.3.1/../../../../arm-none-eabi/lib/armv7e-m\libc.a(lib_a-atexit.o)
 .debug_frame   0x000018c4       0x6c c:/program files (x86)/atmel/studio/7.0/toolchain/arm/arm-gnu-toolchain/bin/../lib/gcc/arm-none-eabi/5.3.1/../../../../arm-none-eabi/lib/armv7e-m\libc.a(lib_a-fflush.o)
 .debug_frame   0x00001930      0x124 c:/program files (x86)/atmel/studio/7.0/toolchain/arm/arm-gnu-toolchain/bin/../lib/gcc/arm-none-eabi/5.3.1/../../../../arm-none-eabi/lib/armv7e-m\libc.a(lib_a-findfp.o)
 .debug_frame   0x00001a54       0x34 c:/program files (x86)/atmel/studio/7.0/toolchain/arm/arm-gnu-toolchain/bin/../lib/gcc/arm-none-eabi/5.3.1/../../../../arm-none-eabi/lib/armv7e-m\libc.a(lib_a-fini.o)
 .debug_frame   0x00001a88       0x74 c:/program files (x86)/atmel/studio/7.0/toolchain/arm/arm-gnu-toolchain/bin/../lib/gcc/arm-none-eabi/5.3.1/../../../../arm-none-eabi/lib/armv7e-m\libc.a(lib_a-freer.o)
 .debug_frame   0x00001afc       0x68 c:/program files (x86)/atmel/studio/7.0/toolchain/arm/arm-gnu-toolchain/bin/../lib/gcc/arm-none-eabi/5.3.1/../../../../arm-none-eabi/lib/armv7e-m\libc.a(lib_a-fvwrite.o)
 .debug_frame   0x00001b64       0x54 c:/program files (x86)/atmel/studio/7.0/toolchain/arm/arm-gnu-toolchain/bin/../lib/gcc/arm-none-eabi/5.3.1/../../../../arm-none-eabi/lib/armv7e-m\libc.a(lib_a-fwalk.o)
 .debug_frame   0x00001bb8       0x68 c:/program files (x86)/atmel/studio/7.0/toolchain/arm/arm-gnu-toolchain/bin/../lib/gcc/arm-none-eabi/5.3.1/../../../../arm-none-eabi/lib/armv7e-m\libc.a(lib_a-makebuf.o)
 .debug_frame   0x00001c20       0x30 c:/program files (x86)/atmel/studio/7.0/toolchain/arm/arm-gnu-toolchain/bin/../lib/gcc/arm-none-eabi/5.3.1/../../../../arm-none-eabi/lib/armv7e-m\libc.a(lib_a-malloc.o)
 .debug_frame   0x00001c50       0x58 c:/program files (x86)/atmel/studio/7.0/toolchain/arm/arm-gnu-toolchain/bin/../lib/gcc/arm-none-eabi/5.3.1/../../../../arm-none-eabi/lib/armv7e-m\libc.a(lib_a-mallocr.o)
 .debug_frame   0x00001ca8       0x30 c:/program files (x86)/atmel/studio/7.0/toolchain/arm/arm-gnu-toolchain/bin/../lib/gcc/arm-none-eabi/5.3.1/../../../../arm-none-eabi/lib/armv7e-m\libc.a(lib_a-memmove.o)
 .debug_frame   0x00001cd8       0x30 c:/program files (x86)/atmel/studio/7.0/toolchain/arm/arm-gnu-toolchain/bin/../lib/gcc/arm-none-eabi/5.3.1/../../../../arm-none-eabi/lib/armv7e-m\libc.a(lib_a-mlock.o)
 .debug_frame   0x00001d08       0x60 c:/program files (x86)/atmel/studio/7.0/toolchain/arm/arm-gnu-toolchain/bin/../lib/gcc/arm-none-eabi/5.3.1/../../../../arm-none-eabi/lib/armv7e-m\libc.a(lib_a-reallocr.o)
 .debug_frame   0x00001d68       0x2c c:/program files (x86)/atmel/studio/7.0/toolchain/arm/arm-gnu-toolchain/bin/../lib/gcc/arm-none-eabi/5.3.1/../../../../arm-none-eabi/lib/armv7e-m\libc.a(lib_a-sbrkr.o)
 .debug_frame   0x00001d94       0x88 c:/program files (x86)/atmel/studio/7.0/toolchain/arm/arm-gnu-toolchain/bin/../lib/gcc/arm-none-eabi/5.3.1/../../../../arm-none-eabi/lib/armv7e-m\libc.a(lib_a-stdio.o)
 .debug_frame   0x00001e1c       0x2c c:/program files (x86)/atmel/studio/7.0/toolchain/arm/arm-gnu-toolchain/bin/../lib/gcc/arm-none-eabi/5.3.1/../../../../arm-none-eabi/lib/armv7e-m\libc.a(lib_a-writer.o)
 .debug_frame   0x00001e48       0x2c c:/program files (x86)/atmel/studio/7.0/toolchain/arm/arm-gnu-toolchain/bin/../lib/gcc/arm-none-eabi/5.3.1/../../../../arm-none-eabi/lib/armv7e-m\libc.a(lib_a-wsetup.o)
 .debug_frame   0x00001e74       0x34 c:/program files (x86)/atmel/studio/7.0/toolchain/arm/arm-gnu-toolchain/bin/../lib/gcc/arm-none-eabi/5.3.1/../../../../arm-none-eabi/lib/armv7e-m\libc.a(lib_a-__atexit.o)
 .debug_frame   0x00001ea8       0x2c c:/program files (x86)/atmel/studio/7.0/toolchain/arm/arm-gnu-toolchain/bin/../lib/gcc/arm-none-eabi/5.3.1/../../../../arm-none-eabi/lib/armv7e-m\libc.a(lib_a-closer.o)
 .debug_frame   0x00001ed4       0x44 c:/program files (x86)/atmel/studio/7.0/toolchain/arm/arm-gnu-toolchain/bin/../lib/gcc/arm-none-eabi/5.3.1/../../../../arm-none-eabi/lib/armv7e-m\libc.a(lib_a-fclose.o)
 .debug_frame   0x00001f18       0x2c c:/program files (x86)/atmel/studio/7.0/toolchain/arm/arm-gnu-toolchain/bin/../lib/gcc/arm-none-eabi/5.3.1/../../../../arm-none-eabi/lib/armv7e-m\libc.a(lib_a-fstatr.o)
 .debug_frame   0x00001f44       0x2c c:/program files (x86)/atmel/studio/7.0/toolchain/arm/arm-gnu-toolchain/bin/../lib/gcc/arm-none-eabi/5.3.1/../../../../arm-none-eabi/lib/armv7e-m\libc.a(lib_a-isattyr.o)
 .debug_frame   0x00001f70       0x2c c:/program files (x86)/atmel/studio/7.0/toolchain/arm/arm-gnu-toolchain/bin/../lib/gcc/arm-none-eabi/5.3.1/../../../../arm-none-eabi/lib/armv7e-m\libc.a(lib_a-lseekr.o)
 .debug_frame   0x00001f9c       0x2c c:/program files (x86)/atmel/studio/7.0/toolchain/arm/arm-gnu-toolchain/bin/../lib/gcc/arm-none-eabi/5.3.1/../../../../arm-none-eabi/lib/armv7e-m\libc.a(lib_a-readr.o)
 .debug_frame   0x00001fc8       0x58 c:/program files (x86)/atmel/studio/7.0/toolchain/arm/arm-gnu-toolchain/bin/../lib/gcc/arm-none-eabi/5.3.1/../../../../arm-none-eabi/lib/armv7e-m\libc.a(lib_a-reent.o)

Cross Reference Table

Symbol                                            File
ACC_Handler                                       src/ASF/sam/utils/cmsis/same70/source/templates/gcc/startup_same70.o
AES_Handler                                       src/ASF/sam/utils/cmsis/same70/source/templates/gcc/startup_same70.o
AFEC0_Handler                                     src/ASF/sam/utils/cmsis/same70/source/templates/gcc/startup_same70.o
AFEC1_Handler                                     src/ASF/sam/utils/cmsis/same70/source/templates/gcc/startup_same70.o
BusFault_Handler                                  src/ASF/sam/utils/cmsis/same70/source/templates/gcc/startup_same70.o
DACC_Handler                                      src/ASF/sam/utils/cmsis/same70/source/templates/gcc/startup_same70.o
DebugMon_Handler                                  src/ASF/sam/utils/cmsis/same70/source/templates/gcc/startup_same70.o
Dummy_Handler                                     src/ASF/sam/utils/cmsis/same70/source/templates/gcc/startup_same70.o
EFC_Handler                                       src/ASF/sam/utils/cmsis/same70/source/templates/gcc/startup_same70.o
GMAC_Handler                                      src/ASF/sam/utils/cmsis/same70/source/templates/gcc/startup_same70.o
HSMCI_Handler                                     src/ASF/sam/utils/cmsis/same70/source/templates/gcc/startup_same70.o
HardFault_Handler                                 src/ASF/sam/utils/cmsis/same70/source/templates/gcc/startup_same70.o
ICM_Handler                                       src/ASF/sam/utils/cmsis/same70/source/templates/gcc/startup_same70.o
ISI_Handler                                       src/ASF/sam/utils/cmsis/same70/source/templates/gcc/startup_same70.o
MCAN0_Handler                                     src/ASF/sam/utils/cmsis/same70/source/templates/gcc/startup_same70.o
MCAN1_Handler                                     src/ASF/sam/utils/cmsis/same70/source/templates/gcc/startup_same70.o
MemManage_Handler                                 src/ASF/sam/utils/cmsis/same70/source/templates/gcc/startup_same70.o
NMI_Handler                                       src/ASF/sam/utils/cmsis/same70/source/templates/gcc/startup_same70.o
PIOA_Handler                                      src/ASF/sam/drivers/pio/pio_handler.o
PIOB_Handler                                      src/ASF/sam/drivers/pio/pio_handler.o
PIOC_Handler                                      src/ASF/sam/drivers/pio/pio_handler.o
PIOD_Handler                                      src/ASF/sam/drivers/pio/pio_handler.o
PIOE_Handler                                      src/ASF/sam/drivers/pio/pio_handler.o
PMC_Handler                                       src/ASF/sam/utils/cmsis/same70/source/templates/gcc/startup_same70.o
PWM0_Handler                                      src/pwm_led_example.o
                                                  src/ASF/sam/utils/cmsis/same70/source/templates/gcc/startup_same70.o
PWM1_Handler                                      src/ASF/sam/utils/cmsis/same70/source/templates/gcc/startup_same70.o
PendSV_Handler                                    src/ASF/sam/utils/cmsis/same70/source/templates/gcc/startup_same70.o
QSPI_Handler                                      src/ASF/sam/utils/cmsis/same70/source/templates/gcc/startup_same70.o
RSTC_Handler                                      src/ASF/sam/utils/cmsis/same70/source/templates/gcc/startup_same70.o
RSWDT_Handler                                     src/ASF/sam/utils/cmsis/same70/source/templates/gcc/startup_same70.o
RTC_Handler                                       src/ASF/sam/utils/cmsis/same70/source/templates/gcc/startup_same70.o
RTT_Handler                                       src/ASF/sam/utils/cmsis/same70/source/templates/gcc/startup_same70.o
Reset_Handler                                     src/ASF/sam/utils/cmsis/same70/source/templates/gcc/startup_same70.o
SDRAMC_Handler                                    src/ASF/sam/utils/cmsis/same70/source/templates/gcc/startup_same70.o
SPI0_Handler                                      src/ASF/sam/utils/cmsis/same70/source/templates/gcc/startup_same70.o
SPI1_Handler                                      src/ASF/sam/utils/cmsis/same70/source/templates/gcc/startup_same70.o
SSC_Handler                                       src/ASF/sam/utils/cmsis/same70/source/templates/gcc/startup_same70.o
SUPC_Handler                                      src/ASF/sam/utils/cmsis/same70/source/templates/gcc/startup_same70.o
SVC_Handler                                       src/ASF/sam/utils/cmsis/same70/source/templates/gcc/startup_same70.o
SysTick_Handler                                   src/ASF/sam/utils/cmsis/same70/source/templates/gcc/startup_same70.o
SystemCoreClock                                   src/ASF/sam/utils/cmsis/same70/source/templates/system_same70.o
SystemCoreClockUpdate                             src/ASF/sam/utils/cmsis/same70/source/templates/system_same70.o
                                                  src/ASF/common/services/clock/same70/sysclk.o
SystemInit                                        src/ASF/sam/utils/cmsis/same70/source/templates/system_same70.o
TC0_Handler                                       src/ASF/sam/utils/cmsis/same70/source/templates/gcc/startup_same70.o
TC10_Handler                                      src/ASF/sam/utils/cmsis/same70/source/templates/gcc/startup_same70.o
TC11_Handler                                      src/ASF/sam/utils/cmsis/same70/source/templates/gcc/startup_same70.o
TC1_Handler                                       src/ASF/sam/utils/cmsis/same70/source/templates/gcc/startup_same70.o
TC2_Handler                                       src/ASF/sam/utils/cmsis/same70/source/templates/gcc/startup_same70.o
TC3_Handler                                       src/ASF/sam/utils/cmsis/same70/source/templates/gcc/startup_same70.o
TC4_Handler                                       src/ASF/sam/utils/cmsis/same70/source/templates/gcc/startup_same70.o
TC5_Handler                                       src/ASF/sam/utils/cmsis/same70/source/templates/gcc/startup_same70.o
TC6_Handler                                       src/ASF/sam/utils/cmsis/same70/source/templates/gcc/startup_same70.o
TC7_Handler                                       src/ASF/sam/utils/cmsis/same70/source/templates/gcc/startup_same70.o
TC8_Handler                                       src/ASF/sam/utils/cmsis/same70/source/templates/gcc/startup_same70.o
TC9_Handler                                       src/ASF/sam/utils/cmsis/same70/source/templates/gcc/startup_same70.o
TRNG_Handler                                      src/ASF/sam/utils/cmsis/same70/source/templates/gcc/startup_same70.o
TWIHS0_Handler                                    src/ASF/sam/utils/cmsis/same70/source/templates/gcc/startup_same70.o
TWIHS1_Handler                                    src/ASF/sam/utils/cmsis/same70/source/templates/gcc/startup_same70.o
TWIHS2_Handler                                    src/ASF/sam/utils/cmsis/same70/source/templates/gcc/startup_same70.o
UART0_Handler                                     src/ASF/sam/utils/cmsis/same70/source/templates/gcc/startup_same70.o
UART1_Handler                                     src/ASF/sam/utils/cmsis/same70/source/templates/gcc/startup_same70.o
UART2_Handler                                     src/ASF/sam/utils/cmsis/same70/source/templates/gcc/startup_same70.o
UART3_Handler                                     src/ASF/sam/utils/cmsis/same70/source/templates/gcc/startup_same70.o
UART4_Handler                                     src/ASF/sam/utils/cmsis/same70/source/templates/gcc/startup_same70.o
USART0_Handler                                    src/ASF/sam/utils/cmsis/same70/source/templates/gcc/startup_same70.o
USART1_Handler                                    src/ASF/sam/utils/cmsis/same70/source/templates/gcc/startup_same70.o
USART2_Handler                                    src/ASF/sam/utils/cmsis/same70/source/templates/gcc/startup_same70.o
USBHS_Handler                                     src/ASF/sam/utils/cmsis/same70/source/templates/gcc/startup_same70.o
UsageFault_Handler                                src/ASF/sam/utils/cmsis/same70/source/templates/gcc/startup_same70.o
WDT_Handler                                       src/ASF/sam/utils/cmsis/same70/source/templates/gcc/startup_same70.o
XDMAC_Handler                                     src/ASF/sam/utils/cmsis/same70/source/templates/gcc/startup_same70.o
_Jv_RegisterClasses                               c:/program files (x86)/atmel/studio/7.0/toolchain/arm/arm-gnu-toolchain/bin/../lib/gcc/arm-none-eabi/5.3.1/armv7e-m/crtbegin.o
__bss_end__                                       c:/program files (x86)/atmel/studio/7.0/toolchain/arm/arm-gnu-toolchain/bin/../lib/gcc/arm-none-eabi/5.3.1/../../../../arm-none-eabi/lib/armv7e-m/crt0.o
__bss_start__                                     c:/program files (x86)/atmel/studio/7.0/toolchain/arm/arm-gnu-toolchain/bin/../lib/gcc/arm-none-eabi/5.3.1/../../../../arm-none-eabi/lib/armv7e-m/crt0.o
__call_exitprocs                                  c:/program files (x86)/atmel/studio/7.0/toolchain/arm/arm-gnu-toolchain/bin/../lib/gcc/arm-none-eabi/5.3.1/../../../../arm-none-eabi/lib/armv7e-m\libc.a(lib_a-__call_atexit.o)
                                                  c:/program files (x86)/atmel/studio/7.0/toolchain/arm/arm-gnu-toolchain/bin/../lib/gcc/arm-none-eabi/5.3.1/../../../../arm-none-eabi/lib/armv7e-m\libc.a(lib_a-exit.o)
__deregister_frame_info                           c:/program files (x86)/atmel/studio/7.0/toolchain/arm/arm-gnu-toolchain/bin/../lib/gcc/arm-none-eabi/5.3.1/armv7e-m/crtbegin.o
__dso_handle                                      c:/program files (x86)/atmel/studio/7.0/toolchain/arm/arm-gnu-toolchain/bin/../lib/gcc/arm-none-eabi/5.3.1/armv7e-m/crtbegin.o
__fini_array_end                                  c:/program files (x86)/atmel/studio/7.0/toolchain/arm/arm-gnu-toolchain/bin/../lib/gcc/arm-none-eabi/5.3.1/../../../../arm-none-eabi/lib/armv7e-m\libc.a(lib_a-fini.o)
__fini_array_start                                c:/program files (x86)/atmel/studio/7.0/toolchain/arm/arm-gnu-toolchain/bin/../lib/gcc/arm-none-eabi/5.3.1/../../../../arm-none-eabi/lib/armv7e-m\libc.a(lib_a-fini.o)
__fp_lock_all                                     c:/program files (x86)/atmel/studio/7.0/toolchain/arm/arm-gnu-toolchain/bin/../lib/gcc/arm-none-eabi/5.3.1/../../../../arm-none-eabi/lib/armv7e-m\libc.a(lib_a-findfp.o)
__fp_unlock_all                                   c:/program files (x86)/atmel/studio/7.0/toolchain/arm/arm-gnu-toolchain/bin/../lib/gcc/arm-none-eabi/5.3.1/../../../../arm-none-eabi/lib/armv7e-m\libc.a(lib_a-findfp.o)
__init_array_end                                  c:/program files (x86)/atmel/studio/7.0/toolchain/arm/arm-gnu-toolchain/bin/../lib/gcc/arm-none-eabi/5.3.1/../../../../arm-none-eabi/lib/armv7e-m\libc.a(lib_a-init.o)
__init_array_start                                c:/program files (x86)/atmel/studio/7.0/toolchain/arm/arm-gnu-toolchain/bin/../lib/gcc/arm-none-eabi/5.3.1/../../../../arm-none-eabi/lib/armv7e-m\libc.a(lib_a-init.o)
__libc_fini                                       c:/program files (x86)/atmel/studio/7.0/toolchain/arm/arm-gnu-toolchain/bin/../lib/gcc/arm-none-eabi/5.3.1/../../../../arm-none-eabi/lib/armv7e-m\libc.a(lib_a-__call_atexit.o)
__libc_fini_array                                 c:/program files (x86)/atmel/studio/7.0/toolchain/arm/arm-gnu-toolchain/bin/../lib/gcc/arm-none-eabi/5.3.1/../../../../arm-none-eabi/lib/armv7e-m\libc.a(lib_a-fini.o)
                                                  c:/program files (x86)/atmel/studio/7.0/toolchain/arm/arm-gnu-toolchain/bin/../lib/gcc/arm-none-eabi/5.3.1/../../../../arm-none-eabi/lib/armv7e-m\libc.a(lib_a-__call_atexit.o)
                                                  c:/program files (x86)/atmel/studio/7.0/toolchain/arm/arm-gnu-toolchain/bin/../lib/gcc/arm-none-eabi/5.3.1/../../../../arm-none-eabi/lib/armv7e-m/crt0.o
__libc_init_array                                 c:/program files (x86)/atmel/studio/7.0/toolchain/arm/arm-gnu-toolchain/bin/../lib/gcc/arm-none-eabi/5.3.1/../../../../arm-none-eabi/lib/armv7e-m\libc.a(lib_a-init.o)
                                                  src/ASF/sam/utils/cmsis/same70/source/templates/gcc/startup_same70.o
                                                  c:/program files (x86)/atmel/studio/7.0/toolchain/arm/arm-gnu-toolchain/bin/../lib/gcc/arm-none-eabi/5.3.1/../../../../arm-none-eabi/lib/armv7e-m/crt0.o
__malloc_av_                                      c:/program files (x86)/atmel/studio/7.0/toolchain/arm/arm-gnu-toolchain/bin/../lib/gcc/arm-none-eabi/5.3.1/../../../../arm-none-eabi/lib/armv7e-m\libc.a(lib_a-mallocr.o)
                                                  c:/program files (x86)/atmel/studio/7.0/toolchain/arm/arm-gnu-toolchain/bin/../lib/gcc/arm-none-eabi/5.3.1/../../../../arm-none-eabi/lib/armv7e-m\libc.a(lib_a-reallocr.o)
                                                  c:/program files (x86)/atmel/studio/7.0/toolchain/arm/arm-gnu-toolchain/bin/../lib/gcc/arm-none-eabi/5.3.1/../../../../arm-none-eabi/lib/armv7e-m\libc.a(lib_a-freer.o)
__malloc_current_mallinfo                         c:/program files (x86)/atmel/studio/7.0/toolchain/arm/arm-gnu-toolchain/bin/../lib/gcc/arm-none-eabi/5.3.1/../../../../arm-none-eabi/lib/armv7e-m\libc.a(lib_a-mallocr.o)
                                                  c:/program files (x86)/atmel/studio/7.0/toolchain/arm/arm-gnu-toolchain/bin/../lib/gcc/arm-none-eabi/5.3.1/../../../../arm-none-eabi/lib/armv7e-m\libc.a(lib_a-freer.o)
__malloc_lock                                     c:/program files (x86)/atmel/studio/7.0/toolchain/arm/arm-gnu-toolchain/bin/../lib/gcc/arm-none-eabi/5.3.1/../../../../arm-none-eabi/lib/armv7e-m\libc.a(lib_a-mlock.o)
                                                  c:/program files (x86)/atmel/studio/7.0/toolchain/arm/arm-gnu-toolchain/bin/../lib/gcc/arm-none-eabi/5.3.1/../../../../arm-none-eabi/lib/armv7e-m\libc.a(lib_a-reallocr.o)
                                                  c:/program files (x86)/atmel/studio/7.0/toolchain/arm/arm-gnu-toolchain/bin/../lib/gcc/arm-none-eabi/5.3.1/../../../../arm-none-eabi/lib/armv7e-m\libc.a(lib_a-mallocr.o)